82.6.63.188 - - [10/May/2013:21:32:28 +0000] "GET /apple-touch-icon.png HTTP/1.1" 404 168 "-" "Reeder/1.5.7 CFNetwork/609.1.4 Darwin/13.0.0"
82.6.63.188 - - [10/May/2013:21:32:28 +0000] "GET /apple-touch-icon-precomposed.png HTTP/1.1" 404 168 "-" "Reeder/1.5.7 CFNetwork/609.1.4 Darwin/13.0.0"
85.133.69.235 - - [10/May/2013:21:39:56 +0000] "GET /blog/?feed=comments-rss2 HTTP/1.1" 404 168 "-" "Flavors.me Feed Plugin"
208.115.113.86 - - [10/May/2013:22:23:03 +0000] "GET /robots.txt HTTP/1.1" 404 168 "-" "Mozilla/5.0 (compatible; Ezooms/1.0; ezooms.bot@gmail.com)"
85.133.69.238 - - [10/May/2013:22:23:39 +0000] "GET /blog/?feed=comments-rss2 HTTP/1.1" 404 168 "-" "Flavors.me Feed Plugin"
207.189.121.44 - - [10/May/2013:22:29:49 +0000] "GET /favicon.ico HTTP/1.1" 404 168 "-" "Mozilla/5.0 (Windows; U; Windows NT 5.1; en-US; rv:1.9.2.8) Gecko/20100721 Firefox/3.6.8"
85.133.69.219 - - [10/May/2013:23:16:45 +0000] "GET /blog/?feed=comments-rss2 HTTP/1.1" 404 168 "-" "Flavors.me Feed Plugin"
85.133.69.215 - - [10/May/2013:23:50:41 +0000] "GET /blog/?feed=comments-rss2 HTTP/1.1" 404 168 "-" "Flavors.me Feed Plugin"
208.115.113.86 - - [10/May/2013:23:52:08 +0000] "GET /blog/?feed=rss2&tag=raspberrypi HTTP/1.1" 404 168 "-" "Mozilla/5.0 (compatible; Ezooms/1.0; ezooms.bot@gmail.com)"
80.57.78.214 - - [10/May/2013:23:53:36 +0000] "GET /robots.txt HTTP/1.0" 404 168 "-" "Mozilla/5.0 (compatible; MJ12bot/v1.4.3; http://www.majestic12.co.uk/bot.php?+)"
80.57.78.214 - - [10/May/2013:23:53:38 +0000] "GET / HTTP/1.0" 200 733 "-" "Mozilla/5.0 (compatible; MJ12bot/v1.4.3; http://www.majestic12.co.uk/bot.php?+)"
157.56.229.244 - - [11/May/2013:00:23:40 +0000] "GET /robots.txt HTTP/1.1" 404 168 "-" "Mozilla/5.0 (compatible; bingbot/2.0; +http://www.bing.com/bingbot.htm)"
157.56.229.244 - - [11/May/2013:00:26:01 +0000] "GET / HTTP/1.1" 200 733 "-" "Mozilla/5.0 (compatible; bingbot/2.0; +http://www.bing.com/bingbot.htm)"
85.133.69.215 - - [11/May/2013:00:34:41 +0000] "GET /blog/?feed=comments-rss2 HTTP/1.1" 404 168 "-" "Flavors.me Feed Plugin"
85.133.69.219 - - [11/May/2013:01:26:06 +0000] "GET /blog/?feed=comments-rss2 HTTP/1.1" 404 168 "-" "Flavors.me Feed Plugin"
157.55.33.123 - - [11/May/2013:01:36:19 +0000] "GET /robots.txt HTTP/1.1" 404 168 "-" "Mozilla/5.0 (compatible; bingbot/2.0; +http://www.bing.com/bingbot.htm)"
65.55.55.231 - - [11/May/2013:01:36:36 +0000] "GET /robots.txt HTTP/1.1" 404 168 "-" "Mozilla/5.0 (compatible; bingbot/2.0; +http://www.bing.com/bingbot.htm)"
157.55.33.123 - - [11/May/2013:01:38:16 +0000] "GET /blog/ HTTP/1.1" 404 168 "-" "Mozilla/5.0 (compatible; bingbot/2.0; +http://www.bing.com/bingbot.htm)"
65.55.55.231 - - [11/May/2013:01:38:27 +0000] "GET /blog/?m=201207 HTTP/1.1" 404 168 "-" "Mozilla/5.0 (compatible; bingbot/2.0; +http://www.bing.com/bingbot.htm)"
109.109.254.138 - - [11/May/2013:01:56:15 +0000] "GET /blog/?feed=rss2 HTTP/1.1" 404 168 "-" "SocialSearcher/0.1  Mozilla/5.0"
85.133.69.235 - - [11/May/2013:02:07:41 +0000] "GET /blog/?feed=comments-rss2 HTTP/1.1" 404 168 "-" "Flavors.me Feed Plugin"
85.133.69.238 - - [11/May/2013:03:34:01 +0000] "GET /blog/?feed=comments-rss2 HTTP/1.1" 404 168 "-" "Flavors.me Feed Plugin"
180.76.6.36 - - [11/May/2013:04:13:56 +0000] "GET /robots.txt HTTP/1.1" 404 168 "-" "Mozilla/5.0 (Windows NT 5.1; rv:6.0.2) Gecko/20100101 Firefox/6.0.2"
85.133.69.215 - - [11/May/2013:04:33:20 +0000] "GET /blog/?feed=comments-rss2 HTTP/1.1" 404 168 "-" "Flavors.me Feed Plugin"
85.133.69.215 - - [11/May/2013:05:06:18 +0000] "GET /blog/?feed=comments-rss2 HTTP/1.1" 404 168 "-" "Flavors.me Feed Plugin"
208.115.111.75 - - [11/May/2013:05:45:39 +0000] "GET /robots.txt HTTP/1.1" 404 168 "-" "Mozilla/5.0 (compatible; Ezooms/1.0; ezooms.bot@gmail.com)"
85.133.69.215 - - [11/May/2013:05:52:24 +0000] "GET /blog/?feed=comments-rss2 HTTP/1.1" 404 168 "-" "Flavors.me Feed Plugin"
85.133.69.238 - - [11/May/2013:06:34:23 +0000] "GET /blog/?feed=comments-rss2 HTTP/1.1" 404 168 "-" "Flavors.me Feed Plugin"
173.199.118.35 - - [11/May/2013:06:35:18 +0000] "GET /cgi-sys/suspendedpage.cgi?tag=rooting HTTP/1.1" 404 168 "-" "Mozilla/5.0 (compatible; AhrefsBot/4.0; +http://ahrefs.com/robot/)"
173.199.118.35 - - [11/May/2013:07:03:58 +0000] "GET /blog/?cat=11 HTTP/1.1" 404 168 "-" "Mozilla/5.0 (compatible; AhrefsBot/4.0; +http://ahrefs.com/robot/)"
208.115.111.75 - - [11/May/2013:07:06:30 +0000] "GET /blog/?p=188 HTTP/1.1" 404 168 "-" "Mozilla/5.0 (compatible; Ezooms/1.0; ezooms.bot@gmail.com)"
173.199.118.35 - - [11/May/2013:07:19:15 +0000] "GET /blog/?tag=rooting HTTP/1.1" 404 168 "-" "Mozilla/5.0 (compatible; AhrefsBot/4.0; +http://ahrefs.com/robot/)"
85.133.69.238 - - [11/May/2013:07:21:41 +0000] "GET /blog/?feed=comments-rss2 HTTP/1.1" 404 168 "-" "Flavors.me Feed Plugin"
157.55.35.82 - - [11/May/2013:07:34:13 +0000] "GET /robots.txt HTTP/1.1" 404 168 "-" "Mozilla/5.0 (compatible; bingbot/2.0; +http://www.bing.com/bingbot.htm)"
157.55.35.82 - - [11/May/2013:07:36:21 +0000] "GET / HTTP/1.1" 200 733 "-" "Mozilla/5.0 (compatible; bingbot/2.0; +http://www.bing.com/bingbot.htm)"
85.133.69.217 - - [11/May/2013:08:03:32 +0000] "GET /blog/?feed=comments-rss2 HTTP/1.1" 404 168 "-" "Flavors.me Feed Plugin"
173.199.118.35 - - [11/May/2013:08:04:33 +0000] "GET /blog/?tag=arm HTTP/1.1" 404 168 "-" "Mozilla/5.0 (compatible; AhrefsBot/4.0; +http://ahrefs.com/robot/)"
208.115.111.70 - - [11/May/2013:08:24:01 +0000] "GET /robots.txt HTTP/1.1" 404 168 "-" "Mozilla/5.0 (compatible; Ezooms/1.0; ezooms.bot@gmail.com)"
85.133.69.235 - - [11/May/2013:08:49:52 +0000] "GET /blog/?feed=comments-rss2 HTTP/1.1" 404 168 "-" "Flavors.me Feed Plugin"
173.199.118.35 - - [11/May/2013:08:56:21 +0000] "GET /blog/?tag=nexus HTTP/1.1" 404 168 "-" "Mozilla/5.0 (compatible; AhrefsBot/4.0; +http://ahrefs.com/robot/)"
85.133.69.217 - - [11/May/2013:09:33:36 +0000] "GET /blog/?feed=comments-rss2 HTTP/1.1" 404 168 "-" "Flavors.me Feed Plugin"
208.115.111.70 - - [11/May/2013:09:50:10 +0000] "GET /blog/?feed=rss2&tag=romming HTTP/1.1" 404 168 "-" "Mozilla/5.0 (compatible; Ezooms/1.0; ezooms.bot@gmail.com)"
208.115.111.70 - - [11/May/2013:09:50:13 +0000] "GET /blog/?tag=rooting HTTP/1.1" 404 168 "-" "Mozilla/5.0 (compatible; Ezooms/1.0; ezooms.bot@gmail.com)"
173.199.118.35 - - [11/May/2013:09:56:42 +0000] "GET /blog/?p=4 HTTP/1.1" 404 168 "-" "Mozilla/5.0 (compatible; AhrefsBot/4.0; +http://ahrefs.com/robot/)"
85.133.69.217 - - [11/May/2013:10:22:05 +0000] "GET /blog/?feed=comments-rss2 HTTP/1.1" 404 168 "-" "Flavors.me Feed Plugin"
85.133.69.217 - - [11/May/2013:11:05:11 +0000] "GET /blog/?feed=comments-rss2 HTTP/1.1" 404 168 "-" "Flavors.me Feed Plugin"
208.115.113.91 - - [11/May/2013:11:47:26 +0000] "GET /robots.txt HTTP/1.1" 404 168 "-" "Mozilla/5.0 (compatible; Ezooms/1.0; ezooms.bot@gmail.com)"
85.133.69.215 - - [11/May/2013:11:52:21 +0000] "GET /blog/?feed=comments-rss2 HTTP/1.1" 404 168 "-" "Flavors.me Feed Plugin"
173.199.118.35 - - [11/May/2013:12:17:38 +0000] "GET /blog/?p=34 HTTP/1.1" 404 168 "-" "Mozilla/5.0 (compatible; AhrefsBot/4.0; +http://ahrefs.com/robot/)"
157.56.229.244 - - [11/May/2013:12:30:20 +0000] "GET /robots.txt HTTP/1.1" 404 168 "-" "Mozilla/5.0 (compatible; bingbot/2.0; +http://www.bing.com/bingbot.htm)"
157.56.229.244 - - [11/May/2013:12:32:12 +0000] "GET / HTTP/1.1" 200 733 "-" "Mozilla/5.0 (compatible; bingbot/2.0; +http://www.bing.com/bingbot.htm)"
85.133.69.238 - - [11/May/2013:12:38:39 +0000] "GET /blog/?feed=comments-rss2 HTTP/1.1" 404 168 "-" "Flavors.me Feed Plugin"
173.199.118.35 - - [11/May/2013:13:12:25 +0000] "GET /blog/?tag=library HTTP/1.1" 404 168 "-" "Mozilla/5.0 (compatible; AhrefsBot/4.0; +http://ahrefs.com/robot/)"
208.115.113.91 - - [11/May/2013:13:14:20 +0000] "GET /blog/?feed=rss2&p=151 HTTP/1.1" 404 168 "-" "Mozilla/5.0 (compatible; Ezooms/1.0; ezooms.bot@gmail.com)"
109.109.254.138 - - [11/May/2013:13:24:30 +0000] "GET /blog/?feed=rss2 HTTP/1.1" 404 168 "-" "SocialSearcher/0.1  Mozilla/5.0"
85.133.69.235 - - [11/May/2013:13:28:43 +0000] "GET /blog/?feed=comments-rss2 HTTP/1.1" 404 168 "-" "Flavors.me Feed Plugin"
178.255.215.67 - - [11/May/2013:13:32:13 +0000] "GET /blog/xmlrpc.php?rsd HTTP/1.1" 404 168 "-" "Mozilla/5.0 (compatible; Exabot/3.0; +http://www.exabot.com/go/robot)"
173.199.118.35 - - [11/May/2013:13:44:06 +0000] "GET /blog/?author=1 HTTP/1.1" 404 168 "-" "Mozilla/5.0 (compatible; AhrefsBot/4.0; +http://ahrefs.com/robot/)"
208.115.111.75 - - [11/May/2013:13:48:48 +0000] "GET /robots.txt HTTP/1.1" 404 168 "-" "Mozilla/5.0 (compatible; Ezooms/1.0; ezooms.bot@gmail.com)"
173.199.118.35 - - [11/May/2013:14:05:23 +0000] "GET /blog/?cat=3 HTTP/1.1" 404 168 "-" "Mozilla/5.0 (compatible; AhrefsBot/4.0; +http://ahrefs.com/robot/)"
85.133.69.215 - - [11/May/2013:14:07:26 +0000] "GET /blog/?feed=comments-rss2 HTTP/1.1" 404 168 "-" "Flavors.me Feed Plugin"
173.199.118.35 - - [11/May/2013:14:25:26 +0000] "GET /blog/?p=8 HTTP/1.1" 404 168 "-" "Mozilla/5.0 (compatible; AhrefsBot/4.0; +http://ahrefs.com/robot/)"
173.199.118.35 - - [11/May/2013:14:33:31 +0000] "GET / HTTP/1.1" 200 733 "-" "Mozilla/5.0 (compatible; AhrefsBot/4.0; +http://ahrefs.com/robot/)"
85.133.69.217 - - [11/May/2013:14:51:17 +0000] "GET /blog/?feed=comments-rss2 HTTP/1.1" 404 168 "-" "Flavors.me Feed Plugin"
208.115.111.75 - - [11/May/2013:15:05:15 +0000] "GET /blog/?feed=rss2 HTTP/1.1" 404 168 "-" "Mozilla/5.0 (compatible; Ezooms/1.0; ezooms.bot@gmail.com)"
208.115.111.75 - - [11/May/2013:15:05:22 +0000] "GET /blog/?p=29 HTTP/1.1" 404 168 "-" "Mozilla/5.0 (compatible; Ezooms/1.0; ezooms.bot@gmail.com)"
109.109.254.138 - - [11/May/2013:15:29:09 +0000] "GET /blog/?feed=rss2 HTTP/1.1" 404 168 "-" "SocialSearcher/0.1  Mozilla/5.0"
85.133.69.217 - - [11/May/2013:15:38:17 +0000] "GET /blog/?feed=comments-rss2 HTTP/1.1" 404 168 "-" "Flavors.me Feed Plugin"
208.115.113.91 - - [11/May/2013:15:48:45 +0000] "GET /robots.txt HTTP/1.1" 404 168 "-" "Mozilla/5.0 (compatible; Ezooms/1.0; ezooms.bot@gmail.com)"
157.55.35.82 - - [11/May/2013:16:21:09 +0000] "GET /robots.txt HTTP/1.1" 404 168 "-" "Mozilla/5.0 (compatible; bingbot/2.0; +http://www.bing.com/bingbot.htm)"
173.199.118.35 - - [11/May/2013:16:21:41 +0000] "GET /blog/?tag=missing HTTP/1.1" 404 168 "-" "Mozilla/5.0 (compatible; AhrefsBot/4.0; +http://ahrefs.com/robot/)"
85.133.69.215 - - [11/May/2013:16:23:30 +0000] "GET /blog/?feed=comments-rss2 HTTP/1.1" 404 168 "-" "Flavors.me Feed Plugin"
157.55.35.82 - - [11/May/2013:16:23:42 +0000] "GET / HTTP/1.1" 200 733 "-" "Mozilla/5.0 (compatible; bingbot/2.0; +http://www.bing.com/bingbot.htm)"
85.133.69.219 - - [11/May/2013:17:07:34 +0000] "GET /blog/?feed=comments-rss2 HTTP/1.1" 404 168 "-" "Flavors.me Feed Plugin"
208.115.113.91 - - [11/May/2013:17:16:47 +0000] "GET /blog/?m=201010 HTTP/1.1" 404 168 "-" "Mozilla/5.0 (compatible; Ezooms/1.0; ezooms.bot@gmail.com)"
85.133.69.219 - - [11/May/2013:17:49:58 +0000] "GET /blog/?feed=comments-rss2 HTTP/1.1" 404 168 "-" "Flavors.me Feed Plugin"
82.6.63.188 - - [11/May/2013:18:16:50 +0000] "GET / HTTP/1.1" 200 733 "-" "Reeder/1.5.7 CFNetwork/609.1.4 Darwin/13.0.0"
82.6.63.188 - - [11/May/2013:18:16:50 +0000] "GET /favicon.ico HTTP/1.1" 404 168 "-" "Reeder/1.5.7 CFNetwork/609.1.4 Darwin/13.0.0"
82.6.63.188 - - [11/May/2013:18:16:50 +0000] "GET /apple-touch-icon.png HTTP/1.1" 404 168 "-" "Reeder/1.5.7 CFNetwork/609.1.4 Darwin/13.0.0"
82.6.63.188 - - [11/May/2013:18:16:50 +0000] "GET /apple-touch-icon-precomposed.png HTTP/1.1" 404 168 "-" "Reeder/1.5.7 CFNetwork/609.1.4 Darwin/13.0.0"
85.133.69.238 - - [11/May/2013:18:39:29 +0000] "GET /blog/?feed=comments-rss2 HTTP/1.1" 404 168 "-" "Flavors.me Feed Plugin"
85.133.69.235 - - [11/May/2013:19:19:36 +0000] "GET /blog/?feed=comments-rss2 HTTP/1.1" 404 168 "-" "Flavors.me Feed Plugin"
85.133.69.215 - - [11/May/2013:20:05:48 +0000] "GET /blog/?feed=comments-rss2 HTTP/1.1" 404 168 "-" "Flavors.me Feed Plugin"
208.115.111.70 - - [11/May/2013:20:24:48 +0000] "GET /robots.txt HTTP/1.1" 404 168 "-" "Mozilla/5.0 (compatible; Ezooms/1.0; ezooms.bot@gmail.com)"
123.151.148.156 - - [11/May/2013:20:37:18 +0000] "GET /robots.txt HTTP/1.1" 404 168 "-" "Sosospider+(+http://help.soso.com/webspider.htm)"
180.76.5.158 - - [11/May/2013:20:40:59 +0000] "GET /robots.txt HTTP/1.1" 404 168 "-" "Mozilla/5.0 (Windows NT 5.1; rv:6.0.2) Gecko/20100101 Firefox/6.0.2"
85.133.69.235 - - [11/May/2013:20:48:07 +0000] "GET /blog/?feed=comments-rss2 HTTP/1.1" 404 168 "-" "Flavors.me Feed Plugin"
82.6.63.188 - - [11/May/2013:21:14:17 +0000] "GET / HTTP/1.1" 200 733 "-" "Reeder/1.5.7 CFNetwork/609.1.4 Darwin/13.0.0"
82.6.63.188 - - [11/May/2013:21:14:17 +0000] "GET /favicon.ico HTTP/1.1" 404 168 "-" "Reeder/1.5.7 CFNetwork/609.1.4 Darwin/13.0.0"
82.6.63.188 - - [11/May/2013:21:14:17 +0000] "GET /apple-touch-icon.png HTTP/1.1" 404 168 "-" "Reeder/1.5.7 CFNetwork/609.1.4 Darwin/13.0.0"
82.6.63.188 - - [11/May/2013:21:14:17 +0000] "GET /apple-touch-icon-precomposed.png HTTP/1.1" 404 168 "-" "Reeder/1.5.7 CFNetwork/609.1.4 Darwin/13.0.0"
82.6.63.188 - - [11/May/2013:21:25:40 +0000] "GET / HTTP/1.1" 200 733 "-" "Reeder/1.5.7 CFNetwork/609.1.4 Darwin/13.0.0"
82.6.63.188 - - [11/May/2013:21:25:40 +0000] "GET /favicon.ico HTTP/1.1" 404 168 "-" "Reeder/1.5.7 CFNetwork/609.1.4 Darwin/13.0.0"
82.6.63.188 - - [11/May/2013:21:25:40 +0000] "GET /apple-touch-icon.png HTTP/1.1" 404 168 "-" "Reeder/1.5.7 CFNetwork/609.1.4 Darwin/13.0.0"
82.6.63.188 - - [11/May/2013:21:25:41 +0000] "GET /apple-touch-icon-precomposed.png HTTP/1.1" 404 168 "-" "Reeder/1.5.7 CFNetwork/609.1.4 Darwin/13.0.0"
85.133.69.238 - - [11/May/2013:21:33:32 +0000] "GET /blog/?feed=comments-rss2 HTTP/1.1" 404 168 "-" "Flavors.me Feed Plugin"
173.199.118.35 - - [11/May/2013:21:39:07 +0000] "GET /blog/?m=201206 HTTP/1.1" 404 168 "-" "Mozilla/5.0 (compatible; AhrefsBot/4.0; +http://ahrefs.com/robot/)"
82.6.63.188 - - [11/May/2013:21:39:37 +0000] "GET / HTTP/1.1" 200 733 "-" "Reeder/1.5.7 CFNetwork/609.1.4 Darwin/13.0.0"
82.6.63.188 - - [11/May/2013:21:39:37 +0000] "GET /favicon.ico HTTP/1.1" 404 168 "-" "Reeder/1.5.7 CFNetwork/609.1.4 Darwin/13.0.0"
82.6.63.188 - - [11/May/2013:21:39:37 +0000] "GET /apple-touch-icon.png HTTP/1.1" 404 168 "-" "Reeder/1.5.7 CFNetwork/609.1.4 Darwin/13.0.0"
82.6.63.188 - - [11/May/2013:21:39:37 +0000] "GET /apple-touch-icon-precomposed.png HTTP/1.1" 404 168 "-" "Reeder/1.5.7 CFNetwork/609.1.4 Darwin/13.0.0"
208.115.111.70 - - [11/May/2013:21:49:42 +0000] "GET /blog/?feed=comments-rss2 HTTP/1.1" 404 168 "-" "Mozilla/5.0 (compatible; Ezooms/1.0; ezooms.bot@gmail.com)"
85.133.69.235 - - [11/May/2013:22:18:33 +0000] "GET /blog/?feed=comments-rss2 HTTP/1.1" 404 168 "-" "Flavors.me Feed Plugin"
66.249.76.40 - - [11/May/2013:22:55:53 +0000] "GET /robots.txt HTTP/1.1" 404 168 "-" "Mozilla/5.0 (compatible; Googlebot/2.1; +http://www.google.com/bot.html)"
66.249.76.40 - - [11/May/2013:22:55:53 +0000] "GET / HTTP/1.1" 200 733 "-" "Mozilla/5.0 (compatible; Googlebot/2.1; +http://www.google.com/bot.html)"
66.249.76.218 - - [11/May/2013:22:56:10 +0000] "GET /robots.txt HTTP/1.1" 404 168 "-" "Mozilla/5.0 (compatible; Googlebot/2.1; +http://www.google.com/bot.html)"
66.249.76.218 - - [11/May/2013:22:56:10 +0000] "GET / HTTP/1.1" 200 733 "-" "Mozilla/5.0 (compatible; Googlebot/2.1; +http://www.google.com/bot.html)"
66.249.76.218 - - [11/May/2013:23:29:23 +0000] "GET /blog/?cat=11 HTTP/1.1" 404 168 "-" "DoCoMo/2.0 N905i(c100;TB;W24H16) (compatible; Googlebot-Mobile/2.1; +http://www.google.com/bot.html)"
2.173.166.196 - - [11/May/2013:23:42:38 +0000] "GET /blog/?p=22 HTTP/1.1" 404 570 "http://archlinuxarm.org/forum/viewtopic.php?t=3186" "Mozilla/5.0 (X11; Linux x86_64) AppleWebKit/537.11 (KHTML, like Gecko) Chrome/23.0.1271.64 Safari/537.11"
2.173.166.196 - - [11/May/2013:23:42:39 +0000] "GET /favicon.ico HTTP/1.1" 404 570 "-" "Mozilla/5.0 (X11; Linux x86_64) AppleWebKit/537.11 (KHTML, like Gecko) Chrome/23.0.1271.64 Safari/537.11"
2.173.166.196 - - [11/May/2013:23:42:48 +0000] "GET / HTTP/1.1" 200 733 "-" "Mozilla/5.0 (X11; Linux x86_64) AppleWebKit/537.11 (KHTML, like Gecko) Chrome/23.0.1271.64 Safari/537.11"
2.173.166.196 - - [11/May/2013:23:42:48 +0000] "GET /static/css/style.css HTTP/1.1" 200 507 "http://christopher-gwilliams.com/" "Mozilla/5.0 (X11; Linux x86_64) AppleWebKit/537.11 (KHTML, like Gecko) Chrome/23.0.1271.64 Safari/537.11"
2.173.166.196 - - [11/May/2013:23:42:48 +0000] "GET /static/js/functions.js HTTP/1.1" 200 370 "http://christopher-gwilliams.com/" "Mozilla/5.0 (X11; Linux x86_64) AppleWebKit/537.11 (KHTML, like Gecko) Chrome/23.0.1271.64 Safari/537.11"
2.173.166.196 - - [11/May/2013:23:42:50 +0000] "GET /static/media/me.png HTTP/1.1" 200 276030 "http://christopher-gwilliams.com/" "Mozilla/5.0 (X11; Linux x86_64) AppleWebKit/537.11 (KHTML, like Gecko) Chrome/23.0.1271.64 Safari/537.11"
2.173.166.196 - - [11/May/2013:23:42:50 +0000] "GET /favicon.ico HTTP/1.1" 404 570 "-" "Mozilla/5.0 (X11; Linux x86_64) AppleWebKit/537.11 (KHTML, like Gecko) Chrome/23.0.1271.64 Safari/537.11"
2.173.166.196 - - [11/May/2013:23:42:57 +0000] "GET /favicon.ico HTTP/1.1" 404 570 "-" "Mozilla/5.0 (X11; Linux x86_64) AppleWebKit/537.11 (KHTML, like Gecko) Chrome/23.0.1271.64 Safari/537.11"
207.241.229.207 - - [11/May/2013:23:43:58 +0000] "GET /blog/?p=22 HTTP/1.1" 404 168 "-" "ia_archiver(OS-Wayback)"
85.133.69.235 - - [11/May/2013:23:55:20 +0000] "GET /blog/?feed=comments-rss2 HTTP/1.1" 404 168 "-" "Flavors.me Feed Plugin"
157.56.229.244 - - [12/May/2013:00:26:59 +0000] "GET /robots.txt HTTP/1.1" 404 168 "-" "Mozilla/5.0 (compatible; bingbot/2.0; +http://www.bing.com/bingbot.htm)"
157.56.229.244 - - [12/May/2013:00:31:26 +0000] "GET / HTTP/1.1" 200 733 "-" "Mozilla/5.0 (compatible; bingbot/2.0; +http://www.bing.com/bingbot.htm)"
85.133.69.219 - - [12/May/2013:00:35:57 +0000] "GET /blog/?feed=comments-rss2 HTTP/1.1" 404 168 "-" "Flavors.me Feed Plugin"
66.249.76.40 - - [12/May/2013:00:40:19 +0000] "GET / HTTP/1.1" 200 733 "-" "Mozilla/5.0 (compatible; Googlebot/2.1; +http://www.google.com/bot.html)"
66.249.76.218 - - [12/May/2013:00:45:24 +0000] "GET / HTTP/1.1" 200 733 "-" "Mozilla/5.0 (compatible; Googlebot/2.1; +http://www.google.com/bot.html)"
173.199.118.35 - - [12/May/2013:00:50:48 +0000] "GET /cgi-sys/suspendedpage.cgi?tag=sqlite HTTP/1.1" 404 168 "-" "Mozilla/5.0 (compatible; AhrefsBot/4.0; +http://ahrefs.com/robot/)"
66.249.76.40 - - [12/May/2013:01:49:30 +0000] "GET /static/css/style.css HTTP/1.1" 200 507 "-" "Mozilla/5.0 (compatible; Googlebot/2.1; +http://www.google.com/bot.html)"
85.133.69.217 - - [12/May/2013:02:06:07 +0000] "GET /blog/?feed=comments-rss2 HTTP/1.1" 404 168 "-" "Flavors.me Feed Plugin"
85.133.69.219 - - [12/May/2013:02:51:12 +0000] "GET /blog/?feed=comments-rss2 HTTP/1.1" 404 168 "-" "Flavors.me Feed Plugin"
173.199.118.35 - - [12/May/2013:03:34:43 +0000] "GET /blog/?m=201207 HTTP/1.1" 404 168 "-" "Mozilla/5.0 (compatible; AhrefsBot/4.0; +http://ahrefs.com/robot/)"
173.199.118.35 - - [12/May/2013:03:38:10 +0000] "GET /blog/wp-login.php HTTP/1.1" 404 168 "-" "Mozilla/5.0 (compatible; AhrefsBot/4.0; +http://ahrefs.com/robot/)"
85.133.69.215 - - [12/May/2013:03:40:56 +0000] "GET /blog/?feed=comments-rss2 HTTP/1.1" 404 168 "-" "Flavors.me Feed Plugin"
85.133.69.217 - - [12/May/2013:04:22:55 +0000] "GET /blog/?feed=comments-rss2 HTTP/1.1" 404 168 "-" "Flavors.me Feed Plugin"
157.55.35.82 - - [12/May/2013:04:53:11 +0000] "GET /robots.txt HTTP/1.1" 404 168 "-" "Mozilla/5.0 (compatible; bingbot/2.0; +http://www.bing.com/bingbot.htm)"
157.55.35.82 - - [12/May/2013:04:56:26 +0000] "GET / HTTP/1.1" 200 733 "-" "Mozilla/5.0 (compatible; bingbot/2.0; +http://www.bing.com/bingbot.htm)"
66.249.76.40 - - [12/May/2013:05:06:24 +0000] "GET /blog/?cat=6 HTTP/1.1" 404 168 "-" "Mozilla/5.0 (compatible; Googlebot/2.1; +http://www.google.com/bot.html)"
85.133.69.235 - - [12/May/2013:05:11:39 +0000] "GET /blog/?feed=comments-rss2 HTTP/1.1" 404 168 "-" "Flavors.me Feed Plugin"
82.6.63.188 - - [12/May/2013:06:05:00 +0000] "GET / HTTP/1.1" 200 733 "-" "Reeder/1.5.7 CFNetwork/609.1.4 Darwin/13.0.0"
82.6.63.188 - - [12/May/2013:06:05:00 +0000] "GET /favicon.ico HTTP/1.1" 404 168 "-" "Reeder/1.5.7 CFNetwork/609.1.4 Darwin/13.0.0"
82.6.63.188 - - [12/May/2013:06:05:00 +0000] "GET /apple-touch-icon.png HTTP/1.1" 404 168 "-" "Reeder/1.5.7 CFNetwork/609.1.4 Darwin/13.0.0"
82.6.63.188 - - [12/May/2013:06:05:00 +0000] "GET /apple-touch-icon-precomposed.png HTTP/1.1" 404 168 "-" "Reeder/1.5.7 CFNetwork/609.1.4 Darwin/13.0.0"
178.154.243.115 - - [12/May/2013:06:07:22 +0000] "GET /robots.txt HTTP/1.1" 404 168 "-" "Mozilla/5.0 (compatible; YandexBot/3.0; +http://yandex.com/bots)"
173.199.118.35 - - [12/May/2013:06:17:55 +0000] "GET /blog/wp-comments-post.php HTTP/1.1" 404 168 "-" "Mozilla/5.0 (compatible; AhrefsBot/4.0; +http://ahrefs.com/robot/)"
85.133.69.215 - - [12/May/2013:06:36:02 +0000] "GET /blog/?feed=comments-rss2 HTTP/1.1" 404 168 "-" "Flavors.me Feed Plugin"
208.115.113.86 - - [12/May/2013:06:36:09 +0000] "GET /robots.txt HTTP/1.1" 404 168 "-" "Mozilla/5.0 (compatible; Ezooms/1.0; ezooms.bot@gmail.com)"
180.76.5.25 - - [12/May/2013:06:39:24 +0000] "GET /blog/?feed=rss2 HTTP/1.1" 404 168 "-" "Mozilla/5.0 (compatible; Baiduspider/2.0; +http://www.baidu.com/search/spider.html)"
94.102.150.50 - - [12/May/2013:06:47:16 +0000] "GET /blog/?feed=rss2 HTTP/1.1" 404 168 "-" "SocialSearcher/0.1  Mozilla/5.0"
173.199.118.35 - - [12/May/2013:06:52:32 +0000] "GET /blog/?tag=raspberrypi HTTP/1.1" 404 168 "-" "Mozilla/5.0 (compatible; AhrefsBot/4.0; +http://ahrefs.com/robot/)"
82.6.63.188 - - [12/May/2013:06:54:20 +0000] "GET / HTTP/1.1" 200 733 "-" "Reeder/1.5.7 CFNetwork/609.1.4 Darwin/13.0.0"
82.6.63.188 - - [12/May/2013:06:54:20 +0000] "GET /favicon.ico HTTP/1.1" 404 168 "-" "Reeder/1.5.7 CFNetwork/609.1.4 Darwin/13.0.0"
82.6.63.188 - - [12/May/2013:06:54:20 +0000] "GET /apple-touch-icon.png HTTP/1.1" 404 168 "-" "Reeder/1.5.7 CFNetwork/609.1.4 Darwin/13.0.0"
82.6.63.188 - - [12/May/2013:06:54:21 +0000] "GET /apple-touch-icon-precomposed.png HTTP/1.1" 404 168 "-" "Reeder/1.5.7 CFNetwork/609.1.4 Darwin/13.0.0"
85.133.69.219 - - [12/May/2013:07:25:12 +0000] "GET /blog/?feed=comments-rss2 HTTP/1.1" 404 168 "-" "Flavors.me Feed Plugin"
208.115.113.91 - - [12/May/2013:07:48:57 +0000] "GET /robots.txt HTTP/1.1" 404 168 "-" "Mozilla/5.0 (compatible; Ezooms/1.0; ezooms.bot@gmail.com)"
173.199.118.35 - - [12/May/2013:07:58:33 +0000] "GET /blog/wp-login.php?action=lostpassword HTTP/1.1" 404 168 "-" "Mozilla/5.0 (compatible; AhrefsBot/4.0; +http://ahrefs.com/robot/)"
208.115.113.86 - - [12/May/2013:08:00:41 +0000] "GET /blog/?author=1 HTTP/1.1" 404 168 "-" "Mozilla/5.0 (compatible; Ezooms/1.0; ezooms.bot@gmail.com)"
85.133.69.217 - - [12/May/2013:08:01:58 +0000] "GET /blog/?feed=comments-rss2 HTTP/1.1" 404 168 "-" "Flavors.me Feed Plugin"
180.76.5.50 - - [12/May/2013:08:20:47 +0000] "GET /robots.txt HTTP/1.1" 404 168 "-" "Mozilla/5.0 (Windows NT 5.1; rv:6.0.2) Gecko/20100101 Firefox/6.0.2"
178.154.243.115 - - [12/May/2013:08:33:36 +0000] "GET / HTTP/1.1" 200 733 "-" "Mozilla/5.0 (compatible; YandexBot/3.0; +http://yandex.com/bots)"
85.133.69.215 - - [12/May/2013:08:52:10 +0000] "GET /blog/?feed=comments-rss2 HTTP/1.1" 404 168 "-" "Flavors.me Feed Plugin"
173.199.118.35 - - [12/May/2013:09:03:24 +0000] "GET /blog/?feed=rss2 HTTP/1.1" 404 168 "-" "Mozilla/5.0 (compatible; AhrefsBot/4.0; +http://ahrefs.com/robot/)"
208.115.113.91 - - [12/May/2013:09:14:26 +0000] "GET /blog/?p=163 HTTP/1.1" 404 168 "-" "Mozilla/5.0 (compatible; Ezooms/1.0; ezooms.bot@gmail.com)"
85.133.69.235 - - [12/May/2013:09:29:53 +0000] "GET /blog/?feed=comments-rss2 HTTP/1.1" 404 168 "-" "Flavors.me Feed Plugin"
85.133.69.238 - - [12/May/2013:10:17:22 +0000] "GET /blog/?feed=comments-rss2 HTTP/1.1" 404 168 "-" "Flavors.me Feed Plugin"
85.133.69.219 - - [12/May/2013:10:58:54 +0000] "GET /blog/?feed=comments-rss2 HTTP/1.1" 404 168 "-" "Flavors.me Feed Plugin"
85.133.69.235 - - [12/May/2013:11:45:16 +0000] "GET /blog/?feed=comments-rss2 HTTP/1.1" 404 168 "-" "Flavors.me Feed Plugin"
157.56.229.244 - - [12/May/2013:12:16:56 +0000] "GET /robots.txt HTTP/1.1" 404 168 "-" "Mozilla/5.0 (compatible; bingbot/2.0; +http://www.bing.com/bingbot.htm)"
157.56.229.244 - - [12/May/2013:12:18:43 +0000] "GET / HTTP/1.1" 200 733 "-" "Mozilla/5.0 (compatible; bingbot/2.0; +http://www.bing.com/bingbot.htm)"
85.133.69.215 - - [12/May/2013:12:27:21 +0000] "GET /blog/?feed=comments-rss2 HTTP/1.1" 404 168 "-" "Flavors.me Feed Plugin"
85.133.69.235 - - [12/May/2013:13:18:11 +0000] "GET /blog/?feed=comments-rss2 HTTP/1.1" 404 168 "-" "Flavors.me Feed Plugin"
85.133.69.215 - - [12/May/2013:13:59:52 +0000] "GET /blog/?feed=comments-rss2 HTTP/1.1" 404 168 "-" "Flavors.me Feed Plugin"
208.115.113.86 - - [12/May/2013:14:26:03 +0000] "GET /robots.txt HTTP/1.1" 404 168 "-" "Mozilla/5.0 (compatible; Ezooms/1.0; ezooms.bot@gmail.com)"
85.133.69.235 - - [12/May/2013:14:42:12 +0000] "GET /blog/?feed=comments-rss2 HTTP/1.1" 404 168 "-" "Flavors.me Feed Plugin"
66.249.76.218 - - [12/May/2013:15:29:16 +0000] "GET /robots.txt HTTP/1.1" 404 168 "-" "Mozilla/5.0 (compatible; Googlebot/2.1; +http://www.google.com/bot.html)"
66.249.76.218 - - [12/May/2013:15:29:16 +0000] "GET /blog/ HTTP/1.1" 404 168 "-" "Mozilla/5.0 (compatible; Googlebot/2.1; +http://www.google.com/bot.html)"
66.249.76.40 - - [12/May/2013:15:30:07 +0000] "GET /robots.txt HTTP/1.1" 404 168 "-" "Mozilla/5.0 (compatible; Googlebot/2.1; +http://www.google.com/bot.html)"
66.249.76.40 - - [12/May/2013:15:30:07 +0000] "GET /blog/?p=64 HTTP/1.1" 404 168 "-" "Mozilla/5.0 (compatible; Googlebot/2.1; +http://www.google.com/bot.html)"
85.133.69.215 - - [12/May/2013:15:30:35 +0000] "GET /blog/?feed=comments-rss2 HTTP/1.1" 404 168 "-" "Flavors.me Feed Plugin"
180.76.5.166 - - [12/May/2013:15:43:41 +0000] "GET / HTTP/1.1" 304 0 "-" "Mozilla/5.0 (compatible; Baiduspider/2.0; +http://www.baidu.com/search/spider.html)"
208.115.113.86 - - [12/May/2013:15:51:56 +0000] "GET /blog/?tag=nexus HTTP/1.1" 404 168 "-" "Mozilla/5.0 (compatible; Ezooms/1.0; ezooms.bot@gmail.com)"
157.55.35.82 - - [12/May/2013:15:56:18 +0000] "GET /robots.txt HTTP/1.1" 404 168 "-" "Mozilla/5.0 (compatible; bingbot/2.0; +http://www.bing.com/bingbot.htm)"
157.55.35.82 - - [12/May/2013:16:00:31 +0000] "GET / HTTP/1.1" 200 733 "-" "Mozilla/5.0 (compatible; bingbot/2.0; +http://www.bing.com/bingbot.htm)"
85.133.69.219 - - [12/May/2013:16:13:20 +0000] "GET /blog/?feed=comments-rss2 HTTP/1.1" 404 168 "-" "Flavors.me Feed Plugin"
208.115.111.70 - - [12/May/2013:16:21:53 +0000] "GET /robots.txt HTTP/1.1" 404 168 "-" "Mozilla/5.0 (compatible; Ezooms/1.0; ezooms.bot@gmail.com)"
85.133.69.215 - - [12/May/2013:16:58:33 +0000] "GET /blog/?feed=comments-rss2 HTTP/1.1" 404 168 "-" "Flavors.me Feed Plugin"
178.154.243.115 - - [12/May/2013:17:06:54 +0000] "GET /robots.txt HTTP/1.1" 404 168 "-" "Mozilla/5.0 (compatible; YandexBot/3.0; +http://yandex.com/bots)"
66.249.76.218 - - [12/May/2013:17:07:26 +0000] "GET /blog/?author=1 HTTP/1.1" 404 168 "-" "Mozilla/5.0 (compatible; Googlebot/2.1; +http://www.google.com/bot.html)"
208.115.111.75 - - [12/May/2013:17:43:49 +0000] "GET /robots.txt HTTP/1.1" 404 168 "-" "Mozilla/5.0 (compatible; Ezooms/1.0; ezooms.bot@gmail.com)"
85.133.69.235 - - [12/May/2013:17:44:33 +0000] "GET /blog/?feed=comments-rss2 HTTP/1.1" 404 168 "-" "Flavors.me Feed Plugin"
208.115.111.70 - - [12/May/2013:17:49:51 +0000] "GET /blog/?cat=11 HTTP/1.1" 404 168 "-" "Mozilla/5.0 (compatible; Ezooms/1.0; ezooms.bot@gmail.com)"
208.115.111.70 - - [12/May/2013:17:49:54 +0000] "GET /blog/?feed=rss2&tag=android-2 HTTP/1.1" 404 168 "-" "Mozilla/5.0 (compatible; Ezooms/1.0; ezooms.bot@gmail.com)"
82.6.63.188 - - [12/May/2013:18:17:01 +0000] "GET / HTTP/1.1" 200 733 "-" "Reeder/1.5.7 CFNetwork/609.1.4 Darwin/13.0.0"
82.6.63.188 - - [12/May/2013:18:17:01 +0000] "GET /favicon.ico HTTP/1.1" 404 168 "-" "Reeder/1.5.7 CFNetwork/609.1.4 Darwin/13.0.0"
82.6.63.188 - - [12/May/2013:18:17:01 +0000] "GET /apple-touch-icon.png HTTP/1.1" 404 168 "-" "Reeder/1.5.7 CFNetwork/609.1.4 Darwin/13.0.0"
82.6.63.188 - - [12/May/2013:18:17:02 +0000] "GET /apple-touch-icon-precomposed.png HTTP/1.1" 404 168 "-" "Reeder/1.5.7 CFNetwork/609.1.4 Darwin/13.0.0"
85.133.69.238 - - [12/May/2013:18:27:18 +0000] "GET /blog/?feed=comments-rss2 HTTP/1.1" 404 168 "-" "Flavors.me Feed Plugin"
178.154.243.115 - - [12/May/2013:18:33:58 +0000] "GET / HTTP/1.1" 200 733 "-" "Mozilla/5.0 (compatible; YandexBot/3.0; +http://yandex.com/bots)"
173.199.118.35 - - [12/May/2013:18:57:08 +0000] "GET /blog/?tag=arch HTTP/1.1" 404 168 "-" "Mozilla/5.0 (compatible; AhrefsBot/4.0; +http://ahrefs.com/robot/)"
90.244.254.108 - - [12/May/2013:19:02:59 +0000] "GET / HTTP/1.1" 200 1463 "-" "Mozilla/5.0 (X11; Linux x86_64) AppleWebKit/537.31 (KHTML, like Gecko) Chrome/26.0.1410.43 Safari/537.31"
90.244.254.108 - - [12/May/2013:19:03:00 +0000] "GET /static/css/style.css HTTP/1.1" 200 507 "http://encima.co.uk/" "Mozilla/5.0 (X11; Linux x86_64) AppleWebKit/537.31 (KHTML, like Gecko) Chrome/26.0.1410.43 Safari/537.31"
90.244.254.108 - - [12/May/2013:19:03:00 +0000] "GET /static/js/functions.js HTTP/1.1" 200 370 "http://encima.co.uk/" "Mozilla/5.0 (X11; Linux x86_64) AppleWebKit/537.31 (KHTML, like Gecko) Chrome/26.0.1410.43 Safari/537.31"
90.244.254.108 - - [12/May/2013:19:03:01 +0000] "GET /static/media/me.png HTTP/1.1" 200 276030 "http://encima.co.uk/" "Mozilla/5.0 (X11; Linux x86_64) AppleWebKit/537.31 (KHTML, like Gecko) Chrome/26.0.1410.43 Safari/537.31"
90.244.254.108 - - [12/May/2013:19:03:01 +0000] "GET /favicon.ico HTTP/1.1" 404 570 "-" "Mozilla/5.0 (X11; Linux x86_64) AppleWebKit/537.31 (KHTML, like Gecko) Chrome/26.0.1410.43 Safari/537.31"
208.115.111.75 - - [12/May/2013:19:03:44 +0000] "GET /blog/?feed=rss2&p=163 HTTP/1.1" 404 168 "-" "Mozilla/5.0 (compatible; Ezooms/1.0; ezooms.bot@gmail.com)"
208.115.111.75 - - [12/May/2013:19:03:47 +0000] "GET /blog/?m=201103 HTTP/1.1" 404 168 "-" "Mozilla/5.0 (compatible; Ezooms/1.0; ezooms.bot@gmail.com)"
90.244.254.108 - - [12/May/2013:19:04:43 +0000] "GET / HTTP/1.1" 200 1463 "-" "Mozilla/5.0 (X11; Linux x86_64) AppleWebKit/537.31 (KHTML, like Gecko) Chrome/26.0.1410.43 Safari/537.31"
90.244.254.108 - - [12/May/2013:19:04:44 +0000] "GET /favicon.ico HTTP/1.1" 404 570 "-" "Mozilla/5.0 (X11; Linux x86_64) AppleWebKit/537.31 (KHTML, like Gecko) Chrome/26.0.1410.43 Safari/537.31"
90.244.254.108 - - [12/May/2013:19:10:24 +0000] "GET / HTTP/1.1" 304 0 "-" "Mozilla/5.0 (X11; Linux x86_64) AppleWebKit/537.31 (KHTML, like Gecko) Chrome/26.0.1410.43 Safari/537.31"
90.244.254.108 - - [12/May/2013:19:10:25 +0000] "GET /favicon.ico HTTP/1.1" 404 570 "-" "Mozilla/5.0 (X11; Linux x86_64) AppleWebKit/537.31 (KHTML, like Gecko) Chrome/26.0.1410.43 Safari/537.31"
90.244.254.108 - - [12/May/2013:19:10:27 +0000] "GET /favicon.ico HTTP/1.1" 404 570 "-" "Mozilla/5.0 (X11; Linux x86_64) AppleWebKit/537.31 (KHTML, like Gecko) Chrome/26.0.1410.43 Safari/537.31"
90.244.254.108 - - [12/May/2013:19:10:30 +0000] "GET /favicon.ico HTTP/1.1" 404 570 "-" "Mozilla/5.0 (X11; Linux x86_64) AppleWebKit/537.31 (KHTML, like Gecko) Chrome/26.0.1410.43 Safari/537.31"
90.244.254.108 - - [12/May/2013:19:13:32 +0000] "GET / HTTP/1.1" 200 1559 "-" "Mozilla/5.0 (X11; Linux x86_64) AppleWebKit/537.31 (KHTML, like Gecko) Chrome/26.0.1410.43 Safari/537.31"
90.244.254.108 - - [12/May/2013:19:13:32 +0000] "GET /favicon.ico HTTP/1.1" 404 570 "-" "Mozilla/5.0 (X11; Linux x86_64) AppleWebKit/537.31 (KHTML, like Gecko) Chrome/26.0.1410.43 Safari/537.31"
85.133.69.238 - - [12/May/2013:19:14:01 +0000] "GET /blog/?feed=comments-rss2 HTTP/1.1" 404 168 "-" "Flavors.me Feed Plugin"
90.244.254.108 - - [12/May/2013:19:15:31 +0000] "GET / HTTP/1.1" 200 1559 "-" "Mozilla/5.0 (X11; Linux x86_64) AppleWebKit/537.31 (KHTML, like Gecko) Chrome/26.0.1410.43 Safari/537.31"
90.244.254.108 - - [12/May/2013:19:15:31 +0000] "GET /static/css/style.css HTTP/1.1" 200 507 "http://encima.co.uk/" "Mozilla/5.0 (X11; Linux x86_64) AppleWebKit/537.31 (KHTML, like Gecko) Chrome/26.0.1410.43 Safari/537.31"
90.244.254.108 - - [12/May/2013:19:15:31 +0000] "GET /static/js/functions.js HTTP/1.1" 200 462 "http://encima.co.uk/" "Mozilla/5.0 (X11; Linux x86_64) AppleWebKit/537.31 (KHTML, like Gecko) Chrome/26.0.1410.43 Safari/537.31"
90.244.254.108 - - [12/May/2013:19:15:32 +0000] "GET /static/media/me.png HTTP/1.1" 200 276030 "http://encima.co.uk/" "Mozilla/5.0 (X11; Linux x86_64) AppleWebKit/537.31 (KHTML, like Gecko) Chrome/26.0.1410.43 Safari/537.31"
90.244.254.108 - - [12/May/2013:19:15:32 +0000] "GET /favicon.ico HTTP/1.1" 404 570 "-" "Mozilla/5.0 (X11; Linux x86_64) AppleWebKit/537.31 (KHTML, like Gecko) Chrome/26.0.1410.43 Safari/537.31"
90.244.254.108 - - [12/May/2013:19:17:29 +0000] "GET / HTTP/1.1" 200 1559 "-" "Mozilla/5.0 (X11; Linux x86_64) AppleWebKit/537.31 (KHTML, like Gecko) Chrome/26.0.1410.43 Safari/537.31"
90.244.254.108 - - [12/May/2013:19:17:29 +0000] "GET /static/css/style.css HTTP/1.1" 200 507 "http://encima.co.uk/" "Mozilla/5.0 (X11; Linux x86_64) AppleWebKit/537.31 (KHTML, like Gecko) Chrome/26.0.1410.43 Safari/537.31"
90.244.254.108 - - [12/May/2013:19:17:29 +0000] "GET /static/js/functions.js HTTP/1.1" 200 472 "http://encima.co.uk/" "Mozilla/5.0 (X11; Linux x86_64) AppleWebKit/537.31 (KHTML, like Gecko) Chrome/26.0.1410.43 Safari/537.31"
90.244.254.108 - - [12/May/2013:19:17:32 +0000] "GET /static/media/me.png HTTP/1.1" 200 276030 "http://encima.co.uk/" "Mozilla/5.0 (X11; Linux x86_64) AppleWebKit/537.31 (KHTML, like Gecko) Chrome/26.0.1410.43 Safari/537.31"
90.244.254.108 - - [12/May/2013:19:17:32 +0000] "GET /favicon.ico HTTP/1.1" 404 570 "-" "Mozilla/5.0 (X11; Linux x86_64) AppleWebKit/537.31 (KHTML, like Gecko) Chrome/26.0.1410.43 Safari/537.31"
90.244.254.108 - - [12/May/2013:19:18:26 +0000] "GET / HTTP/1.1" 200 1559 "-" "Mozilla/5.0 (X11; Linux x86_64) AppleWebKit/537.31 (KHTML, like Gecko) Chrome/26.0.1410.43 Safari/537.31"
90.244.254.108 - - [12/May/2013:19:18:27 +0000] "GET /static/css/style.css HTTP/1.1" 200 507 "http://encima.co.uk/" "Mozilla/5.0 (X11; Linux x86_64) AppleWebKit/537.31 (KHTML, like Gecko) Chrome/26.0.1410.43 Safari/537.31"
90.244.254.108 - - [12/May/2013:19:18:27 +0000] "GET /static/js/functions.js HTTP/1.1" 200 478 "http://encima.co.uk/" "Mozilla/5.0 (X11; Linux x86_64) AppleWebKit/537.31 (KHTML, like Gecko) Chrome/26.0.1410.43 Safari/537.31"
90.244.254.108 - - [12/May/2013:19:18:27 +0000] "GET /favicon.ico HTTP/1.1" 404 570 "-" "Mozilla/5.0 (X11; Linux x86_64) AppleWebKit/537.31 (KHTML, like Gecko) Chrome/26.0.1410.43 Safari/537.31"
90.244.254.108 - - [12/May/2013:19:18:27 +0000] "GET / HTTP/1.1" 200 1559 "-" "Mozilla/5.0 (X11; Linux x86_64) AppleWebKit/537.31 (KHTML, like Gecko) Chrome/26.0.1410.43 Safari/537.31"
90.244.254.108 - - [12/May/2013:19:18:27 +0000] "GET /static/css/style.css HTTP/1.1" 200 507 "http://encima.co.uk/" "Mozilla/5.0 (X11; Linux x86_64) AppleWebKit/537.31 (KHTML, like Gecko) Chrome/26.0.1410.43 Safari/537.31"
90.244.254.108 - - [12/May/2013:19:18:27 +0000] "GET /static/js/functions.js HTTP/1.1" 200 478 "http://encima.co.uk/" "Mozilla/5.0 (X11; Linux x86_64) AppleWebKit/537.31 (KHTML, like Gecko) Chrome/26.0.1410.43 Safari/537.31"
90.244.254.108 - - [12/May/2013:19:18:28 +0000] "GET /static/media/me.png HTTP/1.1" 200 276030 "http://encima.co.uk/" "Mozilla/5.0 (X11; Linux x86_64) AppleWebKit/537.31 (KHTML, like Gecko) Chrome/26.0.1410.43 Safari/537.31"
90.244.254.108 - - [12/May/2013:19:18:28 +0000] "GET /favicon.ico HTTP/1.1" 404 570 "-" "Mozilla/5.0 (X11; Linux x86_64) AppleWebKit/537.31 (KHTML, like Gecko) Chrome/26.0.1410.43 Safari/537.31"
90.244.254.108 - - [12/May/2013:19:18:59 +0000] "GET / HTTP/1.1" 200 1559 "-" "Mozilla/5.0 (X11; Linux x86_64) AppleWebKit/537.31 (KHTML, like Gecko) Chrome/26.0.1410.43 Safari/537.31"
90.244.254.108 - - [12/May/2013:19:19:00 +0000] "GET /static/css/style.css HTTP/1.1" 200 507 "http://encima.co.uk/" "Mozilla/5.0 (X11; Linux x86_64) AppleWebKit/537.31 (KHTML, like Gecko) Chrome/26.0.1410.43 Safari/537.31"
90.244.254.108 - - [12/May/2013:19:19:00 +0000] "GET /static/js/functions.js HTTP/1.1" 200 476 "http://encima.co.uk/" "Mozilla/5.0 (X11; Linux x86_64) AppleWebKit/537.31 (KHTML, like Gecko) Chrome/26.0.1410.43 Safari/537.31"
90.244.254.108 - - [12/May/2013:19:19:01 +0000] "GET /static/media/me.png HTTP/1.1" 200 276030 "http://encima.co.uk/" "Mozilla/5.0 (X11; Linux x86_64) AppleWebKit/537.31 (KHTML, like Gecko) Chrome/26.0.1410.43 Safari/537.31"
90.244.254.108 - - [12/May/2013:19:19:02 +0000] "GET /favicon.ico HTTP/1.1" 404 570 "-" "Mozilla/5.0 (X11; Linux x86_64) AppleWebKit/537.31 (KHTML, like Gecko) Chrome/26.0.1410.43 Safari/537.31"
90.244.254.108 - - [12/May/2013:19:21:11 +0000] "GET / HTTP/1.1" 200 1559 "-" "Mozilla/5.0 (X11; Linux x86_64) AppleWebKit/537.31 (KHTML, like Gecko) Chrome/26.0.1410.43 Safari/537.31"
90.244.254.108 - - [12/May/2013:19:21:12 +0000] "GET /static/css/style.css HTTP/1.1" 200 507 "http://encima.co.uk/" "Mozilla/5.0 (X11; Linux x86_64) AppleWebKit/537.31 (KHTML, like Gecko) Chrome/26.0.1410.43 Safari/537.31"
90.244.254.108 - - [12/May/2013:19:21:12 +0000] "GET /static/js/functions.js HTTP/1.1" 200 485 "http://encima.co.uk/" "Mozilla/5.0 (X11; Linux x86_64) AppleWebKit/537.31 (KHTML, like Gecko) Chrome/26.0.1410.43 Safari/537.31"
90.244.254.108 - - [12/May/2013:19:21:14 +0000] "GET /static/media/me.png HTTP/1.1" 200 276030 "http://encima.co.uk/" "Mozilla/5.0 (X11; Linux x86_64) AppleWebKit/537.31 (KHTML, like Gecko) Chrome/26.0.1410.43 Safari/537.31"
90.244.254.108 - - [12/May/2013:19:21:14 +0000] "GET /favicon.ico HTTP/1.1" 404 570 "-" "Mozilla/5.0 (X11; Linux x86_64) AppleWebKit/537.31 (KHTML, like Gecko) Chrome/26.0.1410.43 Safari/537.31"
90.244.254.108 - - [12/May/2013:19:22:53 +0000] "GET / HTTP/1.1" 200 1559 "-" "Mozilla/5.0 (X11; Linux x86_64) AppleWebKit/537.31 (KHTML, like Gecko) Chrome/26.0.1410.43 Safari/537.31"
90.244.254.108 - - [12/May/2013:19:22:53 +0000] "GET /static/css/style.css HTTP/1.1" 200 507 "http://encima.co.uk/" "Mozilla/5.0 (X11; Linux x86_64) AppleWebKit/537.31 (KHTML, like Gecko) Chrome/26.0.1410.43 Safari/537.31"
90.244.254.108 - - [12/May/2013:19:22:53 +0000] "GET /static/js/functions.js HTTP/1.1" 200 455 "http://encima.co.uk/" "Mozilla/5.0 (X11; Linux x86_64) AppleWebKit/537.31 (KHTML, like Gecko) Chrome/26.0.1410.43 Safari/537.31"
90.244.254.108 - - [12/May/2013:19:22:55 +0000] "GET /static/media/me.png HTTP/1.1" 200 276030 "http://encima.co.uk/" "Mozilla/5.0 (X11; Linux x86_64) AppleWebKit/537.31 (KHTML, like Gecko) Chrome/26.0.1410.43 Safari/537.31"
90.244.254.108 - - [12/May/2013:19:22:55 +0000] "GET /favicon.ico HTTP/1.1" 404 570 "-" "Mozilla/5.0 (X11; Linux x86_64) AppleWebKit/537.31 (KHTML, like Gecko) Chrome/26.0.1410.43 Safari/537.31"
90.244.254.108 - - [12/May/2013:19:51:50 +0000] "GET / HTTP/1.1" 200 1559 "-" "Mozilla/5.0 (X11; Linux x86_64) AppleWebKit/537.31 (KHTML, like Gecko) Chrome/26.0.1410.43 Safari/537.31"
90.244.254.108 - - [12/May/2013:19:51:51 +0000] "GET /static/css/style.css HTTP/1.1" 200 507 "http://encima.co.uk/" "Mozilla/5.0 (X11; Linux x86_64) AppleWebKit/537.31 (KHTML, like Gecko) Chrome/26.0.1410.43 Safari/537.31"
90.244.254.108 - - [12/May/2013:19:51:51 +0000] "GET /static/js/functions.js HTTP/1.1" 200 488 "http://encima.co.uk/" "Mozilla/5.0 (X11; Linux x86_64) AppleWebKit/537.31 (KHTML, like Gecko) Chrome/26.0.1410.43 Safari/537.31"
90.244.254.108 - - [12/May/2013:19:51:53 +0000] "GET /static/media/me.png HTTP/1.1" 200 276030 "http://encima.co.uk/" "Mozilla/5.0 (X11; Linux x86_64) AppleWebKit/537.31 (KHTML, like Gecko) Chrome/26.0.1410.43 Safari/537.31"
90.244.254.108 - - [12/May/2013:19:51:53 +0000] "GET /favicon.ico HTTP/1.1" 404 570 "-" "Mozilla/5.0 (X11; Linux x86_64) AppleWebKit/537.31 (KHTML, like Gecko) Chrome/26.0.1410.43 Safari/537.31"
90.244.254.108 - - [12/May/2013:19:52:28 +0000] "GET / HTTP/1.1" 200 1559 "-" "Mozilla/5.0 (X11; Linux x86_64) AppleWebKit/537.31 (KHTML, like Gecko) Chrome/26.0.1410.43 Safari/537.31"
90.244.254.108 - - [12/May/2013:19:52:28 +0000] "GET /static/css/style.css HTTP/1.1" 200 507 "http://encima.co.uk/" "Mozilla/5.0 (X11; Linux x86_64) AppleWebKit/537.31 (KHTML, like Gecko) Chrome/26.0.1410.43 Safari/537.31"
90.244.254.108 - - [12/May/2013:19:52:28 +0000] "GET /static/js/functions.js HTTP/1.1" 200 498 "http://encima.co.uk/" "Mozilla/5.0 (X11; Linux x86_64) AppleWebKit/537.31 (KHTML, like Gecko) Chrome/26.0.1410.43 Safari/537.31"
90.244.254.108 - - [12/May/2013:19:52:29 +0000] "GET /static/media/me.png HTTP/1.1" 200 276030 "http://encima.co.uk/" "Mozilla/5.0 (X11; Linux x86_64) AppleWebKit/537.31 (KHTML, like Gecko) Chrome/26.0.1410.43 Safari/537.31"
90.244.254.108 - - [12/May/2013:19:52:29 +0000] "GET /favicon.ico HTTP/1.1" 404 570 "-" "Mozilla/5.0 (X11; Linux x86_64) AppleWebKit/537.31 (KHTML, like Gecko) Chrome/26.0.1410.43 Safari/537.31"
90.244.254.108 - - [12/May/2013:19:52:46 +0000] "GET / HTTP/1.1" 200 1559 "-" "Mozilla/5.0 (X11; Linux x86_64) AppleWebKit/537.31 (KHTML, like Gecko) Chrome/26.0.1410.43 Safari/537.31"
90.244.254.108 - - [12/May/2013:19:52:46 +0000] "GET /static/css/style.css HTTP/1.1" 200 507 "http://encima.co.uk/" "Mozilla/5.0 (X11; Linux x86_64) AppleWebKit/537.31 (KHTML, like Gecko) Chrome/26.0.1410.43 Safari/537.31"
90.244.254.108 - - [12/May/2013:19:52:46 +0000] "GET /static/js/functions.js HTTP/1.1" 200 495 "http://encima.co.uk/" "Mozilla/5.0 (X11; Linux x86_64) AppleWebKit/537.31 (KHTML, like Gecko) Chrome/26.0.1410.43 Safari/537.31"
90.244.254.108 - - [12/May/2013:19:52:48 +0000] "GET /static/media/me.png HTTP/1.1" 200 276030 "http://encima.co.uk/" "Mozilla/5.0 (X11; Linux x86_64) AppleWebKit/537.31 (KHTML, like Gecko) Chrome/26.0.1410.43 Safari/537.31"
90.244.254.108 - - [12/May/2013:19:52:48 +0000] "GET /favicon.ico HTTP/1.1" 404 570 "-" "Mozilla/5.0 (X11; Linux x86_64) AppleWebKit/537.31 (KHTML, like Gecko) Chrome/26.0.1410.43 Safari/537.31"
90.244.254.108 - - [12/May/2013:19:54:02 +0000] "GET / HTTP/1.1" 200 1559 "-" "Mozilla/5.0 (X11; Linux x86_64) AppleWebKit/537.31 (KHTML, like Gecko) Chrome/26.0.1410.43 Safari/537.31"
90.244.254.108 - - [12/May/2013:19:54:03 +0000] "GET /static/css/style.css HTTP/1.1" 200 507 "http://encima.co.uk/" "Mozilla/5.0 (X11; Linux x86_64) AppleWebKit/537.31 (KHTML, like Gecko) Chrome/26.0.1410.43 Safari/537.31"
90.244.254.108 - - [12/May/2013:19:54:03 +0000] "GET /static/js/functions.js HTTP/1.1" 200 510 "http://encima.co.uk/" "Mozilla/5.0 (X11; Linux x86_64) AppleWebKit/537.31 (KHTML, like Gecko) Chrome/26.0.1410.43 Safari/537.31"
90.244.254.108 - - [12/May/2013:19:54:04 +0000] "GET /static/media/me.png HTTP/1.1" 200 276030 "http://encima.co.uk/" "Mozilla/5.0 (X11; Linux x86_64) AppleWebKit/537.31 (KHTML, like Gecko) Chrome/26.0.1410.43 Safari/537.31"
90.244.254.108 - - [12/May/2013:19:54:04 +0000] "GET /favicon.ico HTTP/1.1" 404 570 "-" "Mozilla/5.0 (X11; Linux x86_64) AppleWebKit/537.31 (KHTML, like Gecko) Chrome/26.0.1410.43 Safari/537.31"
90.244.254.108 - - [12/May/2013:19:54:42 +0000] "GET / HTTP/1.1" 200 1559 "-" "Mozilla/5.0 (X11; Linux x86_64) AppleWebKit/537.31 (KHTML, like Gecko) Chrome/26.0.1410.43 Safari/537.31"
90.244.254.108 - - [12/May/2013:19:54:42 +0000] "GET /static/css/style.css HTTP/1.1" 200 507 "http://encima.co.uk/" "Mozilla/5.0 (X11; Linux x86_64) AppleWebKit/537.31 (KHTML, like Gecko) Chrome/26.0.1410.43 Safari/537.31"
90.244.254.108 - - [12/May/2013:19:54:42 +0000] "GET /static/js/functions.js HTTP/1.1" 200 555 "http://encima.co.uk/" "Mozilla/5.0 (X11; Linux x86_64) AppleWebKit/537.31 (KHTML, like Gecko) Chrome/26.0.1410.43 Safari/537.31"
90.244.254.108 - - [12/May/2013:19:54:44 +0000] "GET /static/media/me.png HTTP/1.1" 200 276030 "http://encima.co.uk/" "Mozilla/5.0 (X11; Linux x86_64) AppleWebKit/537.31 (KHTML, like Gecko) Chrome/26.0.1410.43 Safari/537.31"
90.244.254.108 - - [12/May/2013:19:54:44 +0000] "GET /favicon.ico HTTP/1.1" 404 570 "-" "Mozilla/5.0 (X11; Linux x86_64) AppleWebKit/537.31 (KHTML, like Gecko) Chrome/26.0.1410.43 Safari/537.31"
90.244.254.108 - - [12/May/2013:19:54:55 +0000] "GET / HTTP/1.1" 200 1559 "-" "Mozilla/5.0 (X11; Linux x86_64) AppleWebKit/537.31 (KHTML, like Gecko) Chrome/26.0.1410.43 Safari/537.31"
90.244.254.108 - - [12/May/2013:19:54:56 +0000] "GET /static/css/style.css HTTP/1.1" 200 507 "http://encima.co.uk/" "Mozilla/5.0 (X11; Linux x86_64) AppleWebKit/537.31 (KHTML, like Gecko) Chrome/26.0.1410.43 Safari/537.31"
90.244.254.108 - - [12/May/2013:19:54:56 +0000] "GET /static/js/functions.js HTTP/1.1" 200 556 "http://encima.co.uk/" "Mozilla/5.0 (X11; Linux x86_64) AppleWebKit/537.31 (KHTML, like Gecko) Chrome/26.0.1410.43 Safari/537.31"
90.244.254.108 - - [12/May/2013:19:54:58 +0000] "GET /static/media/me.png HTTP/1.1" 200 276030 "http://encima.co.uk/" "Mozilla/5.0 (X11; Linux x86_64) AppleWebKit/537.31 (KHTML, like Gecko) Chrome/26.0.1410.43 Safari/537.31"
90.244.254.108 - - [12/May/2013:19:54:58 +0000] "GET /favicon.ico HTTP/1.1" 404 570 "-" "Mozilla/5.0 (X11; Linux x86_64) AppleWebKit/537.31 (KHTML, like Gecko) Chrome/26.0.1410.43 Safari/537.31"
90.244.254.108 - - [12/May/2013:19:56:02 +0000] "GET / HTTP/1.1" 200 1559 "-" "Mozilla/5.0 (X11; Linux x86_64) AppleWebKit/537.31 (KHTML, like Gecko) Chrome/26.0.1410.43 Safari/537.31"
90.244.254.108 - - [12/May/2013:19:56:03 +0000] "GET /static/css/style.css HTTP/1.1" 200 507 "http://encima.co.uk/" "Mozilla/5.0 (X11; Linux x86_64) AppleWebKit/537.31 (KHTML, like Gecko) Chrome/26.0.1410.43 Safari/537.31"
90.244.254.108 - - [12/May/2013:19:56:03 +0000] "GET /static/js/functions.js HTTP/1.1" 200 498 "http://encima.co.uk/" "Mozilla/5.0 (X11; Linux x86_64) AppleWebKit/537.31 (KHTML, like Gecko) Chrome/26.0.1410.43 Safari/537.31"
90.244.254.108 - - [12/May/2013:19:56:04 +0000] "GET /static/media/me.png HTTP/1.1" 200 276030 "http://encima.co.uk/" "Mozilla/5.0 (X11; Linux x86_64) AppleWebKit/537.31 (KHTML, like Gecko) Chrome/26.0.1410.43 Safari/537.31"
90.244.254.108 - - [12/May/2013:19:56:05 +0000] "GET /favicon.ico HTTP/1.1" 404 570 "-" "Mozilla/5.0 (X11; Linux x86_64) AppleWebKit/537.31 (KHTML, like Gecko) Chrome/26.0.1410.43 Safari/537.31"
85.133.69.235 - - [12/May/2013:19:58:33 +0000] "GET /blog/?feed=comments-rss2 HTTP/1.1" 404 168 "-" "Flavors.me Feed Plugin"
90.244.254.108 - - [12/May/2013:19:58:57 +0000] "GET / HTTP/1.1" 200 1559 "-" "Mozilla/5.0 (X11; Linux x86_64) AppleWebKit/537.31 (KHTML, like Gecko) Chrome/26.0.1410.43 Safari/537.31"
90.244.254.108 - - [12/May/2013:19:58:57 +0000] "GET /static/css/style.css HTTP/1.1" 200 507 "http://encima.co.uk/" "Mozilla/5.0 (X11; Linux x86_64) AppleWebKit/537.31 (KHTML, like Gecko) Chrome/26.0.1410.43 Safari/537.31"
90.244.254.108 - - [12/May/2013:19:58:57 +0000] "GET /static/js/functions.js HTTP/1.1" 200 500 "http://encima.co.uk/" "Mozilla/5.0 (X11; Linux x86_64) AppleWebKit/537.31 (KHTML, like Gecko) Chrome/26.0.1410.43 Safari/537.31"
90.244.254.108 - - [12/May/2013:19:58:59 +0000] "GET /static/media/me.png HTTP/1.1" 200 276030 "http://encima.co.uk/" "Mozilla/5.0 (X11; Linux x86_64) AppleWebKit/537.31 (KHTML, like Gecko) Chrome/26.0.1410.43 Safari/537.31"
90.244.254.108 - - [12/May/2013:19:58:59 +0000] "GET /favicon.ico HTTP/1.1" 404 570 "-" "Mozilla/5.0 (X11; Linux x86_64) AppleWebKit/537.31 (KHTML, like Gecko) Chrome/26.0.1410.43 Safari/537.31"
90.244.254.108 - - [12/May/2013:20:01:08 +0000] "GET / HTTP/1.1" 200 1559 "-" "Mozilla/5.0 (X11; Linux x86_64) AppleWebKit/537.31 (KHTML, like Gecko) Chrome/26.0.1410.43 Safari/537.31"
90.244.254.108 - - [12/May/2013:20:01:08 +0000] "GET /static/css/style.css HTTP/1.1" 200 507 "http://encima.co.uk/" "Mozilla/5.0 (X11; Linux x86_64) AppleWebKit/537.31 (KHTML, like Gecko) Chrome/26.0.1410.43 Safari/537.31"
90.244.254.108 - - [12/May/2013:20:01:08 +0000] "GET /static/js/functions.js HTTP/1.1" 200 534 "http://encima.co.uk/" "Mozilla/5.0 (X11; Linux x86_64) AppleWebKit/537.31 (KHTML, like Gecko) Chrome/26.0.1410.43 Safari/537.31"
90.244.254.108 - - [12/May/2013:20:01:10 +0000] "GET /static/media/me.png HTTP/1.1" 200 276030 "http://encima.co.uk/" "Mozilla/5.0 (X11; Linux x86_64) AppleWebKit/537.31 (KHTML, like Gecko) Chrome/26.0.1410.43 Safari/537.31"
90.244.254.108 - - [12/May/2013:20:01:10 +0000] "GET /favicon.ico HTTP/1.1" 404 570 "-" "Mozilla/5.0 (X11; Linux x86_64) AppleWebKit/537.31 (KHTML, like Gecko) Chrome/26.0.1410.43 Safari/537.31"
90.244.254.108 - - [12/May/2013:20:01:23 +0000] "GET / HTTP/1.1" 200 1559 "-" "Mozilla/5.0 (X11; Linux x86_64) AppleWebKit/537.31 (KHTML, like Gecko) Chrome/26.0.1410.43 Safari/537.31"
90.244.254.108 - - [12/May/2013:20:01:24 +0000] "GET /static/css/style.css HTTP/1.1" 200 507 "http://encima.co.uk/" "Mozilla/5.0 (X11; Linux x86_64) AppleWebKit/537.31 (KHTML, like Gecko) Chrome/26.0.1410.43 Safari/537.31"
90.244.254.108 - - [12/May/2013:20:01:24 +0000] "GET /static/js/functions.js HTTP/1.1" 200 535 "http://encima.co.uk/" "Mozilla/5.0 (X11; Linux x86_64) AppleWebKit/537.31 (KHTML, like Gecko) Chrome/26.0.1410.43 Safari/537.31"
90.244.254.108 - - [12/May/2013:20:01:25 +0000] "GET /static/media/me.png HTTP/1.1" 200 276030 "http://encima.co.uk/" "Mozilla/5.0 (X11; Linux x86_64) AppleWebKit/537.31 (KHTML, like Gecko) Chrome/26.0.1410.43 Safari/537.31"
90.244.254.108 - - [12/May/2013:20:01:26 +0000] "GET /favicon.ico HTTP/1.1" 404 570 "-" "Mozilla/5.0 (X11; Linux x86_64) AppleWebKit/537.31 (KHTML, like Gecko) Chrome/26.0.1410.43 Safari/537.31"
82.6.63.188 - - [12/May/2013:20:29:01 +0000] "GET / HTTP/1.1" 200 1559 "-" "Reeder/1.5.7 CFNetwork/609.1.4 Darwin/13.0.0"
82.6.63.188 - - [12/May/2013:20:29:01 +0000] "GET /favicon.ico HTTP/1.1" 404 168 "-" "Reeder/1.5.7 CFNetwork/609.1.4 Darwin/13.0.0"
82.6.63.188 - - [12/May/2013:20:29:01 +0000] "GET /apple-touch-icon.png HTTP/1.1" 404 168 "-" "Reeder/1.5.7 CFNetwork/609.1.4 Darwin/13.0.0"
