78.158.11.226 - - [27/Apr/2013:13:50:17 +0000] "GET / HTTP/1.1" 200 805 "http://evuln.com/tools/malware-scanner/christopher-gwilliams.com/" "Lynx/2.8.5rel.1 libwww-FM/2.15FC SSL-MM/1.4.1c OpenSSL/0.9.7e-dev"
208.115.113.86 - - [27/Apr/2013:14:21:21 +0000] "GET /robots.txt HTTP/1.1" 404 168 "-" "Mozilla/5.0 (compatible; Ezooms/1.0; ezooms.bot@gmail.com)"
64.202.161.41 - - [27/Apr/2013:14:39:15 +0000] "GET / HTTP/1.1" 200 805 "-" "Mozilla/5.0 (Windows; U; Windows NT 5.1; en-US; rv:1.9.1.8) Gecko/20100202 Firefox/3.5.8 ( .NET CLR 3.5.30729)"
64.202.161.41 - - [27/Apr/2013:14:39:16 +0000] "GET / HTTP/1.1" 200 805 "-" "Mozilla/5.0 (Windows; U; Windows NT 5.1; en-US; rv:1.9.1.8) Gecko/20100202 Firefox/3.5.8 ( .NET CLR 3.5.30729)"
64.202.161.46 - - [27/Apr/2013:14:40:00 +0000] "GET / HTTP/1.1" 200 805 "-" "Mozilla/5.0 (Windows; U; Windows NT 5.1; en-US; rv:1.9.1.8) Gecko/20100202 Firefox/3.5.8 ( .NET CLR 3.5.30729)"
64.202.161.46 - - [27/Apr/2013:14:40:00 +0000] "GET / HTTP/1.1" 200 805 "-" "Mozilla/5.0 (Windows; U; Windows NT 5.1; en-US; rv:1.9.1.8) Gecko/20100202 Firefox/3.5.8 ( .NET CLR 3.5.30729)"
66.249.74.34 - - [27/Apr/2013:14:43:27 +0000] "GET /blog/?tag=raspberrypi HTTP/1.1" 404 168 "-" "Mozilla/5.0 (compatible; Googlebot/2.1; +http://www.google.com/bot.html)"
157.56.92.172 - - [27/Apr/2013:15:26:07 +0000] "GET /robots.txt HTTP/1.1" 404 168 "-" "Mozilla/5.0 (compatible; bingbot/2.0; +http://www.bing.com/bingbot.htm)"
157.56.92.172 - - [27/Apr/2013:15:28:33 +0000] "GET / HTTP/1.1" 200 805 "-" "Mozilla/5.0 (compatible; bingbot/2.0; +http://www.bing.com/bingbot.htm)"
208.115.113.86 - - [27/Apr/2013:15:53:11 +0000] "GET /blog/?tag=nexus HTTP/1.1" 404 168 "-" "Mozilla/5.0 (compatible; Ezooms/1.0; ezooms.bot@gmail.com)"
94.102.150.50 - - [27/Apr/2013:16:28:42 +0000] "GET /blog/?feed=rss2 HTTP/1.1" 404 168 "-" "SocialSearcher/0.1  Mozilla/5.0"
82.132.237.134 - - [27/Apr/2013:17:16:25 +0000] "GET /favicon.ico HTTP/1.1" 404 168 "-" "Reeder/1.5.7 CFNetwork/609.1.4 Darwin/13.0.0"
5.9.112.66 - - [27/Apr/2013:17:32:28 +0000] "GET /robots.txt HTTP/1.1" 404 168 "-" "Mozilla/5.0 (compatible; SISTRIX Crawler; http://crawler.sistrix.net/)"
5.9.112.66 - - [27/Apr/2013:17:32:28 +0000] "GET / HTTP/1.1" 200 805 "-" "Mozilla/5.0 (compatible; SISTRIX Crawler; http://crawler.sistrix.net/)"
82.132.237.134 - - [27/Apr/2013:17:35:02 +0000] "GET /favicon.ico HTTP/1.1" 404 168 "-" "Reeder/1.5.7 CFNetwork/609.1.4 Darwin/13.0.0"
82.132.237.134 - - [27/Apr/2013:17:46:44 +0000] "GET /favicon.ico HTTP/1.1" 404 168 "-" "Reeder/1.5.7 CFNetwork/609.1.4 Darwin/13.0.0"
82.132.237.134 - - [27/Apr/2013:19:21:57 +0000] "GET /favicon.ico HTTP/1.1" 404 168 "-" "Reeder/1.5.7 CFNetwork/609.1.4 Darwin/13.0.0"
66.249.74.34 - - [27/Apr/2013:19:30:21 +0000] "GET /blog/?cat=11 HTTP/1.1" 404 168 "-" "Mozilla/5.0 (compatible; Googlebot/2.1; +http://www.google.com/bot.html)"
208.115.113.91 - - [27/Apr/2013:19:50:02 +0000] "GET /robots.txt HTTP/1.1" 404 168 "-" "Mozilla/5.0 (compatible; Ezooms/1.0; ezooms.bot@gmail.com)"
82.132.237.134 - - [27/Apr/2013:19:52:03 +0000] "GET /favicon.ico HTTP/1.1" 404 168 "-" "Reeder/1.5.7 CFNetwork/609.1.4 Darwin/13.0.0"
217.69.133.68 - - [27/Apr/2013:20:57:19 +0000] "GET /robots.txt HTTP/1.0" 404 168 "-" "Mozilla/5.0 (compatible; Mail.RU_Bot/2.0; +http://go.mail.ru/help/robots)"
208.115.113.91 - - [27/Apr/2013:21:14:43 +0000] "GET /blog/?feed=comments-rss2 HTTP/1.1" 404 168 "-" "Mozilla/5.0 (compatible; Ezooms/1.0; ezooms.bot@gmail.com)"
208.115.113.91 - - [27/Apr/2013:21:14:49 +0000] "GET /blog/?p=65 HTTP/1.1" 404 168 "-" "Mozilla/5.0 (compatible; Ezooms/1.0; ezooms.bot@gmail.com)"
82.132.237.134 - - [27/Apr/2013:21:52:25 +0000] "GET /favicon.ico HTTP/1.1" 404 168 "-" "Reeder/1.5.7 CFNetwork/609.1.4 Darwin/13.0.0"
208.115.113.91 - - [27/Apr/2013:23:49:28 +0000] "GET /robots.txt HTTP/1.1" 404 168 "-" "Mozilla/5.0 (compatible; Ezooms/1.0; ezooms.bot@gmail.com)"
157.55.33.21 - - [28/Apr/2013:00:25:42 +0000] "GET /robots.txt HTTP/1.1" 404 168 "-" "Mozilla/5.0 (compatible; bingbot/2.0; +http://www.bing.com/bingbot.htm)"
157.55.33.21 - - [28/Apr/2013:00:27:31 +0000] "GET / HTTP/1.1" 200 805 "-" "Mozilla/5.0 (compatible; bingbot/2.0; +http://www.bing.com/bingbot.htm)"
66.249.74.34 - - [28/Apr/2013:00:38:57 +0000] "GET / HTTP/1.1" 200 805 "-" "Mozilla/5.0 (compatible; Googlebot/2.1; +http://www.google.com/bot.html)"
208.115.113.91 - - [28/Apr/2013:01:16:22 +0000] "GET /blog/?m=201206&paged=2 HTTP/1.1" 404 168 "-" "Mozilla/5.0 (compatible; Ezooms/1.0; ezooms.bot@gmail.com)"
208.115.113.91 - - [28/Apr/2013:01:16:27 +0000] "GET /blog/?tag=june-11 HTTP/1.1" 404 168 "-" "Mozilla/5.0 (compatible; Ezooms/1.0; ezooms.bot@gmail.com)"
66.249.74.72 - - [28/Apr/2013:01:22:50 +0000] "GET /robots.txt HTTP/1.1" 404 168 "-" "Mozilla/5.0 (compatible; Googlebot/2.1; +http://www.google.com/bot.html)"
66.249.74.72 - - [28/Apr/2013:01:22:51 +0000] "GET / HTTP/1.1" 200 805 "-" "SAMSUNG-SGH-E250/1.0 Profile/MIDP-2.0 Configuration/CLDC-1.1 UP.Browser/6.2.3.3.c.1.101 (GUI) MMP/2.0 (compatible; Googlebot-Mobile/2.1; +http://www.google.com/bot.html)"
66.249.74.72 - - [28/Apr/2013:01:32:42 +0000] "GET / HTTP/1.1" 200 805 "-" "DoCoMo/2.0 N905i(c100;TB;W24H16) (compatible; Googlebot-Mobile/2.1; +http://www.google.com/bot.html)"
178.154.243.115 - - [28/Apr/2013:02:50:03 +0000] "GET /robots.txt HTTP/1.1" 404 168 "-" "Mozilla/5.0 (compatible; YandexBot/3.0; +http://yandex.com/bots)"
178.154.243.115 - - [28/Apr/2013:02:50:06 +0000] "GET / HTTP/1.1" 200 805 "-" "Mozilla/5.0 (compatible; YandexBot/3.0; +http://yandex.com/bots)"
178.154.243.115 - - [28/Apr/2013:02:50:13 +0000] "GET / HTTP/1.1" 200 805 "-" "Mozilla/5.0 (compatible; YandexBot/3.0; +http://yandex.com/bots)"
157.56.92.172 - - [28/Apr/2013:03:49:16 +0000] "GET /robots.txt HTTP/1.1" 404 168 "-" "Mozilla/5.0 (compatible; bingbot/2.0; +http://www.bing.com/bingbot.htm)"
208.115.113.91 - - [28/Apr/2013:03:51:16 +0000] "GET /robots.txt HTTP/1.1" 404 168 "-" "Mozilla/5.0 (compatible; Ezooms/1.0; ezooms.bot@gmail.com)"
157.56.92.172 - - [28/Apr/2013:03:51:33 +0000] "GET / HTTP/1.1" 200 805 "-" "Mozilla/5.0 (compatible; bingbot/2.0; +http://www.bing.com/bingbot.htm)"
208.115.113.91 - - [28/Apr/2013:05:16:36 +0000] "GET /blog/?p=106 HTTP/1.1" 404 168 "-" "Mozilla/5.0 (compatible; Ezooms/1.0; ezooms.bot@gmail.com)"
208.115.111.75 - - [28/Apr/2013:05:51:09 +0000] "GET /robots.txt HTTP/1.1" 404 168 "-" "Mozilla/5.0 (compatible; Ezooms/1.0; ezooms.bot@gmail.com)"
66.249.74.72 - - [28/Apr/2013:06:20:32 +0000] "GET / HTTP/1.1" 200 805 "-" "Mozilla/5.0 (compatible; Googlebot/2.1; +http://www.google.com/bot.html)"
82.132.239.245 - - [28/Apr/2013:06:43:44 +0000] "GET /favicon.ico HTTP/1.1" 404 168 "-" "Reeder/1.5.7 CFNetwork/609.1.4 Darwin/13.0.0"
208.115.111.75 - - [28/Apr/2013:07:07:21 +0000] "GET /blog/?feed=rss2&p=182 HTTP/1.1" 404 168 "-" "Mozilla/5.0 (compatible; Ezooms/1.0; ezooms.bot@gmail.com)"
208.115.111.75 - - [28/Apr/2013:07:07:24 +0000] "GET /blog/?feed=rss2&tag=malaysia HTTP/1.1" 404 168 "-" "Mozilla/5.0 (compatible; Ezooms/1.0; ezooms.bot@gmail.com)"
157.55.33.21 - - [28/Apr/2013:07:18:43 +0000] "GET /robots.txt HTTP/1.1" 404 168 "-" "Mozilla/5.0 (compatible; bingbot/2.0; +http://www.bing.com/bingbot.htm)"
157.55.33.21 - - [28/Apr/2013:07:20:02 +0000] "GET / HTTP/1.1" 200 805 "-" "Mozilla/5.0 (compatible; bingbot/2.0; +http://www.bing.com/bingbot.htm)"
66.249.74.34 - - [28/Apr/2013:07:30:25 +0000] "GET /robots.txt HTTP/1.1" 404 168 "-" "Mozilla/5.0 (compatible; Googlebot/2.1; +http://www.google.com/bot.html)"
66.249.74.34 - - [28/Apr/2013:07:30:25 +0000] "GET /blog/?m=201206 HTTP/1.1" 404 168 "-" "Mozilla/5.0 (compatible; Googlebot/2.1; +http://www.google.com/bot.html)"
208.115.113.91 - - [28/Apr/2013:07:51:47 +0000] "GET /robots.txt HTTP/1.1" 404 168 "-" "Mozilla/5.0 (compatible; Ezooms/1.0; ezooms.bot@gmail.com)"
208.115.113.91 - - [28/Apr/2013:08:17:29 +0000] "GET /blog/?feed=rss2&author=1 HTTP/1.1" 404 168 "-" "Mozilla/5.0 (compatible; Ezooms/1.0; ezooms.bot@gmail.com)"
208.115.111.70 - - [28/Apr/2013:08:32:24 +0000] "GET /robots.txt HTTP/1.1" 404 168 "-" "Mozilla/5.0 (compatible; Ezooms/1.0; ezooms.bot@gmail.com)"
82.132.237.134 - - [28/Apr/2013:09:27:01 +0000] "GET /favicon.ico HTTP/1.1" 404 168 "-" "Reeder/1.5.7 CFNetwork/609.1.4 Darwin/13.0.0"
82.132.237.134 - - [28/Apr/2013:09:35:31 +0000] "GET /favicon.ico HTTP/1.1" 404 168 "-" "Reeder/1.5.7 CFNetwork/609.1.4 Darwin/13.0.0"
208.115.111.75 - - [28/Apr/2013:09:47:46 +0000] "GET /robots.txt HTTP/1.1" 404 168 "-" "Mozilla/5.0 (compatible; Ezooms/1.0; ezooms.bot@gmail.com)"
208.115.111.70 - - [28/Apr/2013:09:54:54 +0000] "GET /blog/?tag=sqlite HTTP/1.1" 404 168 "-" "Mozilla/5.0 (compatible; Ezooms/1.0; ezooms.bot@gmail.com)"
217.69.133.68 - - [28/Apr/2013:11:03:59 +0000] "GET /robots.txt HTTP/1.0" 404 168 "-" "Mozilla/5.0 (compatible; Mail.RU_Bot/2.0; +http://go.mail.ru/help/robots)"
208.115.111.75 - - [28/Apr/2013:11:08:55 +0000] "GET /blog/?p=149 HTTP/1.1" 404 168 "-" "Mozilla/5.0 (compatible; Ezooms/1.0; ezooms.bot@gmail.com)"
208.115.113.91 - - [28/Apr/2013:11:50:57 +0000] "GET /robots.txt HTTP/1.1" 404 168 "-" "Mozilla/5.0 (compatible; Ezooms/1.0; ezooms.bot@gmail.com)"
157.55.33.21 - - [28/Apr/2013:11:54:05 +0000] "GET /robots.txt HTTP/1.1" 404 168 "-" "Mozilla/5.0 (compatible; bingbot/2.0; +http://www.bing.com/bingbot.htm)"
157.55.33.21 - - [28/Apr/2013:11:56:02 +0000] "GET / HTTP/1.1" 200 805 "-" "Mozilla/5.0 (compatible; bingbot/2.0; +http://www.bing.com/bingbot.htm)"
208.115.113.91 - - [28/Apr/2013:13:16:56 +0000] "GET /blog/?p=195 HTTP/1.1" 404 168 "-" "Mozilla/5.0 (compatible; Ezooms/1.0; ezooms.bot@gmail.com)"
208.115.113.91 - - [28/Apr/2013:13:17:05 +0000] "GET /blog/?tag=dgfc-2 HTTP/1.1" 404 168 "-" "Mozilla/5.0 (compatible; Ezooms/1.0; ezooms.bot@gmail.com)"
208.115.113.91 - - [28/Apr/2013:13:17:08 +0000] "GET /blog/?tag=malaysia HTTP/1.1" 404 168 "-" "Mozilla/5.0 (compatible; Ezooms/1.0; ezooms.bot@gmail.com)"
82.132.246.113 - - [28/Apr/2013:13:17:49 +0000] "GET /favicon.ico HTTP/1.1" 404 168 "-" "Reeder/1.5.7 CFNetwork/609.1.4 Darwin/13.0.0"
82.132.246.113 - - [28/Apr/2013:13:24:41 +0000] "GET /favicon.ico HTTP/1.1" 404 168 "-" "Reeder/1.5.7 CFNetwork/609.1.4 Darwin/13.0.0"
208.115.111.75 - - [28/Apr/2013:13:47:19 +0000] "GET /robots.txt HTTP/1.1" 404 168 "-" "Mozilla/5.0 (compatible; Ezooms/1.0; ezooms.bot@gmail.com)"
109.109.254.138 - - [28/Apr/2013:14:37:53 +0000] "GET /blog/?feed=rss2 HTTP/1.1" 404 168 "-" "SocialSearcher/0.1  Mozilla/5.0"
208.115.111.75 - - [28/Apr/2013:15:15:24 +0000] "GET /blog/ HTTP/1.1" 404 168 "-" "Mozilla/5.0 (compatible; Ezooms/1.0; ezooms.bot@gmail.com)"
85.133.69.215 - - [28/Apr/2013:15:23:55 +0000] "GET /blog/?feed=comments-rss2 HTTP/1.1" 404 168 "-" "Flavors.me Feed Plugin"
85.133.69.238 - - [28/Apr/2013:16:28:16 +0000] "GET /blog/?feed=comments-rss2 HTTP/1.1" 404 168 "-" "Flavors.me Feed Plugin"
85.133.69.238 - - [28/Apr/2013:17:39:29 +0000] "GET /blog/?feed=comments-rss2 HTTP/1.1" 404 168 "-" "Flavors.me Feed Plugin"
173.208.180.58 - - [28/Apr/2013:18:07:35 +0000] "GET /robots.txt HTTP/1.0" 404 168 "-" "Mozilla/5.0 (compatible; MJ12bot/v1.4.3; http://www.majestic12.co.uk/bot.php?+)"
173.208.180.58 - - [28/Apr/2013:18:07:39 +0000] "GET / HTTP/1.0" 200 805 "-" "Mozilla/5.0 (compatible; MJ12bot/v1.4.3; http://www.majestic12.co.uk/bot.php?+)"
208.115.113.86 - - [28/Apr/2013:18:18:38 +0000] "GET /robots.txt HTTP/1.1" 404 168 "-" "Mozilla/5.0 (compatible; Ezooms/1.0; ezooms.bot@gmail.com)"
85.133.69.219 - - [28/Apr/2013:18:26:31 +0000] "GET /blog/?feed=comments-rss2 HTTP/1.1" 404 168 "-" "Flavors.me Feed Plugin"
66.249.74.72 - - [28/Apr/2013:18:35:11 +0000] "GET /robots.txt HTTP/1.1" 404 168 "-" "Mozilla/5.0 (compatible; Googlebot/2.1; +http://www.google.com/bot.html)"
66.249.74.72 - - [28/Apr/2013:18:35:11 +0000] "GET /index.html HTTP/1.1" 200 805 "-" "Mozilla/5.0 (compatible; Googlebot/2.1; +http://www.google.com/bot.html)"
82.6.63.188 - - [28/Apr/2013:19:27:42 +0000] "GET / HTTP/1.1" 200 805 "-" "Reeder/1.5.7 CFNetwork/609.1.4 Darwin/13.0.0"
82.6.63.188 - - [28/Apr/2013:19:27:43 +0000] "GET /favicon.ico HTTP/1.1" 404 168 "-" "Reeder/1.5.7 CFNetwork/609.1.4 Darwin/13.0.0"
82.6.63.188 - - [28/Apr/2013:19:27:43 +0000] "GET /apple-touch-icon.png HTTP/1.1" 404 168 "-" "Reeder/1.5.7 CFNetwork/609.1.4 Darwin/13.0.0"
82.6.63.188 - - [28/Apr/2013:19:27:43 +0000] "GET /apple-touch-icon-precomposed.png HTTP/1.1" 404 168 "-" "Reeder/1.5.7 CFNetwork/609.1.4 Darwin/13.0.0"
86.170.145.250 - - [28/Apr/2013:19:47:42 +0000] "GET / HTTP/1.1" 200 805 "http://www.google.co.uk/url?sa=f&rct=j&url=http://encima.co.uk/&q=chris+gwilliams&ei=2nx9UbaFI4btOuHWgLAE&usg=AFQjCNFiLgEei-ROozZ9ly9qgtws9hYbHA" "Mozilla/5.0 (Windows NT 6.1; WOW64) AppleWebKit/537.31 (KHTML, like Gecko) Chrome/26.0.1410.64 Safari/537.31"
86.170.145.250 - - [28/Apr/2013:19:47:42 +0000] "GET /static/css/style.css HTTP/1.1" 200 368 "http://encima.co.uk/" "Mozilla/5.0 (Windows NT 6.1; WOW64) AppleWebKit/537.31 (KHTML, like Gecko) Chrome/26.0.1410.64 Safari/537.31"
86.170.145.250 - - [28/Apr/2013:19:47:42 +0000] "GET /static/js/functions.js HTTP/1.1" 200 217 "http://encima.co.uk/" "Mozilla/5.0 (Windows NT 6.1; WOW64) AppleWebKit/537.31 (KHTML, like Gecko) Chrome/26.0.1410.64 Safari/537.31"
86.170.145.250 - - [28/Apr/2013:19:47:43 +0000] "GET /static/css/small.css HTTP/1.1" 200 302 "http://encima.co.uk/" "Mozilla/5.0 (Windows NT 6.1; WOW64) AppleWebKit/537.31 (KHTML, like Gecko) Chrome/26.0.1410.64 Safari/537.31"
86.170.145.250 - - [28/Apr/2013:19:47:43 +0000] "GET /favicon.ico HTTP/1.1" 404 570 "-" "Mozilla/5.0 (Windows NT 6.1; WOW64) AppleWebKit/537.31 (KHTML, like Gecko) Chrome/26.0.1410.64 Safari/537.31"
86.170.145.250 - - [28/Apr/2013:19:47:44 +0000] "GET /favicon.ico HTTP/1.1" 404 570 "-" "Mozilla/5.0 (Windows NT 6.1; WOW64) AppleWebKit/537.31 (KHTML, like Gecko) Chrome/26.0.1410.64 Safari/537.31"
82.6.63.188 - - [28/Apr/2013:19:48:50 +0000] "GET / HTTP/1.1" 200 805 "-" "Reeder/1.5.7 CFNetwork/609.1.4 Darwin/13.0.0"
82.6.63.188 - - [28/Apr/2013:19:48:50 +0000] "GET /favicon.ico HTTP/1.1" 404 168 "-" "Reeder/1.5.7 CFNetwork/609.1.4 Darwin/13.0.0"
82.6.63.188 - - [28/Apr/2013:19:48:50 +0000] "GET /apple-touch-icon.png HTTP/1.1" 404 168 "-" "Reeder/1.5.7 CFNetwork/609.1.4 Darwin/13.0.0"
82.6.63.188 - - [28/Apr/2013:19:48:50 +0000] "GET /apple-touch-icon-precomposed.png HTTP/1.1" 404 168 "-" "Reeder/1.5.7 CFNetwork/609.1.4 Darwin/13.0.0"
85.133.69.215 - - [28/Apr/2013:19:56:13 +0000] "GET /blog/?feed=comments-rss2 HTTP/1.1" 404 168 "-" "Flavors.me Feed Plugin"
208.115.113.86 - - [28/Apr/2013:19:57:19 +0000] "GET /blog/?feed=rss2&tag=arch HTTP/1.1" 404 168 "-" "Mozilla/5.0 (compatible; Ezooms/1.0; ezooms.bot@gmail.com)"
212.59.28.53 - - [28/Apr/2013:20:03:46 +0000] "GET /blog/?p=34 HTTP/1.0" 404 570 "http://christopher-gwilliams.com/blog/?p=34" "Mozilla/5.0 (Windows NT 6.2; WOW64) AppleWebKit/537.11 (KHTML, like Gecko) Chrome/23.0.1271.95 Safari/537.11"
212.59.28.53 - - [28/Apr/2013:20:03:47 +0000] "GET / HTTP/1.0" 200 805 "http://christopher-gwilliams.com/" "Mozilla/5.0 (Windows NT 6.2; WOW64) AppleWebKit/537.11 (KHTML, like Gecko) Chrome/23.0.1271.95 Safari/537.11"
82.6.63.188 - - [28/Apr/2013:20:13:17 +0000] "GET / HTTP/1.1" 200 805 "-" "Reeder/1020.09.00 CFNetwork/596.3.3 Darwin/12.3.0 (x86_64) (MacBookPro10%2C1)"
82.6.63.188 - - [28/Apr/2013:20:13:18 +0000] "GET /favicon.ico HTTP/1.1" 404 168 "-" "Reeder/1020.09.00 CFNetwork/596.3.3 Darwin/12.3.0 (x86_64) (MacBookPro10%2C1)"
82.6.63.188 - - [28/Apr/2013:20:13:18 +0000] "GET / HTTP/1.1" 200 805 "-" "Reeder/1020.09.00 CFNetwork/596.3.3 Darwin/12.3.0 (x86_64) (MacBookPro10%2C1)"
82.6.63.188 - - [28/Apr/2013:20:13:18 +0000] "GET /apple-touch-icon.png HTTP/1.1" 404 168 "-" "Reeder/1020.09.00 CFNetwork/596.3.3 Darwin/12.3.0 (x86_64) (MacBookPro10%2C1)"
82.6.63.188 - - [28/Apr/2013:20:13:18 +0000] "GET /apple-touch-icon-precomposed.png HTTP/1.1" 404 168 "-" "Reeder/1020.09.00 CFNetwork/596.3.3 Darwin/12.3.0 (x86_64) (MacBookPro10%2C1)"
85.133.69.219 - - [28/Apr/2013:20:42:48 +0000] "GET /blog/?feed=comments-rss2 HTTP/1.1" 404 168 "-" "Flavors.me Feed Plugin"
178.137.84.53 - - [28/Apr/2013:21:17:38 +0000] "GET /blog/?p=22 HTTP/1.0" 404 570 "http://christopher-gwilliams.com/blog/?p=22" "Mozilla/5.0 (Windows NT 6.1) AppleWebKit/537.11 (KHTML, like Gecko) Chrome/23.0.1271.91 Safari/537.11"
178.137.84.53 - - [28/Apr/2013:21:17:39 +0000] "GET / HTTP/1.0" 200 805 "http://christopher-gwilliams.com/" "Mozilla/5.0 (Windows NT 6.1) AppleWebKit/537.11 (KHTML, like Gecko) Chrome/23.0.1271.91 Safari/537.11"
85.133.69.219 - - [28/Apr/2013:21:28:21 +0000] "GET /blog/?feed=comments-rss2 HTTP/1.1" 404 168 "-" "Flavors.me Feed Plugin"
69.30.238.26 - - [28/Apr/2013:21:40:57 +0000] "GET /robots.txt HTTP/1.0" 404 168 "-" "Mozilla/5.0 (compatible; MJ12bot/v1.4.3; http://www.majestic12.co.uk/bot.php?+)"
69.30.238.26 - - [28/Apr/2013:21:40:58 +0000] "GET /blog HTTP/1.0" 404 168 "-" "Mozilla/5.0 (compatible; MJ12bot/v1.4.3; http://www.majestic12.co.uk/bot.php?+)"
85.133.69.217 - - [28/Apr/2013:22:15:13 +0000] "GET /blog/?feed=comments-rss2 HTTP/1.1" 404 168 "-" "Flavors.me Feed Plugin"
82.30.201.243 - - [28/Apr/2013:22:49:39 +0000] "GET / HTTP/1.1" 200 805 "http://cscf.me/blog/hackathon2.html" "Mozilla/5.0 (Macintosh; Intel Mac OS X 10_8_2) AppleWebKit/537.31 (KHTML, like Gecko) Chrome/26.0.1410.65 Safari/537.31"
82.30.201.243 - - [28/Apr/2013:22:49:39 +0000] "GET /static/css/style.css HTTP/1.1" 200 368 "http://christopher-gwilliams.com/" "Mozilla/5.0 (Macintosh; Intel Mac OS X 10_8_2) AppleWebKit/537.31 (KHTML, like Gecko) Chrome/26.0.1410.65 Safari/537.31"
82.30.201.243 - - [28/Apr/2013:22:49:39 +0000] "GET /static/js/functions.js HTTP/1.1" 200 217 "http://christopher-gwilliams.com/" "Mozilla/5.0 (Macintosh; Intel Mac OS X 10_8_2) AppleWebKit/537.31 (KHTML, like Gecko) Chrome/26.0.1410.65 Safari/537.31"
82.30.201.243 - - [28/Apr/2013:22:49:39 +0000] "GET /static/css/small.css HTTP/1.1" 200 302 "http://christopher-gwilliams.com/" "Mozilla/5.0 (Macintosh; Intel Mac OS X 10_8_2) AppleWebKit/537.31 (KHTML, like Gecko) Chrome/26.0.1410.65 Safari/537.31"
82.30.201.243 - - [28/Apr/2013:22:49:39 +0000] "GET /favicon.ico HTTP/1.1" 404 570 "-" "Mozilla/5.0 (Macintosh; Intel Mac OS X 10_8_2) AppleWebKit/537.31 (KHTML, like Gecko) Chrome/26.0.1410.65 Safari/537.31"
85.133.69.215 - - [28/Apr/2013:23:03:13 +0000] "GET /blog/?feed=comments-rss2 HTTP/1.1" 404 168 "-" "Flavors.me Feed Plugin"
157.55.33.21 - - [28/Apr/2013:23:45:01 +0000] "GET /robots.txt HTTP/1.1" 404 168 "-" "Mozilla/5.0 (compatible; bingbot/2.0; +http://www.bing.com/bingbot.htm)"
208.115.113.91 - - [28/Apr/2013:23:46:19 +0000] "GET /robots.txt HTTP/1.1" 404 168 "-" "Mozilla/5.0 (compatible; Ezooms/1.0; ezooms.bot@gmail.com)"
157.55.33.21 - - [28/Apr/2013:23:47:02 +0000] "GET / HTTP/1.1" 200 805 "-" "Mozilla/5.0 (compatible; bingbot/2.0; +http://www.bing.com/bingbot.htm)"
85.133.69.219 - - [28/Apr/2013:23:52:13 +0000] "GET /blog/?feed=comments-rss2 HTTP/1.1" 404 168 "-" "Flavors.me Feed Plugin"
85.133.69.215 - - [29/Apr/2013:00:31:45 +0000] "GET /blog/?feed=comments-rss2 HTTP/1.1" 404 168 "-" "Flavors.me Feed Plugin"
208.115.113.91 - - [29/Apr/2013:00:51:37 +0000] "GET /blog/?feed=rss2&p=195 HTTP/1.1" 404 168 "-" "Mozilla/5.0 (compatible; Ezooms/1.0; ezooms.bot@gmail.com)"
85.133.69.219 - - [29/Apr/2013:01:17:17 +0000] "GET /blog/?feed=comments-rss2 HTTP/1.1" 404 168 "-" "Flavors.me Feed Plugin"
85.133.69.217 - - [29/Apr/2013:02:01:23 +0000] "GET /blog/?feed=comments-rss2 HTTP/1.1" 404 168 "-" "Flavors.me Feed Plugin"
85.133.69.219 - - [29/Apr/2013:02:47:19 +0000] "GET /blog/?feed=comments-rss2 HTTP/1.1" 404 168 "-" "Flavors.me Feed Plugin"
85.133.69.238 - - [29/Apr/2013:03:46:55 +0000] "GET /blog/?feed=comments-rss2 HTTP/1.1" 404 168 "-" "Flavors.me Feed Plugin"
85.133.69.238 - - [29/Apr/2013:04:16:45 +0000] "GET /blog/?feed=comments-rss2 HTTP/1.1" 404 168 "-" "Flavors.me Feed Plugin"
157.56.92.172 - - [29/Apr/2013:04:51:22 +0000] "GET /robots.txt HTTP/1.1" 404 168 "-" "Mozilla/5.0 (compatible; bingbot/2.0; +http://www.bing.com/bingbot.htm)"
157.56.92.172 - - [29/Apr/2013:04:53:09 +0000] "GET / HTTP/1.1" 200 805 "-" "Mozilla/5.0 (compatible; bingbot/2.0; +http://www.bing.com/bingbot.htm)"
85.133.69.215 - - [29/Apr/2013:05:02:15 +0000] "GET /blog/?feed=comments-rss2 HTTP/1.1" 404 168 "-" "Flavors.me Feed Plugin"
54.234.200.23 - - [29/Apr/2013:05:31:23 +0000] "GET / HTTP/1.1" 200 805 "-" "python-requests/1.2.0 CPython/2.7.3 Linux/3.2.0-29-virtual"
85.133.69.217 - - [29/Apr/2013:05:48:53 +0000] "GET /blog/?feed=comments-rss2 HTTP/1.1" 404 168 "-" "Flavors.me Feed Plugin"
82.6.63.188 - - [29/Apr/2013:06:19:11 +0000] "GET / HTTP/1.1" 200 805 "-" "Reeder/1.5.7 CFNetwork/609.1.4 Darwin/13.0.0"
82.6.63.188 - - [29/Apr/2013:06:19:11 +0000] "GET /favicon.ico HTTP/1.1" 404 168 "-" "Reeder/1.5.7 CFNetwork/609.1.4 Darwin/13.0.0"
82.6.63.188 - - [29/Apr/2013:06:19:12 +0000] "GET /apple-touch-icon.png HTTP/1.1" 404 168 "-" "Reeder/1.5.7 CFNetwork/609.1.4 Darwin/13.0.0"
82.6.63.188 - - [29/Apr/2013:06:19:12 +0000] "GET /apple-touch-icon-precomposed.png HTTP/1.1" 404 168 "-" "Reeder/1.5.7 CFNetwork/609.1.4 Darwin/13.0.0"
85.133.69.238 - - [29/Apr/2013:06:35:46 +0000] "GET /blog/?feed=comments-rss2 HTTP/1.1" 404 168 "-" "Flavors.me Feed Plugin"
85.133.69.217 - - [29/Apr/2013:07:23:24 +0000] "GET /blog/?feed=comments-rss2 HTTP/1.1" 404 168 "-" "Flavors.me Feed Plugin"
208.115.113.91 - - [29/Apr/2013:07:50:19 +0000] "GET /robots.txt HTTP/1.1" 404 168 "-" "Mozilla/5.0 (compatible; Ezooms/1.0; ezooms.bot@gmail.com)"
208.115.113.91 - - [29/Apr/2013:08:02:01 +0000] "GET / HTTP/1.1" 200 805 "-" "Mozilla/5.0 (compatible; Ezooms/1.0; ezooms.bot@gmail.com)"
85.133.69.219 - - [29/Apr/2013:08:20:22 +0000] "GET /blog/?feed=comments-rss2 HTTP/1.1" 404 168 "-" "Flavors.me Feed Plugin"
85.133.69.215 - - [29/Apr/2013:08:51:41 +0000] "GET /blog/?feed=comments-rss2 HTTP/1.1" 404 168 "-" "Flavors.me Feed Plugin"
94.102.150.50 - - [29/Apr/2013:09:43:57 +0000] "GET /blog/?feed=rss2 HTTP/1.1" 404 168 "-" "SocialSearcher/0.1  Mozilla/5.0"
80.254.76.134 - - [29/Apr/2013:09:57:45 +0000] "GET / HTTP/1.1" 200 805 "-" "Mozilla/5.0 (X11; Linux i686) AppleWebKit/537.17 (KHTML, like Gecko) Chrome/24.0.1312.70 Safari/537.17"
80.254.76.134 - - [29/Apr/2013:09:57:45 +0000] "GET /static/css/style.css HTTP/1.1" 200 368 "http://encima.co.uk/" "Mozilla/5.0 (X11; Linux i686) AppleWebKit/537.17 (KHTML, like Gecko) Chrome/24.0.1312.70 Safari/537.17"
80.254.76.134 - - [29/Apr/2013:09:57:45 +0000] "GET /static/js/functions.js HTTP/1.1" 200 217 "http://encima.co.uk/" "Mozilla/5.0 (X11; Linux i686) AppleWebKit/537.17 (KHTML, like Gecko) Chrome/24.0.1312.70 Safari/537.17"
80.254.76.134 - - [29/Apr/2013:09:57:45 +0000] "GET /static/css/small.css HTTP/1.1" 200 302 "http://encima.co.uk/" "Mozilla/5.0 (X11; Linux i686) AppleWebKit/537.17 (KHTML, like Gecko) Chrome/24.0.1312.70 Safari/537.17"
80.254.76.134 - - [29/Apr/2013:09:57:46 +0000] "GET /favicon.ico HTTP/1.1" 404 570 "-" "Mozilla/5.0 (X11; Linux i686) AppleWebKit/537.17 (KHTML, like Gecko) Chrome/24.0.1312.70 Safari/537.17"
85.133.69.238 - - [29/Apr/2013:10:24:55 +0000] "GET /blog/?feed=comments-rss2 HTTP/1.1" 404 168 "-" "Flavors.me Feed Plugin"
85.133.69.215 - - [29/Apr/2013:11:13:18 +0000] "GET /blog/?feed=comments-rss2 HTTP/1.1" 404 168 "-" "Flavors.me Feed Plugin"
157.55.33.21 - - [29/Apr/2013:11:19:45 +0000] "GET /robots.txt HTTP/1.1" 404 168 "-" "Mozilla/5.0 (compatible; bingbot/2.0; +http://www.bing.com/bingbot.htm)"
157.55.33.21 - - [29/Apr/2013:11:21:38 +0000] "GET / HTTP/1.1" 200 805 "-" "Mozilla/5.0 (compatible; bingbot/2.0; +http://www.bing.com/bingbot.htm)"
85.133.69.217 - - [29/Apr/2013:11:55:46 +0000] "GET /blog/?feed=comments-rss2 HTTP/1.1" 404 168 "-" "Flavors.me Feed Plugin"
131.251.253.118 - - [29/Apr/2013:12:06:32 +0000] "GET / HTTP/1.1" 200 805 "-" "Reeder/1.5.7 CFNetwork/609.1.4 Darwin/13.0.0"
131.251.253.118 - - [29/Apr/2013:12:06:33 +0000] "GET /favicon.ico HTTP/1.1" 404 168 "-" "Reeder/1.5.7 CFNetwork/609.1.4 Darwin/13.0.0"
131.251.253.118 - - [29/Apr/2013:12:06:33 +0000] "GET /apple-touch-icon.png HTTP/1.1" 404 168 "-" "Reeder/1.5.7 CFNetwork/609.1.4 Darwin/13.0.0"
131.251.253.118 - - [29/Apr/2013:12:06:33 +0000] "GET /apple-touch-icon-precomposed.png HTTP/1.1" 404 168 "-" "Reeder/1.5.7 CFNetwork/609.1.4 Darwin/13.0.0"
131.251.253.118 - - [29/Apr/2013:12:27:19 +0000] "GET / HTTP/1.1" 200 805 "-" "Reeder/1.5.7 CFNetwork/609.1.4 Darwin/13.0.0"
131.251.253.118 - - [29/Apr/2013:12:27:19 +0000] "GET /favicon.ico HTTP/1.1" 404 168 "-" "Reeder/1.5.7 CFNetwork/609.1.4 Darwin/13.0.0"
131.251.253.118 - - [29/Apr/2013:12:27:19 +0000] "GET /apple-touch-icon.png HTTP/1.1" 404 168 "-" "Reeder/1.5.7 CFNetwork/609.1.4 Darwin/13.0.0"
131.251.253.118 - - [29/Apr/2013:12:27:19 +0000] "GET /apple-touch-icon-precomposed.png HTTP/1.1" 404 168 "-" "Reeder/1.5.7 CFNetwork/609.1.4 Darwin/13.0.0"
85.133.69.215 - - [29/Apr/2013:12:42:25 +0000] "GET /blog/?feed=comments-rss2 HTTP/1.1" 404 168 "-" "Flavors.me Feed Plugin"
85.133.69.217 - - [29/Apr/2013:13:28:03 +0000] "GET /blog/?feed=comments-rss2 HTTP/1.1" 404 168 "-" "Flavors.me Feed Plugin"
85.133.69.215 - - [29/Apr/2013:14:13:37 +0000] "GET /blog/?feed=comments-rss2 HTTP/1.1" 404 168 "-" "Flavors.me Feed Plugin"
117.27.138.148 - - [29/Apr/2013:14:43:28 +0000] "GET /blog/?p=34 HTTP/1.1" 404 570 "-" "Mozilla/4.0 (compatible; MSIE 6.0; Windows NT 5.1; SV1; TencentTraveler ; Mozilla/4.0 (compatible; MSIE 6.0; Windows NT 5.1; SV1) ; .NET CLR 2.0.50727 ; .NET CLR 4.0.30319)"
85.133.69.215 - - [29/Apr/2013:15:14:52 +0000] "GET /blog/?feed=comments-rss2 HTTP/1.1" 404 168 "-" "Flavors.me Feed Plugin"
131.251.254.123 - - [29/Apr/2013:15:16:41 +0000] "GET / HTTP/1.1" 200 805 "-" "Mozilla/5.0 (Macintosh; Intel Mac OS X 10_8_3) AppleWebKit/537.36 (KHTML, like Gecko) Chrome/28.0.1492.0 Safari/537.36"
131.251.254.123 - - [29/Apr/2013:15:16:42 +0000] "GET /static/css/style.css HTTP/1.1" 200 368 "http://encima.co.uk/" "Mozilla/5.0 (Macintosh; Intel Mac OS X 10_8_3) AppleWebKit/537.36 (KHTML, like Gecko) Chrome/28.0.1492.0 Safari/537.36"
131.251.254.123 - - [29/Apr/2013:15:16:42 +0000] "GET /static/js/functions.js HTTP/1.1" 200 217 "http://encima.co.uk/" "Mozilla/5.0 (Macintosh; Intel Mac OS X 10_8_3) AppleWebKit/537.36 (KHTML, like Gecko) Chrome/28.0.1492.0 Safari/537.36"
131.251.254.123 - - [29/Apr/2013:15:16:42 +0000] "GET /static/css/small.css HTTP/1.1" 200 302 "http://encima.co.uk/" "Mozilla/5.0 (Macintosh; Intel Mac OS X 10_8_3) AppleWebKit/537.36 (KHTML, like Gecko) Chrome/28.0.1492.0 Safari/537.36"
131.251.254.123 - - [29/Apr/2013:15:16:42 +0000] "GET /favicon.ico HTTP/1.1" 404 570 "-" "Mozilla/5.0 (Macintosh; Intel Mac OS X 10_8_3) AppleWebKit/537.36 (KHTML, like Gecko) Chrome/28.0.1492.0 Safari/537.36"
131.251.254.123 - - [29/Apr/2013:15:20:48 +0000] "GET / HTTP/1.1" 200 800 "-" "Mozilla/5.0 (Macintosh; Intel Mac OS X 10_8_3) AppleWebKit/537.36 (KHTML, like Gecko) Chrome/28.0.1492.0 Safari/537.36"
131.251.254.123 - - [29/Apr/2013:15:20:48 +0000] "GET /favicon.ico HTTP/1.1" 404 570 "-" "Mozilla/5.0 (Macintosh; Intel Mac OS X 10_8_3) AppleWebKit/537.36 (KHTML, like Gecko) Chrome/28.0.1492.0 Safari/537.36"
131.251.254.123 - - [29/Apr/2013:15:21:54 +0000] "GET / HTTP/1.1" 200 800 "-" "Mozilla/5.0 (Macintosh; Intel Mac OS X 10_8_3) AppleWebKit/537.36 (KHTML, like Gecko) Chrome/28.0.1492.0 Safari/537.36"
131.251.254.123 - - [29/Apr/2013:15:21:54 +0000] "GET /static/css/style.css HTTP/1.1" 200 368 "http://encima.co.uk/" "Mozilla/5.0 (Macintosh; Intel Mac OS X 10_8_3) AppleWebKit/537.36 (KHTML, like Gecko) Chrome/28.0.1492.0 Safari/537.36"
131.251.254.123 - - [29/Apr/2013:15:21:54 +0000] "GET /static/js/functions.js HTTP/1.1" 200 217 "http://encima.co.uk/" "Mozilla/5.0 (Macintosh; Intel Mac OS X 10_8_3) AppleWebKit/537.36 (KHTML, like Gecko) Chrome/28.0.1492.0 Safari/537.36"
131.251.254.123 - - [29/Apr/2013:15:21:54 +0000] "GET /static/css/small.css HTTP/1.1" 200 299 "http://encima.co.uk/" "Mozilla/5.0 (Macintosh; Intel Mac OS X 10_8_3) AppleWebKit/537.36 (KHTML, like Gecko) Chrome/28.0.1492.0 Safari/537.36"
131.251.254.123 - - [29/Apr/2013:15:21:55 +0000] "GET /favicon.ico HTTP/1.1" 404 570 "-" "Mozilla/5.0 (Macintosh; Intel Mac OS X 10_8_3) AppleWebKit/537.36 (KHTML, like Gecko) Chrome/28.0.1492.0 Safari/537.36"
131.251.254.123 - - [29/Apr/2013:15:22:52 +0000] "GET / HTTP/1.1" 200 845 "-" "Mozilla/5.0 (Macintosh; Intel Mac OS X 10_8_3) AppleWebKit/537.36 (KHTML, like Gecko) Chrome/28.0.1492.0 Safari/537.36"
131.251.254.123 - - [29/Apr/2013:15:22:53 +0000] "GET /static/css/style.css HTTP/1.1" 200 368 "http://encima.co.uk/" "Mozilla/5.0 (Macintosh; Intel Mac OS X 10_8_3) AppleWebKit/537.36 (KHTML, like Gecko) Chrome/28.0.1492.0 Safari/537.36"
131.251.254.123 - - [29/Apr/2013:15:22:53 +0000] "GET /static/js/functions.js HTTP/1.1" 200 217 "http://encima.co.uk/" "Mozilla/5.0 (Macintosh; Intel Mac OS X 10_8_3) AppleWebKit/537.36 (KHTML, like Gecko) Chrome/28.0.1492.0 Safari/537.36"
131.251.254.123 - - [29/Apr/2013:15:22:53 +0000] "GET /static/css/small.css HTTP/1.1" 200 299 "http://encima.co.uk/" "Mozilla/5.0 (Macintosh; Intel Mac OS X 10_8_3) AppleWebKit/537.36 (KHTML, like Gecko) Chrome/28.0.1492.0 Safari/537.36"
131.251.254.123 - - [29/Apr/2013:15:22:53 +0000] "GET /favicon.ico HTTP/1.1" 404 570 "-" "Mozilla/5.0 (Macintosh; Intel Mac OS X 10_8_3) AppleWebKit/537.36 (KHTML, like Gecko) Chrome/28.0.1492.0 Safari/537.36"
131.251.254.123 - - [29/Apr/2013:15:25:39 +0000] "GET / HTTP/1.1" 200 845 "-" "Mozilla/5.0 (Macintosh; Intel Mac OS X 10_8_3) AppleWebKit/537.36 (KHTML, like Gecko) Chrome/28.0.1492.0 Safari/537.36"
131.251.254.123 - - [29/Apr/2013:15:25:40 +0000] "GET /static/css/style.css HTTP/1.1" 200 446 "http://encima.co.uk/" "Mozilla/5.0 (Macintosh; Intel Mac OS X 10_8_3) AppleWebKit/537.36 (KHTML, like Gecko) Chrome/28.0.1492.0 Safari/537.36"
131.251.254.123 - - [29/Apr/2013:15:25:40 +0000] "GET /static/js/functions.js HTTP/1.1" 200 217 "http://encima.co.uk/" "Mozilla/5.0 (Macintosh; Intel Mac OS X 10_8_3) AppleWebKit/537.36 (KHTML, like Gecko) Chrome/28.0.1492.0 Safari/537.36"
131.251.254.123 - - [29/Apr/2013:15:25:40 +0000] "GET /static/css/small.css HTTP/1.1" 200 299 "http://encima.co.uk/" "Mozilla/5.0 (Macintosh; Intel Mac OS X 10_8_3) AppleWebKit/537.36 (KHTML, like Gecko) Chrome/28.0.1492.0 Safari/537.36"
131.251.254.123 - - [29/Apr/2013:15:25:40 +0000] "GET /favicon.ico HTTP/1.1" 404 570 "-" "Mozilla/5.0 (Macintosh; Intel Mac OS X 10_8_3) AppleWebKit/537.36 (KHTML, like Gecko) Chrome/28.0.1492.0 Safari/537.36"
131.251.254.123 - - [29/Apr/2013:15:26:26 +0000] "GET / HTTP/1.1" 200 726 "-" "Mozilla/5.0 (Macintosh; Intel Mac OS X 10_8_3) AppleWebKit/537.36 (KHTML, like Gecko) Chrome/28.0.1492.0 Safari/537.36"
131.251.254.123 - - [29/Apr/2013:15:26:26 +0000] "GET /static/css/style.css HTTP/1.1" 200 475 "http://encima.co.uk/" "Mozilla/5.0 (Macintosh; Intel Mac OS X 10_8_3) AppleWebKit/537.36 (KHTML, like Gecko) Chrome/28.0.1492.0 Safari/537.36"
131.251.254.123 - - [29/Apr/2013:15:26:26 +0000] "GET /static/js/functions.js HTTP/1.1" 200 217 "http://encima.co.uk/" "Mozilla/5.0 (Macintosh; Intel Mac OS X 10_8_3) AppleWebKit/537.36 (KHTML, like Gecko) Chrome/28.0.1492.0 Safari/537.36"
131.251.254.123 - - [29/Apr/2013:15:26:26 +0000] "GET /favicon.ico HTTP/1.1" 404 570 "-" "Mozilla/5.0 (Macintosh; Intel Mac OS X 10_8_3) AppleWebKit/537.36 (KHTML, like Gecko) Chrome/28.0.1492.0 Safari/537.36"
131.251.254.123 - - [29/Apr/2013:15:39:24 +0000] "GET / HTTP/1.1" 200 726 "-" "Mozilla/5.0 (Macintosh; Intel Mac OS X 10_8_3) AppleWebKit/537.36 (KHTML, like Gecko) Chrome/28.0.1492.0 Safari/537.36"
131.251.254.123 - - [29/Apr/2013:15:39:24 +0000] "GET /static/css/style.css HTTP/1.1" 200 470 "http://encima.co.uk/" "Mozilla/5.0 (Macintosh; Intel Mac OS X 10_8_3) AppleWebKit/537.36 (KHTML, like Gecko) Chrome/28.0.1492.0 Safari/537.36"
131.251.254.123 - - [29/Apr/2013:15:39:24 +0000] "GET /static/js/functions.js HTTP/1.1" 200 250 "http://encima.co.uk/" "Mozilla/5.0 (Macintosh; Intel Mac OS X 10_8_3) AppleWebKit/537.36 (KHTML, like Gecko) Chrome/28.0.1492.0 Safari/537.36"
131.251.254.123 - - [29/Apr/2013:15:39:24 +0000] "GET /favicon.ico HTTP/1.1" 404 570 "-" "Mozilla/5.0 (Macintosh; Intel Mac OS X 10_8_3) AppleWebKit/537.36 (KHTML, like Gecko) Chrome/28.0.1492.0 Safari/537.36"
131.251.254.123 - - [29/Apr/2013:15:40:23 +0000] "GET / HTTP/1.1" 200 726 "-" "Mozilla/5.0 (Macintosh; Intel Mac OS X 10_8_3) AppleWebKit/537.36 (KHTML, like Gecko) Chrome/28.0.1492.0 Safari/537.36"
131.251.254.123 - - [29/Apr/2013:15:40:23 +0000] "GET /static/css/style.css HTTP/1.1" 200 470 "http://encima.co.uk/" "Mozilla/5.0 (Macintosh; Intel Mac OS X 10_8_3) AppleWebKit/537.36 (KHTML, like Gecko) Chrome/28.0.1492.0 Safari/537.36"
131.251.254.123 - - [29/Apr/2013:15:40:23 +0000] "GET /static/js/functions.js HTTP/1.1" 200 262 "http://encima.co.uk/" "Mozilla/5.0 (Macintosh; Intel Mac OS X 10_8_3) AppleWebKit/537.36 (KHTML, like Gecko) Chrome/28.0.1492.0 Safari/537.36"
131.251.254.123 - - [29/Apr/2013:15:40:23 +0000] "GET /favicon.ico HTTP/1.1" 404 570 "-" "Mozilla/5.0 (Macintosh; Intel Mac OS X 10_8_3) AppleWebKit/537.36 (KHTML, like Gecko) Chrome/28.0.1492.0 Safari/537.36"
131.251.254.123 - - [29/Apr/2013:15:42:16 +0000] "GET / HTTP/1.1" 200 726 "-" "Mozilla/5.0 (Macintosh; Intel Mac OS X 10_8_3) AppleWebKit/537.36 (KHTML, like Gecko) Chrome/28.0.1492.0 Safari/537.36"
131.251.254.123 - - [29/Apr/2013:15:42:17 +0000] "GET /static/css/style.css HTTP/1.1" 200 503 "http://encima.co.uk/" "Mozilla/5.0 (Macintosh; Intel Mac OS X 10_8_3) AppleWebKit/537.36 (KHTML, like Gecko) Chrome/28.0.1492.0 Safari/537.36"
131.251.254.123 - - [29/Apr/2013:15:42:17 +0000] "GET /static/js/functions.js HTTP/1.1" 200 317 "http://encima.co.uk/" "Mozilla/5.0 (Macintosh; Intel Mac OS X 10_8_3) AppleWebKit/537.36 (KHTML, like Gecko) Chrome/28.0.1492.0 Safari/537.36"
131.251.254.123 - - [29/Apr/2013:15:42:17 +0000] "GET /favicon.ico HTTP/1.1" 404 570 "-" "Mozilla/5.0 (Macintosh; Intel Mac OS X 10_8_3) AppleWebKit/537.36 (KHTML, like Gecko) Chrome/28.0.1492.0 Safari/537.36"
131.251.254.123 - - [29/Apr/2013:15:43:55 +0000] "GET / HTTP/1.1" 304 0 "-" "Mozilla/5.0 (Macintosh; Intel Mac OS X 10_8_3) AppleWebKit/537.36 (KHTML, like Gecko) Chrome/28.0.1492.0 Safari/537.36"
131.251.254.123 - - [29/Apr/2013:15:43:55 +0000] "GET /static/css/style.css HTTP/1.1" 304 0 "http://encima.co.uk/" "Mozilla/5.0 (Macintosh; Intel Mac OS X 10_8_3) AppleWebKit/537.36 (KHTML, like Gecko) Chrome/28.0.1492.0 Safari/537.36"
131.251.254.123 - - [29/Apr/2013:15:43:55 +0000] "GET /static/js/functions.js HTTP/1.1" 200 355 "http://encima.co.uk/" "Mozilla/5.0 (Macintosh; Intel Mac OS X 10_8_3) AppleWebKit/537.36 (KHTML, like Gecko) Chrome/28.0.1492.0 Safari/537.36"
131.251.254.123 - - [29/Apr/2013:15:43:56 +0000] "GET /favicon.ico HTTP/1.1" 404 570 "-" "Mozilla/5.0 (Macintosh; Intel Mac OS X 10_8_3) AppleWebKit/537.36 (KHTML, like Gecko) Chrome/28.0.1492.0 Safari/537.36"
131.251.254.123 - - [29/Apr/2013:15:44:17 +0000] "GET / HTTP/1.1" 200 726 "-" "Mozilla/5.0 (Macintosh; Intel Mac OS X 10_8_3) AppleWebKit/537.36 (KHTML, like Gecko) Chrome/28.0.1492.0 Safari/537.36"
131.251.254.123 - - [29/Apr/2013:15:44:17 +0000] "GET /static/css/style.css HTTP/1.1" 304 0 "http://encima.co.uk/" "Mozilla/5.0 (Macintosh; Intel Mac OS X 10_8_3) AppleWebKit/537.36 (KHTML, like Gecko) Chrome/28.0.1492.0 Safari/537.36"
131.251.254.123 - - [29/Apr/2013:15:44:17 +0000] "GET /static/js/functions.js HTTP/1.1" 200 356 "http://encima.co.uk/" "Mozilla/5.0 (Macintosh; Intel Mac OS X 10_8_3) AppleWebKit/537.36 (KHTML, like Gecko) Chrome/28.0.1492.0 Safari/537.36"
131.251.254.123 - - [29/Apr/2013:15:44:17 +0000] "GET /favicon.ico HTTP/1.1" 404 570 "-" "Mozilla/5.0 (Macintosh; Intel Mac OS X 10_8_3) AppleWebKit/537.36 (KHTML, like Gecko) Chrome/28.0.1492.0 Safari/537.36"
131.251.254.123 - - [29/Apr/2013:15:44:44 +0000] "GET / HTTP/1.1" 200 726 "-" "Mozilla/5.0 (Macintosh; Intel Mac OS X 10_8_3) AppleWebKit/537.36 (KHTML, like Gecko) Chrome/28.0.1492.0 Safari/537.36"
131.251.254.123 - - [29/Apr/2013:15:44:44 +0000] "GET /static/css/style.css HTTP/1.1" 200 503 "http://encima.co.uk/" "Mozilla/5.0 (Macintosh; Intel Mac OS X 10_8_3) AppleWebKit/537.36 (KHTML, like Gecko) Chrome/28.0.1492.0 Safari/537.36"
131.251.254.123 - - [29/Apr/2013:15:44:44 +0000] "GET /static/js/functions.js HTTP/1.1" 200 359 "http://encima.co.uk/" "Mozilla/5.0 (Macintosh; Intel Mac OS X 10_8_3) AppleWebKit/537.36 (KHTML, like Gecko) Chrome/28.0.1492.0 Safari/537.36"
131.251.254.123 - - [29/Apr/2013:15:44:44 +0000] "GET /favicon.ico HTTP/1.1" 404 570 "-" "Mozilla/5.0 (Macintosh; Intel Mac OS X 10_8_3) AppleWebKit/537.36 (KHTML, like Gecko) Chrome/28.0.1492.0 Safari/537.36"
131.251.254.123 - - [29/Apr/2013:15:46:01 +0000] "GET / HTTP/1.1" 200 726 "-" "Mozilla/5.0 (Macintosh; Intel Mac OS X 10_8_3) AppleWebKit/537.36 (KHTML, like Gecko) Chrome/28.0.1492.0 Safari/537.36"
131.251.254.123 - - [29/Apr/2013:15:46:02 +0000] "GET /static/css/style.css HTTP/1.1" 200 503 "http://encima.co.uk/" "Mozilla/5.0 (Macintosh; Intel Mac OS X 10_8_3) AppleWebKit/537.36 (KHTML, like Gecko) Chrome/28.0.1492.0 Safari/537.36"
131.251.254.123 - - [29/Apr/2013:15:46:02 +0000] "GET /static/js/functions.js HTTP/1.1" 200 366 "http://encima.co.uk/" "Mozilla/5.0 (Macintosh; Intel Mac OS X 10_8_3) AppleWebKit/537.36 (KHTML, like Gecko) Chrome/28.0.1492.0 Safari/537.36"
131.251.254.123 - - [29/Apr/2013:15:46:02 +0000] "GET /favicon.ico HTTP/1.1" 404 570 "-" "Mozilla/5.0 (Macintosh; Intel Mac OS X 10_8_3) AppleWebKit/537.36 (KHTML, like Gecko) Chrome/28.0.1492.0 Safari/537.36"
131.251.254.123 - - [29/Apr/2013:15:46:35 +0000] "GET / HTTP/1.1" 200 726 "-" "Mozilla/5.0 (Macintosh; Intel Mac OS X 10_8_3) AppleWebKit/537.36 (KHTML, like Gecko) Chrome/28.0.1492.0 Safari/537.36"
131.251.254.123 - - [29/Apr/2013:15:46:35 +0000] "GET /static/css/style.css HTTP/1.1" 200 503 "http://encima.co.uk/" "Mozilla/5.0 (Macintosh; Intel Mac OS X 10_8_3) AppleWebKit/537.36 (KHTML, like Gecko) Chrome/28.0.1492.0 Safari/537.36"
131.251.254.123 - - [29/Apr/2013:15:46:35 +0000] "GET /static/js/functions.js HTTP/1.1" 200 374 "http://encima.co.uk/" "Mozilla/5.0 (Macintosh; Intel Mac OS X 10_8_3) AppleWebKit/537.36 (KHTML, like Gecko) Chrome/28.0.1492.0 Safari/537.36"
131.251.254.123 - - [29/Apr/2013:15:46:36 +0000] "GET /favicon.ico HTTP/1.1" 404 570 "-" "Mozilla/5.0 (Macintosh; Intel Mac OS X 10_8_3) AppleWebKit/537.36 (KHTML, like Gecko) Chrome/28.0.1492.0 Safari/537.36"
131.251.254.123 - - [29/Apr/2013:15:47:01 +0000] "GET / HTTP/1.1" 200 726 "-" "Mozilla/5.0 (Macintosh; Intel Mac OS X 10_8_3) AppleWebKit/537.36 (KHTML, like Gecko) Chrome/28.0.1492.0 Safari/537.36"
131.251.254.123 - - [29/Apr/2013:15:47:01 +0000] "GET /static/css/style.css HTTP/1.1" 200 503 "http://encima.co.uk/" "Mozilla/5.0 (Macintosh; Intel Mac OS X 10_8_3) AppleWebKit/537.36 (KHTML, like Gecko) Chrome/28.0.1492.0 Safari/537.36"
131.251.254.123 - - [29/Apr/2013:15:47:01 +0000] "GET /static/js/functions.js HTTP/1.1" 200 370 "http://encima.co.uk/" "Mozilla/5.0 (Macintosh; Intel Mac OS X 10_8_3) AppleWebKit/537.36 (KHTML, like Gecko) Chrome/28.0.1492.0 Safari/537.36"
131.251.254.123 - - [29/Apr/2013:15:47:01 +0000] "GET /favicon.ico HTTP/1.1" 404 570 "-" "Mozilla/5.0 (Macintosh; Intel Mac OS X 10_8_3) AppleWebKit/537.36 (KHTML, like Gecko) Chrome/28.0.1492.0 Safari/537.36"
85.133.69.238 - - [29/Apr/2013:15:47:17 +0000] "GET /blog/?feed=comments-rss2 HTTP/1.1" 404 168 "-" "Flavors.me Feed Plugin"
131.251.254.123 - - [29/Apr/2013:15:47:30 +0000] "GET / HTTP/1.1" 200 726 "-" "Mozilla/5.0 (Macintosh; Intel Mac OS X 10_8_3) AppleWebKit/537.36 (KHTML, like Gecko) Chrome/28.0.1492.0 Safari/537.36"
131.251.254.123 - - [29/Apr/2013:15:47:30 +0000] "GET /static/css/style.css HTTP/1.1" 200 503 "http://encima.co.uk/" "Mozilla/5.0 (Macintosh; Intel Mac OS X 10_8_3) AppleWebKit/537.36 (KHTML, like Gecko) Chrome/28.0.1492.0 Safari/537.36"
131.251.254.123 - - [29/Apr/2013:15:47:30 +0000] "GET /static/js/functions.js HTTP/1.1" 200 370 "http://encima.co.uk/" "Mozilla/5.0 (Macintosh; Intel Mac OS X 10_8_3) AppleWebKit/537.36 (KHTML, like Gecko) Chrome/28.0.1492.0 Safari/537.36"
131.251.254.123 - - [29/Apr/2013:15:47:30 +0000] "GET /favicon.ico HTTP/1.1" 404 570 "-" "Mozilla/5.0 (Macintosh; Intel Mac OS X 10_8_3) AppleWebKit/537.36 (KHTML, like Gecko) Chrome/28.0.1492.0 Safari/537.36"
131.251.254.123 - - [29/Apr/2013:15:47:57 +0000] "GET /static/css/style.css HTTP/1.1" 304 0 "http://encima.co.uk/" "Mozilla/5.0 (Macintosh; Intel Mac OS X 10_8_3) AppleWebKit/537.36 (KHTML, like Gecko) Chrome/28.0.1493.0 Safari/537.36"
131.251.254.123 - - [29/Apr/2013:15:47:57 +0000] "GET /static/js/functions.js HTTP/1.1" 304 0 "http://encima.co.uk/" "Mozilla/5.0 (Macintosh; Intel Mac OS X 10_8_3) AppleWebKit/537.36 (KHTML, like Gecko) Chrome/28.0.1493.0 Safari/537.36"
131.251.254.123 - - [29/Apr/2013:15:47:58 +0000] "GET /favicon.ico HTTP/1.1" 404 570 "-" "Mozilla/5.0 (Macintosh; Intel Mac OS X 10_8_3) AppleWebKit/537.36 (KHTML, like Gecko) Chrome/28.0.1493.0 Safari/537.36"
