131.251.254.123 - - [26/Apr/2013:11:23:20 +0000] "GET / HTTP/1.1" 200 434 "-" "Mozilla/5.0 (Macintosh; Intel Mac OS X 10_8_3) AppleWebKit/537.36 (KHTML, like Gecko) Chrome/27.0.1453.56 Safari/537.36"
131.251.254.123 - - [26/Apr/2013:11:23:20 +0000] "GET /static/css/style.css HTTP/1.1" 200 121 "http://christopher-gwilliams.com/" "Mozilla/5.0 (Macintosh; Intel Mac OS X 10_8_3) AppleWebKit/537.36 (KHTML, like Gecko) Chrome/27.0.1453.56 Safari/537.36"
131.251.254.123 - - [26/Apr/2013:11:23:20 +0000] "GET /favicon.ico HTTP/1.1" 404 570 "-" "Mozilla/5.0 (Macintosh; Intel Mac OS X 10_8_3) AppleWebKit/537.36 (KHTML, like Gecko) Chrome/27.0.1453.56 Safari/537.36"
131.251.254.123 - - [26/Apr/2013:11:23:27 +0000] "GET /favicon.ico HTTP/1.1" 404 570 "-" "Mozilla/5.0 (Macintosh; Intel Mac OS X 10_8_3) AppleWebKit/537.36 (KHTML, like Gecko) Chrome/27.0.1453.56 Safari/537.36"
131.251.254.123 - - [26/Apr/2013:11:23:52 +0000] "GET / HTTP/1.1" 200 442 "-" "Mozilla/5.0 (Macintosh; Intel Mac OS X 10_8_3) AppleWebKit/537.36 (KHTML, like Gecko) Chrome/27.0.1453.56 Safari/537.36"
131.251.254.123 - - [26/Apr/2013:11:23:52 +0000] "GET /static/css/style.css HTTP/1.1" 304 0 "http://christopher-gwilliams.com/" "Mozilla/5.0 (Macintosh; Intel Mac OS X 10_8_3) AppleWebKit/537.36 (KHTML, like Gecko) Chrome/27.0.1453.56 Safari/537.36"
131.251.254.123 - - [26/Apr/2013:11:23:52 +0000] "GET /static/js/functions.js HTTP/1.1" 200 0 "http://christopher-gwilliams.com/" "Mozilla/5.0 (Macintosh; Intel Mac OS X 10_8_3) AppleWebKit/537.36 (KHTML, like Gecko) Chrome/27.0.1453.56 Safari/537.36"
131.251.254.123 - - [26/Apr/2013:11:23:52 +0000] "GET /favicon.ico HTTP/1.1" 404 570 "-" "Mozilla/5.0 (Macintosh; Intel Mac OS X 10_8_3) AppleWebKit/537.36 (KHTML, like Gecko) Chrome/27.0.1453.56 Safari/537.36"
131.251.254.123 - - [26/Apr/2013:11:23:59 +0000] "GET /favicon.ico HTTP/1.1" 404 570 "-" "Mozilla/5.0 (Macintosh; Intel Mac OS X 10_8_3) AppleWebKit/537.36 (KHTML, like Gecko) Chrome/27.0.1453.56 Safari/537.36"
131.251.254.123 - - [26/Apr/2013:11:24:00 +0000] "GET /favicon.ico HTTP/1.1" 404 570 "-" "Mozilla/5.0 (Macintosh; Intel Mac OS X 10_8_3) AppleWebKit/537.36 (KHTML, like Gecko) Chrome/27.0.1453.56 Safari/537.36"
131.251.254.123 - - [26/Apr/2013:11:24:47 +0000] "GET / HTTP/1.1" 200 441 "-" "Mozilla/5.0 (Macintosh; Intel Mac OS X 10_8_3) AppleWebKit/537.36 (KHTML, like Gecko) Chrome/27.0.1453.56 Safari/537.36"
131.251.254.123 - - [26/Apr/2013:11:24:47 +0000] "GET /static/js/functions.js HTTP/1.1" 200 0 "http://christopher-gwilliams.com/" "Mozilla/5.0 (Macintosh; Intel Mac OS X 10_8_3) AppleWebKit/537.36 (KHTML, like Gecko) Chrome/27.0.1453.56 Safari/537.36"
131.251.254.123 - - [26/Apr/2013:11:24:47 +0000] "GET /static/css/style.css HTTP/1.1" 200 121 "http://christopher-gwilliams.com/" "Mozilla/5.0 (Macintosh; Intel Mac OS X 10_8_3) AppleWebKit/537.36 (KHTML, like Gecko) Chrome/27.0.1453.56 Safari/537.36"
131.251.254.123 - - [26/Apr/2013:11:24:47 +0000] "GET /favicon.ico HTTP/1.1" 404 570 "-" "Mozilla/5.0 (Macintosh; Intel Mac OS X 10_8_3) AppleWebKit/537.36 (KHTML, like Gecko) Chrome/27.0.1453.56 Safari/537.36"
66.249.74.72 - - [26/Apr/2013:11:26:55 +0000] "GET /robots.txt HTTP/1.1" 404 168 "-" "Mozilla/5.0 (compatible; Googlebot/2.1; +http://www.google.com/bot.html)"
66.249.74.72 - - [26/Apr/2013:11:26:55 +0000] "GET /index.html HTTP/1.1" 200 441 "-" "Mozilla/5.0 (compatible; Googlebot/2.1; +http://www.google.com/bot.html)"
131.251.254.123 - - [26/Apr/2013:11:28:55 +0000] "GET / HTTP/1.1" 200 441 "-" "Mozilla/5.0 (Macintosh; Intel Mac OS X 10_8_3) AppleWebKit/537.36 (KHTML, like Gecko) Chrome/27.0.1453.56 Safari/537.36"
131.251.254.123 - - [26/Apr/2013:11:28:55 +0000] "GET /static/css/style.css HTTP/1.1" 200 289 "http://christopher-gwilliams.com/" "Mozilla/5.0 (Macintosh; Intel Mac OS X 10_8_3) AppleWebKit/537.36 (KHTML, like Gecko) Chrome/27.0.1453.56 Safari/537.36"
131.251.254.123 - - [26/Apr/2013:11:28:55 +0000] "GET /static/js/functions.js HTTP/1.1" 200 0 "http://christopher-gwilliams.com/" "Mozilla/5.0 (Macintosh; Intel Mac OS X 10_8_3) AppleWebKit/537.36 (KHTML, like Gecko) Chrome/27.0.1453.56 Safari/537.36"
131.251.254.123 - - [26/Apr/2013:11:28:55 +0000] "GET /favicon.ico HTTP/1.1" 404 570 "-" "Mozilla/5.0 (Macintosh; Intel Mac OS X 10_8_3) AppleWebKit/537.36 (KHTML, like Gecko) Chrome/27.0.1453.56 Safari/537.36"
131.251.254.123 - - [26/Apr/2013:11:31:43 +0000] "GET / HTTP/1.1" 200 554 "-" "Mozilla/5.0 (Macintosh; Intel Mac OS X 10_8_3) AppleWebKit/537.36 (KHTML, like Gecko) Chrome/27.0.1453.56 Safari/537.36"
131.251.254.123 - - [26/Apr/2013:11:31:43 +0000] "GET /static/css/style.css HTTP/1.1" 200 370 "http://christopher-gwilliams.com/" "Mozilla/5.0 (Macintosh; Intel Mac OS X 10_8_3) AppleWebKit/537.36 (KHTML, like Gecko) Chrome/27.0.1453.56 Safari/537.36"
131.251.254.123 - - [26/Apr/2013:11:31:43 +0000] "GET /static/js/functions.js HTTP/1.1" 200 0 "http://christopher-gwilliams.com/" "Mozilla/5.0 (Macintosh; Intel Mac OS X 10_8_3) AppleWebKit/537.36 (KHTML, like Gecko) Chrome/27.0.1453.56 Safari/537.36"
131.251.254.123 - - [26/Apr/2013:11:31:43 +0000] "GET /favicon.ico HTTP/1.1" 404 570 "-" "Mozilla/5.0 (Macintosh; Intel Mac OS X 10_8_3) AppleWebKit/537.36 (KHTML, like Gecko) Chrome/27.0.1453.56 Safari/537.36"
131.251.254.123 - - [26/Apr/2013:11:32:38 +0000] "GET / HTTP/1.1" 200 554 "-" "Mozilla/5.0 (Macintosh; Intel Mac OS X 10_8_3) AppleWebKit/537.36 (KHTML, like Gecko) Chrome/27.0.1453.56 Safari/537.36"
131.251.254.123 - - [26/Apr/2013:11:32:38 +0000] "GET /static/css/style.css HTTP/1.1" 200 366 "http://christopher-gwilliams.com/" "Mozilla/5.0 (Macintosh; Intel Mac OS X 10_8_3) AppleWebKit/537.36 (KHTML, like Gecko) Chrome/27.0.1453.56 Safari/537.36"
131.251.254.123 - - [26/Apr/2013:11:32:38 +0000] "GET /static/js/functions.js HTTP/1.1" 200 0 "http://christopher-gwilliams.com/" "Mozilla/5.0 (Macintosh; Intel Mac OS X 10_8_3) AppleWebKit/537.36 (KHTML, like Gecko) Chrome/27.0.1453.56 Safari/537.36"
131.251.254.123 - - [26/Apr/2013:11:32:39 +0000] "GET /favicon.ico HTTP/1.1" 404 570 "-" "Mozilla/5.0 (Macintosh; Intel Mac OS X 10_8_3) AppleWebKit/537.36 (KHTML, like Gecko) Chrome/27.0.1453.56 Safari/537.36"
131.251.254.123 - - [26/Apr/2013:11:33:38 +0000] "GET / HTTP/1.1" 200 554 "-" "Mozilla/5.0 (Macintosh; Intel Mac OS X 10_8_3) AppleWebKit/537.36 (KHTML, like Gecko) Chrome/27.0.1453.56 Safari/537.36"
131.251.254.123 - - [26/Apr/2013:11:33:38 +0000] "GET /static/css/style.css HTTP/1.1" 200 301 "http://christopher-gwilliams.com/" "Mozilla/5.0 (Macintosh; Intel Mac OS X 10_8_3) AppleWebKit/537.36 (KHTML, like Gecko) Chrome/27.0.1453.56 Safari/537.36"
131.251.254.123 - - [26/Apr/2013:11:33:38 +0000] "GET /static/js/functions.js HTTP/1.1" 200 0 "http://christopher-gwilliams.com/" "Mozilla/5.0 (Macintosh; Intel Mac OS X 10_8_3) AppleWebKit/537.36 (KHTML, like Gecko) Chrome/27.0.1453.56 Safari/537.36"
131.251.254.123 - - [26/Apr/2013:11:33:39 +0000] "GET /favicon.ico HTTP/1.1" 404 570 "-" "Mozilla/5.0 (Macintosh; Intel Mac OS X 10_8_3) AppleWebKit/537.36 (KHTML, like Gecko) Chrome/27.0.1453.56 Safari/537.36"
131.251.254.123 - - [26/Apr/2013:11:34:05 +0000] "GET / HTTP/1.1" 200 554 "-" "Mozilla/5.0 (Macintosh; Intel Mac OS X 10_8_3) AppleWebKit/537.36 (KHTML, like Gecko) Chrome/27.0.1453.56 Safari/537.36"
131.251.254.123 - - [26/Apr/2013:11:34:06 +0000] "GET /static/css/style.css HTTP/1.1" 200 322 "http://christopher-gwilliams.com/" "Mozilla/5.0 (Macintosh; Intel Mac OS X 10_8_3) AppleWebKit/537.36 (KHTML, like Gecko) Chrome/27.0.1453.56 Safari/537.36"
131.251.254.123 - - [26/Apr/2013:11:34:06 +0000] "GET /static/js/functions.js HTTP/1.1" 200 0 "http://christopher-gwilliams.com/" "Mozilla/5.0 (Macintosh; Intel Mac OS X 10_8_3) AppleWebKit/537.36 (KHTML, like Gecko) Chrome/27.0.1453.56 Safari/537.36"
131.251.254.123 - - [26/Apr/2013:11:34:06 +0000] "GET /favicon.ico HTTP/1.1" 404 570 "-" "Mozilla/5.0 (Macintosh; Intel Mac OS X 10_8_3) AppleWebKit/537.36 (KHTML, like Gecko) Chrome/27.0.1453.56 Safari/537.36"
131.251.254.123 - - [26/Apr/2013:11:34:13 +0000] "GET / HTTP/1.1" 200 554 "-" "Mozilla/5.0 (Macintosh; Intel Mac OS X 10_8_3) AppleWebKit/537.36 (KHTML, like Gecko) Chrome/27.0.1453.56 Safari/537.36"
131.251.254.123 - - [26/Apr/2013:11:34:13 +0000] "GET /static/css/style.css HTTP/1.1" 200 303 "http://christopher-gwilliams.com/" "Mozilla/5.0 (Macintosh; Intel Mac OS X 10_8_3) AppleWebKit/537.36 (KHTML, like Gecko) Chrome/27.0.1453.56 Safari/537.36"
131.251.254.123 - - [26/Apr/2013:11:34:13 +0000] "GET /static/js/functions.js HTTP/1.1" 200 0 "http://christopher-gwilliams.com/" "Mozilla/5.0 (Macintosh; Intel Mac OS X 10_8_3) AppleWebKit/537.36 (KHTML, like Gecko) Chrome/27.0.1453.56 Safari/537.36"
131.251.254.123 - - [26/Apr/2013:11:34:13 +0000] "GET /favicon.ico HTTP/1.1" 404 570 "-" "Mozilla/5.0 (Macintosh; Intel Mac OS X 10_8_3) AppleWebKit/537.36 (KHTML, like Gecko) Chrome/27.0.1453.56 Safari/537.36"
131.251.254.123 - - [26/Apr/2013:11:34:54 +0000] "GET / HTTP/1.1" 200 554 "-" "Mozilla/5.0 (Macintosh; Intel Mac OS X 10_8_3) AppleWebKit/537.36 (KHTML, like Gecko) Chrome/27.0.1453.56 Safari/537.36"
131.251.254.123 - - [26/Apr/2013:11:34:55 +0000] "GET /static/css/style.css HTTP/1.1" 200 348 "http://christopher-gwilliams.com/" "Mozilla/5.0 (Macintosh; Intel Mac OS X 10_8_3) AppleWebKit/537.36 (KHTML, like Gecko) Chrome/27.0.1453.56 Safari/537.36"
131.251.254.123 - - [26/Apr/2013:11:34:55 +0000] "GET /static/js/functions.js HTTP/1.1" 200 0 "http://christopher-gwilliams.com/" "Mozilla/5.0 (Macintosh; Intel Mac OS X 10_8_3) AppleWebKit/537.36 (KHTML, like Gecko) Chrome/27.0.1453.56 Safari/537.36"
131.251.254.123 - - [26/Apr/2013:11:34:55 +0000] "GET /favicon.ico HTTP/1.1" 404 570 "-" "Mozilla/5.0 (Macintosh; Intel Mac OS X 10_8_3) AppleWebKit/537.36 (KHTML, like Gecko) Chrome/27.0.1453.56 Safari/537.36"
131.251.254.123 - - [26/Apr/2013:11:35:15 +0000] "GET / HTTP/1.1" 200 554 "-" "Mozilla/5.0 (Macintosh; Intel Mac OS X 10_8_3) AppleWebKit/537.36 (KHTML, like Gecko) Chrome/27.0.1453.56 Safari/537.36"
131.251.254.123 - - [26/Apr/2013:11:35:15 +0000] "GET /static/css/style.css HTTP/1.1" 200 366 "http://christopher-gwilliams.com/" "Mozilla/5.0 (Macintosh; Intel Mac OS X 10_8_3) AppleWebKit/537.36 (KHTML, like Gecko) Chrome/27.0.1453.56 Safari/537.36"
131.251.254.123 - - [26/Apr/2013:11:35:15 +0000] "GET /static/js/functions.js HTTP/1.1" 200 0 "http://christopher-gwilliams.com/" "Mozilla/5.0 (Macintosh; Intel Mac OS X 10_8_3) AppleWebKit/537.36 (KHTML, like Gecko) Chrome/27.0.1453.56 Safari/537.36"
131.251.254.123 - - [26/Apr/2013:11:35:15 +0000] "GET /favicon.ico HTTP/1.1" 404 570 "-" "Mozilla/5.0 (Macintosh; Intel Mac OS X 10_8_3) AppleWebKit/537.36 (KHTML, like Gecko) Chrome/27.0.1453.56 Safari/537.36"
131.251.254.123 - - [26/Apr/2013:11:35:16 +0000] "GET / HTTP/1.1" 200 554 "-" "Mozilla/5.0 (Macintosh; Intel Mac OS X 10_8_3) AppleWebKit/537.36 (KHTML, like Gecko) Chrome/27.0.1453.56 Safari/537.36"
131.251.254.123 - - [26/Apr/2013:11:35:16 +0000] "GET /static/css/style.css HTTP/1.1" 200 366 "http://christopher-gwilliams.com/" "Mozilla/5.0 (Macintosh; Intel Mac OS X 10_8_3) AppleWebKit/537.36 (KHTML, like Gecko) Chrome/27.0.1453.56 Safari/537.36"
131.251.254.123 - - [26/Apr/2013:11:35:16 +0000] "GET /static/js/functions.js HTTP/1.1" 200 0 "http://christopher-gwilliams.com/" "Mozilla/5.0 (Macintosh; Intel Mac OS X 10_8_3) AppleWebKit/537.36 (KHTML, like Gecko) Chrome/27.0.1453.56 Safari/537.36"
131.251.254.123 - - [26/Apr/2013:11:35:16 +0000] "GET /favicon.ico HTTP/1.1" 404 570 "-" "Mozilla/5.0 (Macintosh; Intel Mac OS X 10_8_3) AppleWebKit/537.36 (KHTML, like Gecko) Chrome/27.0.1453.56 Safari/537.36"
131.251.254.123 - - [26/Apr/2013:11:35:32 +0000] "GET / HTTP/1.1" 200 554 "-" "Mozilla/5.0 (Macintosh; Intel Mac OS X 10_8_3) AppleWebKit/537.36 (KHTML, like Gecko) Chrome/27.0.1453.56 Safari/537.36"
131.251.254.123 - - [26/Apr/2013:11:35:32 +0000] "GET /static/css/style.css HTTP/1.1" 200 372 "http://christopher-gwilliams.com/" "Mozilla/5.0 (Macintosh; Intel Mac OS X 10_8_3) AppleWebKit/537.36 (KHTML, like Gecko) Chrome/27.0.1453.56 Safari/537.36"
131.251.254.123 - - [26/Apr/2013:11:35:32 +0000] "GET /static/js/functions.js HTTP/1.1" 200 0 "http://christopher-gwilliams.com/" "Mozilla/5.0 (Macintosh; Intel Mac OS X 10_8_3) AppleWebKit/537.36 (KHTML, like Gecko) Chrome/27.0.1453.56 Safari/537.36"
131.251.254.123 - - [26/Apr/2013:11:35:32 +0000] "GET /favicon.ico HTTP/1.1" 404 570 "-" "Mozilla/5.0 (Macintosh; Intel Mac OS X 10_8_3) AppleWebKit/537.36 (KHTML, like Gecko) Chrome/27.0.1453.56 Safari/537.36"
131.251.254.123 - - [26/Apr/2013:11:39:07 +0000] "GET / HTTP/1.1" 200 554 "-" "Mozilla/5.0 (Macintosh; Intel Mac OS X 10_8_3) AppleWebKit/537.36 (KHTML, like Gecko) Chrome/27.0.1453.56 Safari/537.36"
131.251.254.123 - - [26/Apr/2013:11:39:08 +0000] "GET /static/css/style.css HTTP/1.1" 200 348 "http://christopher-gwilliams.com/" "Mozilla/5.0 (Macintosh; Intel Mac OS X 10_8_3) AppleWebKit/537.36 (KHTML, like Gecko) Chrome/27.0.1453.56 Safari/537.36"
131.251.254.123 - - [26/Apr/2013:11:39:08 +0000] "GET /static/js/functions.js HTTP/1.1" 200 0 "http://christopher-gwilliams.com/" "Mozilla/5.0 (Macintosh; Intel Mac OS X 10_8_3) AppleWebKit/537.36 (KHTML, like Gecko) Chrome/27.0.1453.56 Safari/537.36"
131.251.254.123 - - [26/Apr/2013:11:39:08 +0000] "GET /favicon.ico HTTP/1.1" 404 570 "-" "Mozilla/5.0 (Macintosh; Intel Mac OS X 10_8_3) AppleWebKit/537.36 (KHTML, like Gecko) Chrome/27.0.1453.56 Safari/537.36"
131.251.254.123 - - [26/Apr/2013:11:39:12 +0000] "GET /favicon.ico HTTP/1.1" 404 570 "-" "Mozilla/5.0 (Macintosh; Intel Mac OS X 10_8_3) AppleWebKit/537.36 (KHTML, like Gecko) Chrome/27.0.1453.56 Safari/537.36"
131.251.254.123 - - [26/Apr/2013:11:39:13 +0000] "GET /favicon.ico HTTP/1.1" 404 570 "-" "Mozilla/5.0 (Macintosh; Intel Mac OS X 10_8_3) AppleWebKit/537.36 (KHTML, like Gecko) Chrome/27.0.1453.56 Safari/537.36"
131.251.254.123 - - [26/Apr/2013:11:39:17 +0000] "GET /favicon.ico HTTP/1.1" 404 570 "-" "Mozilla/5.0 (Macintosh; Intel Mac OS X 10_8_3) AppleWebKit/537.36 (KHTML, like Gecko) Chrome/27.0.1453.56 Safari/537.36"
131.251.254.123 - - [26/Apr/2013:11:39:19 +0000] "GET /favicon.ico HTTP/1.1" 404 570 "-" "Mozilla/5.0 (Macintosh; Intel Mac OS X 10_8_3) AppleWebKit/537.36 (KHTML, like Gecko) Chrome/27.0.1453.56 Safari/537.36"
131.251.254.123 - - [26/Apr/2013:11:39:48 +0000] "GET /static/css/style.css HTTP/1.1" 304 0 "http://christopher-gwilliams.com/" "Mozilla/5.0 (Macintosh; Intel Mac OS X 10_8_3) AppleWebKit/537.36 (KHTML, like Gecko) Chrome/27.0.1453.56 Safari/537.36"
131.251.254.123 - - [26/Apr/2013:11:39:48 +0000] "GET /favicon.ico HTTP/1.1" 404 570 "-" "Mozilla/5.0 (Macintosh; Intel Mac OS X 10_8_3) AppleWebKit/537.36 (KHTML, like Gecko) Chrome/27.0.1453.56 Safari/537.36"
131.251.254.123 - - [26/Apr/2013:11:40:17 +0000] "GET / HTTP/1.1" 200 554 "-" "Mozilla/5.0 (Macintosh; Intel Mac OS X 10_8_3) AppleWebKit/537.36 (KHTML, like Gecko) Chrome/27.0.1453.56 Safari/537.36"
131.251.254.123 - - [26/Apr/2013:11:40:17 +0000] "GET /static/css/style.css HTTP/1.1" 200 368 "http://christopher-gwilliams.com/" "Mozilla/5.0 (Macintosh; Intel Mac OS X 10_8_3) AppleWebKit/537.36 (KHTML, like Gecko) Chrome/27.0.1453.56 Safari/537.36"
131.251.254.123 - - [26/Apr/2013:11:40:17 +0000] "GET /favicon.ico HTTP/1.1" 404 570 "-" "Mozilla/5.0 (Macintosh; Intel Mac OS X 10_8_3) AppleWebKit/537.36 (KHTML, like Gecko) Chrome/27.0.1453.56 Safari/537.36"
208.115.113.91 - - [26/Apr/2013:11:47:40 +0000] "GET /robots.txt HTTP/1.1" 404 168 "-" "Mozilla/5.0 (compatible; Ezooms/1.0; ezooms.bot@gmail.com)"
131.251.254.123 - - [26/Apr/2013:11:50:17 +0000] "GET / HTTP/1.1" 200 642 "-" "Mozilla/5.0 (Macintosh; Intel Mac OS X 10_8_3) AppleWebKit/537.36 (KHTML, like Gecko) Chrome/27.0.1453.56 Safari/537.36"
131.251.254.123 - - [26/Apr/2013:11:50:17 +0000] "GET /static/css/style.css HTTP/1.1" 200 368 "http://christopher-gwilliams.com/" "Mozilla/5.0 (Macintosh; Intel Mac OS X 10_8_3) AppleWebKit/537.36 (KHTML, like Gecko) Chrome/27.0.1453.56 Safari/537.36"
131.251.254.123 - - [26/Apr/2013:11:50:17 +0000] "GET /static/js/functions.js HTTP/1.1" 200 85 "http://christopher-gwilliams.com/" "Mozilla/5.0 (Macintosh; Intel Mac OS X 10_8_3) AppleWebKit/537.36 (KHTML, like Gecko) Chrome/27.0.1453.56 Safari/537.36"
131.251.254.123 - - [26/Apr/2013:11:50:18 +0000] "GET /favicon.ico HTTP/1.1" 404 570 "-" "Mozilla/5.0 (Macintosh; Intel Mac OS X 10_8_3) AppleWebKit/537.36 (KHTML, like Gecko) Chrome/27.0.1453.56 Safari/537.36"
131.251.254.123 - - [26/Apr/2013:11:51:53 +0000] "GET / HTTP/1.1" 200 642 "-" "Mozilla/5.0 (Macintosh; Intel Mac OS X 10_8_3) AppleWebKit/537.36 (KHTML, like Gecko) Chrome/27.0.1453.56 Safari/537.36"
131.251.254.123 - - [26/Apr/2013:11:51:53 +0000] "GET /static/css/style.css HTTP/1.1" 200 368 "http://christopher-gwilliams.com/" "Mozilla/5.0 (Macintosh; Intel Mac OS X 10_8_3) AppleWebKit/537.36 (KHTML, like Gecko) Chrome/27.0.1453.56 Safari/537.36"
131.251.254.123 - - [26/Apr/2013:11:51:53 +0000] "GET /static/js/functions.js HTTP/1.1" 200 96 "http://christopher-gwilliams.com/" "Mozilla/5.0 (Macintosh; Intel Mac OS X 10_8_3) AppleWebKit/537.36 (KHTML, like Gecko) Chrome/27.0.1453.56 Safari/537.36"
131.251.254.123 - - [26/Apr/2013:11:51:53 +0000] "GET /favicon.ico HTTP/1.1" 404 570 "-" "Mozilla/5.0 (Macintosh; Intel Mac OS X 10_8_3) AppleWebKit/537.36 (KHTML, like Gecko) Chrome/27.0.1453.56 Safari/537.36"
131.251.254.123 - - [26/Apr/2013:11:52:19 +0000] "GET / HTTP/1.1" 200 642 "-" "Mozilla/5.0 (Macintosh; Intel Mac OS X 10_8_3) AppleWebKit/537.36 (KHTML, like Gecko) Chrome/27.0.1453.56 Safari/537.36"
131.251.254.123 - - [26/Apr/2013:11:52:20 +0000] "GET /static/css/style.css HTTP/1.1" 200 368 "http://christopher-gwilliams.com/" "Mozilla/5.0 (Macintosh; Intel Mac OS X 10_8_3) AppleWebKit/537.36 (KHTML, like Gecko) Chrome/27.0.1453.56 Safari/537.36"
131.251.254.123 - - [26/Apr/2013:11:52:20 +0000] "GET /static/js/functions.js HTTP/1.1" 200 101 "http://christopher-gwilliams.com/" "Mozilla/5.0 (Macintosh; Intel Mac OS X 10_8_3) AppleWebKit/537.36 (KHTML, like Gecko) Chrome/27.0.1453.56 Safari/537.36"
131.251.254.123 - - [26/Apr/2013:11:52:20 +0000] "GET /favicon.ico HTTP/1.1" 404 570 "-" "Mozilla/5.0 (Macintosh; Intel Mac OS X 10_8_3) AppleWebKit/537.36 (KHTML, like Gecko) Chrome/27.0.1453.56 Safari/537.36"
131.251.254.123 - - [26/Apr/2013:11:52:30 +0000] "GET / HTTP/1.1" 200 642 "-" "Mozilla/5.0 (Macintosh; Intel Mac OS X 10_8_3) AppleWebKit/537.36 (KHTML, like Gecko) Chrome/27.0.1453.56 Safari/537.36"
131.251.254.123 - - [26/Apr/2013:11:52:31 +0000] "GET /static/css/style.css HTTP/1.1" 200 368 "http://christopher-gwilliams.com/" "Mozilla/5.0 (Macintosh; Intel Mac OS X 10_8_3) AppleWebKit/537.36 (KHTML, like Gecko) Chrome/27.0.1453.56 Safari/537.36"
131.251.254.123 - - [26/Apr/2013:11:52:31 +0000] "GET /static/js/functions.js HTTP/1.1" 200 103 "http://christopher-gwilliams.com/" "Mozilla/5.0 (Macintosh; Intel Mac OS X 10_8_3) AppleWebKit/537.36 (KHTML, like Gecko) Chrome/27.0.1453.56 Safari/537.36"
131.251.254.123 - - [26/Apr/2013:11:52:31 +0000] "GET /favicon.ico HTTP/1.1" 404 570 "-" "Mozilla/5.0 (Macintosh; Intel Mac OS X 10_8_3) AppleWebKit/537.36 (KHTML, like Gecko) Chrome/27.0.1453.56 Safari/537.36"
131.251.254.123 - - [26/Apr/2013:11:53:12 +0000] "GET / HTTP/1.1" 200 681 "-" "Mozilla/5.0 (Macintosh; Intel Mac OS X 10_8_3) AppleWebKit/537.36 (KHTML, like Gecko) Chrome/27.0.1453.56 Safari/537.36"
131.251.254.123 - - [26/Apr/2013:11:53:12 +0000] "GET /static/css/style.css HTTP/1.1" 200 368 "http://christopher-gwilliams.com/" "Mozilla/5.0 (Macintosh; Intel Mac OS X 10_8_3) AppleWebKit/537.36 (KHTML, like Gecko) Chrome/27.0.1453.56 Safari/537.36"
131.251.254.123 - - [26/Apr/2013:11:53:12 +0000] "GET /static/js/functions.js HTTP/1.1" 200 105 "http://christopher-gwilliams.com/" "Mozilla/5.0 (Macintosh; Intel Mac OS X 10_8_3) AppleWebKit/537.36 (KHTML, like Gecko) Chrome/27.0.1453.56 Safari/537.36"
131.251.254.123 - - [26/Apr/2013:11:53:12 +0000] "GET /favicon.ico HTTP/1.1" 404 570 "-" "Mozilla/5.0 (Macintosh; Intel Mac OS X 10_8_3) AppleWebKit/537.36 (KHTML, like Gecko) Chrome/27.0.1453.56 Safari/537.36"
157.55.33.21 - - [26/Apr/2013:12:05:25 +0000] "GET /robots.txt HTTP/1.1" 404 168 "-" "Mozilla/5.0 (compatible; bingbot/2.0; +http://www.bing.com/bingbot.htm)"
157.55.33.21 - - [26/Apr/2013:12:07:30 +0000] "GET / HTTP/1.1" 200 681 "-" "Mozilla/5.0 (compatible; bingbot/2.0; +http://www.bing.com/bingbot.htm)"
213.205.230.167 - - [26/Apr/2013:12:23:24 +0000] "GET / HTTP/1.1" 200 681 "-" "Mozilla/5.0 (Linux; Android 4.2.2; Nexus 4 Build/JDQ39) AppleWebKit/537.36 (KHTML, like Gecko) Chrome/27.0.1453.68 Mobile Safari/537.36"
213.205.230.167 - - [26/Apr/2013:12:23:25 +0000] "GET /static/css/style.css HTTP/1.1" 200 368 "http://christopher-gwilliams.com/" "Mozilla/5.0 (Linux; Android 4.2.2; Nexus 4 Build/JDQ39) AppleWebKit/537.36 (KHTML, like Gecko) Chrome/27.0.1453.68 Mobile Safari/537.36"
213.205.230.167 - - [26/Apr/2013:12:23:25 +0000] "GET /static/js/functions.js HTTP/1.1" 200 105 "http://christopher-gwilliams.com/" "Mozilla/5.0 (Linux; Android 4.2.2; Nexus 4 Build/JDQ39) AppleWebKit/537.36 (KHTML, like Gecko) Chrome/27.0.1453.68 Mobile Safari/537.36"
66.249.74.34 - - [26/Apr/2013:12:36:56 +0000] "GET /robots.txt HTTP/1.1" 404 168 "-" "Mozilla/5.0 (compatible; Googlebot/2.1; +http://www.google.com/bot.html)"
66.249.74.34 - - [26/Apr/2013:12:36:56 +0000] "GET /blog/?tag=romming HTTP/1.1" 404 168 "-" "Mozilla/5.0 (compatible; Googlebot/2.1; +http://www.google.com/bot.html)"
85.133.69.219 - - [26/Apr/2013:12:46:43 +0000] "GET /blog/?feed=comments-rss2 HTTP/1.1" 404 168 "-" "Flavors.me Feed Plugin"
208.115.113.91 - - [26/Apr/2013:13:12:43 +0000] "GET /blog/?m=201010 HTTP/1.1" 404 168 "-" "Mozilla/5.0 (compatible; Ezooms/1.0; ezooms.bot@gmail.com)"
85.133.69.219 - - [26/Apr/2013:13:36:37 +0000] "GET /blog/?feed=comments-rss2 HTTP/1.1" 404 168 "-" "Flavors.me Feed Plugin"
85.133.69.219 - - [26/Apr/2013:14:13:55 +0000] "GET /blog/?feed=comments-rss2 HTTP/1.1" 404 168 "-" "Flavors.me Feed Plugin"
85.133.69.219 - - [26/Apr/2013:15:04:35 +0000] "GET /blog/?feed=comments-rss2 HTTP/1.1" 404 168 "-" "Flavors.me Feed Plugin"
184.82.29.169 - - [26/Apr/2013:15:12:29 +0000] "GET /wp-login.php HTTP/1.1" 404 168 "http://encima.co.uk/wp-login.php" "Mozilla/5.0 (Windows; U; Windows NT 6.0; en-US; rv:1.9.0.3) Gecko/2008092417 Firefox/3.0.3"
184.82.29.169 - - [26/Apr/2013:15:12:29 +0000] "GET /blog/wp-login.php HTTP/1.1" 404 168 "http://encima.co.uk/blog/wp-login.php" "Mozilla/5.0 (Windows; U; Windows NT 6.0; en-US; rv:1.9.0.3) Gecko/2008092417 Firefox/3.0.3"
94.102.150.50 - - [26/Apr/2013:15:18:03 +0000] "GET /blog/?feed=rss2 HTTP/1.1" 404 168 "-" "SocialSearcher/0.1  Mozilla/5.0"
82.13.3.43 - - [26/Apr/2013:15:33:52 +0000] "GET / HTTP/1.1" 200 681 "http://cscf.me/blog/hackathon2.html" "Mozilla/5.0 (X11; Linux x86_64) AppleWebKit/537.31 (KHTML, like Gecko) Chrome/26.0.1410.43 Safari/537.31"
82.13.3.43 - - [26/Apr/2013:15:33:52 +0000] "GET /static/css/style.css HTTP/1.1" 200 368 "http://christopher-gwilliams.com/" "Mozilla/5.0 (X11; Linux x86_64) AppleWebKit/537.31 (KHTML, like Gecko) Chrome/26.0.1410.43 Safari/537.31"
82.13.3.43 - - [26/Apr/2013:15:33:53 +0000] "GET /static/js/functions.js HTTP/1.1" 200 105 "http://christopher-gwilliams.com/" "Mozilla/5.0 (X11; Linux x86_64) AppleWebKit/537.31 (KHTML, like Gecko) Chrome/26.0.1410.43 Safari/537.31"
82.13.3.43 - - [26/Apr/2013:15:33:53 +0000] "GET /favicon.ico HTTP/1.1" 404 570 "-" "Mozilla/5.0 (X11; Linux x86_64) AppleWebKit/537.31 (KHTML, like Gecko) Chrome/26.0.1410.43 Safari/537.31"
85.133.69.219 - - [26/Apr/2013:15:44:42 +0000] "GET /blog/?feed=comments-rss2 HTTP/1.1" 404 168 "-" "Flavors.me Feed Plugin"
94.116.86.157 - - [26/Apr/2013:16:05:57 +0000] "GET / HTTP/1.1" 200 794 "-" "Mozilla/5.0 (Macintosh; Intel Mac OS X 10_8_3) AppleWebKit/537.36 (KHTML, like Gecko) Chrome/27.0.1453.56 Safari/537.36"
94.116.86.157 - - [26/Apr/2013:16:05:57 +0000] "GET /static/css/style.css HTTP/1.1" 304 0 "http://christopher-gwilliams.com/" "Mozilla/5.0 (Macintosh; Intel Mac OS X 10_8_3) AppleWebKit/537.36 (KHTML, like Gecko) Chrome/27.0.1453.56 Safari/537.36"
94.116.86.157 - - [26/Apr/2013:16:05:57 +0000] "GET /static/js/functions.js HTTP/1.1" 304 0 "http://christopher-gwilliams.com/" "Mozilla/5.0 (Macintosh; Intel Mac OS X 10_8_3) AppleWebKit/537.36 (KHTML, like Gecko) Chrome/27.0.1453.56 Safari/537.36"
94.116.86.157 - - [26/Apr/2013:16:05:58 +0000] "GET /small.css HTTP/1.1" 404 570 "http://christopher-gwilliams.com/" "Mozilla/5.0 (Macintosh; Intel Mac OS X 10_8_3) AppleWebKit/537.36 (KHTML, like Gecko) Chrome/27.0.1453.56 Safari/537.36"
94.116.86.157 - - [26/Apr/2013:16:05:59 +0000] "GET /favicon.ico HTTP/1.1" 404 570 "-" "Mozilla/5.0 (Macintosh; Intel Mac OS X 10_8_3) AppleWebKit/537.36 (KHTML, like Gecko) Chrome/27.0.1453.56 Safari/537.36"
94.116.86.157 - - [26/Apr/2013:16:06:22 +0000] "GET / HTTP/1.1" 200 794 "-" "Mozilla/5.0 (Macintosh; Intel Mac OS X 10_8_3) AppleWebKit/537.36 (KHTML, like Gecko) Chrome/27.0.1453.56 Safari/537.36"
94.116.86.157 - - [26/Apr/2013:16:06:23 +0000] "GET /small.css HTTP/1.1" 404 570 "http://christopher-gwilliams.com/" "Mozilla/5.0 (Macintosh; Intel Mac OS X 10_8_3) AppleWebKit/537.36 (KHTML, like Gecko) Chrome/27.0.1453.56 Safari/537.36"
94.116.86.157 - - [26/Apr/2013:16:06:24 +0000] "GET /favicon.ico HTTP/1.1" 404 570 "-" "Mozilla/5.0 (Macintosh; Intel Mac OS X 10_8_3) AppleWebKit/537.36 (KHTML, like Gecko) Chrome/27.0.1453.56 Safari/537.36"
94.116.86.157 - - [26/Apr/2013:16:06:38 +0000] "GET / HTTP/1.1" 200 805 "-" "Mozilla/5.0 (Macintosh; Intel Mac OS X 10_8_3) AppleWebKit/537.36 (KHTML, like Gecko) Chrome/27.0.1453.56 Safari/537.36"
94.116.86.157 - - [26/Apr/2013:16:06:39 +0000] "GET /static/css/style.css HTTP/1.1" 200 368 "http://christopher-gwilliams.com/" "Mozilla/5.0 (Macintosh; Intel Mac OS X 10_8_3) AppleWebKit/537.36 (KHTML, like Gecko) Chrome/27.0.1453.56 Safari/537.36"
94.116.86.157 - - [26/Apr/2013:16:06:39 +0000] "GET /static/js/functions.js HTTP/1.1" 200 105 "http://christopher-gwilliams.com/" "Mozilla/5.0 (Macintosh; Intel Mac OS X 10_8_3) AppleWebKit/537.36 (KHTML, like Gecko) Chrome/27.0.1453.56 Safari/537.36"
94.116.86.157 - - [26/Apr/2013:16:06:40 +0000] "GET /static/css/small.css HTTP/1.1" 200 242 "http://christopher-gwilliams.com/" "Mozilla/5.0 (Macintosh; Intel Mac OS X 10_8_3) AppleWebKit/537.36 (KHTML, like Gecko) Chrome/27.0.1453.56 Safari/537.36"
94.116.86.157 - - [26/Apr/2013:16:06:40 +0000] "GET /favicon.ico HTTP/1.1" 404 570 "-" "Mozilla/5.0 (Macintosh; Intel Mac OS X 10_8_3) AppleWebKit/537.36 (KHTML, like Gecko) Chrome/27.0.1453.56 Safari/537.36"
94.116.86.157 - - [26/Apr/2013:16:07:30 +0000] "GET / HTTP/1.1" 200 805 "-" "Mozilla/5.0 (Macintosh; Intel Mac OS X 10_8_3) AppleWebKit/537.36 (KHTML, like Gecko) Chrome/27.0.1453.56 Safari/537.36"
94.116.86.157 - - [26/Apr/2013:16:07:30 +0000] "GET /static/css/style.css HTTP/1.1" 200 368 "http://christopher-gwilliams.com/" "Mozilla/5.0 (Macintosh; Intel Mac OS X 10_8_3) AppleWebKit/537.36 (KHTML, like Gecko) Chrome/27.0.1453.56 Safari/537.36"
94.116.86.157 - - [26/Apr/2013:16:07:30 +0000] "GET /static/js/functions.js HTTP/1.1" 200 105 "http://christopher-gwilliams.com/" "Mozilla/5.0 (Macintosh; Intel Mac OS X 10_8_3) AppleWebKit/537.36 (KHTML, like Gecko) Chrome/27.0.1453.56 Safari/537.36"
94.116.86.157 - - [26/Apr/2013:16:07:31 +0000] "GET /static/css/small.css HTTP/1.1" 200 271 "http://christopher-gwilliams.com/" "Mozilla/5.0 (Macintosh; Intel Mac OS X 10_8_3) AppleWebKit/537.36 (KHTML, like Gecko) Chrome/27.0.1453.56 Safari/537.36"
94.116.86.157 - - [26/Apr/2013:16:07:31 +0000] "GET /favicon.ico HTTP/1.1" 404 570 "-" "Mozilla/5.0 (Macintosh; Intel Mac OS X 10_8_3) AppleWebKit/537.36 (KHTML, like Gecko) Chrome/27.0.1453.56 Safari/537.36"
94.116.86.157 - - [26/Apr/2013:16:07:46 +0000] "GET /favicon.ico HTTP/1.1" 404 570 "-" "Mozilla/5.0 (Macintosh; Intel Mac OS X 10_8_3) AppleWebKit/537.36 (KHTML, like Gecko) Chrome/27.0.1453.56 Safari/537.36"
94.116.86.157 - - [26/Apr/2013:16:09:58 +0000] "GET / HTTP/1.1" 200 805 "-" "Mozilla/5.0 (Macintosh; Intel Mac OS X 10_8_3) AppleWebKit/537.36 (KHTML, like Gecko) Chrome/27.0.1453.56 Safari/537.36"
94.116.86.157 - - [26/Apr/2013:16:09:58 +0000] "GET /static/css/style.css HTTP/1.1" 200 368 "http://christopher-gwilliams.com/" "Mozilla/5.0 (Macintosh; Intel Mac OS X 10_8_3) AppleWebKit/537.36 (KHTML, like Gecko) Chrome/27.0.1453.56 Safari/537.36"
94.116.86.157 - - [26/Apr/2013:16:09:58 +0000] "GET /static/js/functions.js HTTP/1.1" 200 109 "http://christopher-gwilliams.com/" "Mozilla/5.0 (Macintosh; Intel Mac OS X 10_8_3) AppleWebKit/537.36 (KHTML, like Gecko) Chrome/27.0.1453.56 Safari/537.36"
94.116.86.157 - - [26/Apr/2013:16:09:59 +0000] "GET /static/css/small.css HTTP/1.1" 200 270 "http://christopher-gwilliams.com/" "Mozilla/5.0 (Macintosh; Intel Mac OS X 10_8_3) AppleWebKit/537.36 (KHTML, like Gecko) Chrome/27.0.1453.56 Safari/537.36"
94.116.86.157 - - [26/Apr/2013:16:09:59 +0000] "GET /favicon.ico HTTP/1.1" 404 570 "-" "Mozilla/5.0 (Macintosh; Intel Mac OS X 10_8_3) AppleWebKit/537.36 (KHTML, like Gecko) Chrome/27.0.1453.56 Safari/537.36"
94.116.86.157 - - [26/Apr/2013:16:12:23 +0000] "GET / HTTP/1.1" 200 805 "-" "Mozilla/5.0 (Macintosh; Intel Mac OS X 10_8_3) AppleWebKit/537.36 (KHTML, like Gecko) Chrome/27.0.1453.56 Safari/537.36"
94.116.86.157 - - [26/Apr/2013:16:12:24 +0000] "GET /static/css/style.css HTTP/1.1" 200 368 "http://christopher-gwilliams.com/" "Mozilla/5.0 (Macintosh; Intel Mac OS X 10_8_3) AppleWebKit/537.36 (KHTML, like Gecko) Chrome/27.0.1453.56 Safari/537.36"
94.116.86.157 - - [26/Apr/2013:16:12:24 +0000] "GET /static/js/functions.js HTTP/1.1" 200 200 "http://christopher-gwilliams.com/" "Mozilla/5.0 (Macintosh; Intel Mac OS X 10_8_3) AppleWebKit/537.36 (KHTML, like Gecko) Chrome/27.0.1453.56 Safari/537.36"
94.116.86.157 - - [26/Apr/2013:16:12:25 +0000] "GET /static/css/small.css HTTP/1.1" 200 270 "http://christopher-gwilliams.com/" "Mozilla/5.0 (Macintosh; Intel Mac OS X 10_8_3) AppleWebKit/537.36 (KHTML, like Gecko) Chrome/27.0.1453.56 Safari/537.36"
94.116.86.157 - - [26/Apr/2013:16:12:26 +0000] "GET /favicon.ico HTTP/1.1" 404 570 "-" "Mozilla/5.0 (Macintosh; Intel Mac OS X 10_8_3) AppleWebKit/537.36 (KHTML, like Gecko) Chrome/27.0.1453.56 Safari/537.36"
94.116.86.157 - - [26/Apr/2013:16:12:42 +0000] "GET / HTTP/1.1" 200 805 "-" "Mozilla/5.0 (Macintosh; Intel Mac OS X 10_8_3) AppleWebKit/537.36 (KHTML, like Gecko) Chrome/27.0.1453.56 Safari/537.36"
94.116.86.157 - - [26/Apr/2013:16:12:42 +0000] "GET /static/css/style.css HTTP/1.1" 200 368 "http://christopher-gwilliams.com/" "Mozilla/5.0 (Macintosh; Intel Mac OS X 10_8_3) AppleWebKit/537.36 (KHTML, like Gecko) Chrome/27.0.1453.56 Safari/537.36"
94.116.86.157 - - [26/Apr/2013:16:12:42 +0000] "GET /static/js/functions.js HTTP/1.1" 200 209 "http://christopher-gwilliams.com/" "Mozilla/5.0 (Macintosh; Intel Mac OS X 10_8_3) AppleWebKit/537.36 (KHTML, like Gecko) Chrome/27.0.1453.56 Safari/537.36"
94.116.86.157 - - [26/Apr/2013:16:12:42 +0000] "GET /static/css/small.css HTTP/1.1" 200 270 "http://christopher-gwilliams.com/" "Mozilla/5.0 (Macintosh; Intel Mac OS X 10_8_3) AppleWebKit/537.36 (KHTML, like Gecko) Chrome/27.0.1453.56 Safari/537.36"
94.116.86.157 - - [26/Apr/2013:16:12:43 +0000] "GET /favicon.ico HTTP/1.1" 404 570 "-" "Mozilla/5.0 (Macintosh; Intel Mac OS X 10_8_3) AppleWebKit/537.36 (KHTML, like Gecko) Chrome/27.0.1453.56 Safari/537.36"
94.116.86.157 - - [26/Apr/2013:16:12:54 +0000] "GET / HTTP/1.1" 200 805 "-" "Mozilla/5.0 (Macintosh; Intel Mac OS X 10_8_3) AppleWebKit/537.36 (KHTML, like Gecko) Chrome/27.0.1453.56 Safari/537.36"
94.116.86.157 - - [26/Apr/2013:16:12:55 +0000] "GET /static/css/style.css HTTP/1.1" 200 368 "http://christopher-gwilliams.com/" "Mozilla/5.0 (Macintosh; Intel Mac OS X 10_8_3) AppleWebKit/537.36 (KHTML, like Gecko) Chrome/27.0.1453.56 Safari/537.36"
94.116.86.157 - - [26/Apr/2013:16:12:55 +0000] "GET /static/js/functions.js HTTP/1.1" 200 209 "http://christopher-gwilliams.com/" "Mozilla/5.0 (Macintosh; Intel Mac OS X 10_8_3) AppleWebKit/537.36 (KHTML, like Gecko) Chrome/27.0.1453.56 Safari/537.36"
94.116.86.157 - - [26/Apr/2013:16:12:55 +0000] "GET /static/css/small.css HTTP/1.1" 200 270 "http://christopher-gwilliams.com/" "Mozilla/5.0 (Macintosh; Intel Mac OS X 10_8_3) AppleWebKit/537.36 (KHTML, like Gecko) Chrome/27.0.1453.56 Safari/537.36"
94.116.86.157 - - [26/Apr/2013:16:12:56 +0000] "GET /favicon.ico HTTP/1.1" 404 570 "-" "Mozilla/5.0 (Macintosh; Intel Mac OS X 10_8_3) AppleWebKit/537.36 (KHTML, like Gecko) Chrome/27.0.1453.56 Safari/537.36"
94.116.86.157 - - [26/Apr/2013:16:13:18 +0000] "GET / HTTP/1.1" 200 805 "-" "Mozilla/5.0 (Macintosh; Intel Mac OS X 10_8_3) AppleWebKit/537.36 (KHTML, like Gecko) Chrome/27.0.1453.56 Safari/537.36"
94.116.86.157 - - [26/Apr/2013:16:13:19 +0000] "GET /static/css/style.css HTTP/1.1" 200 368 "http://christopher-gwilliams.com/" "Mozilla/5.0 (Macintosh; Intel Mac OS X 10_8_3) AppleWebKit/537.36 (KHTML, like Gecko) Chrome/27.0.1453.56 Safari/537.36"
94.116.86.157 - - [26/Apr/2013:16:13:19 +0000] "GET /static/js/functions.js HTTP/1.1" 200 211 "http://christopher-gwilliams.com/" "Mozilla/5.0 (Macintosh; Intel Mac OS X 10_8_3) AppleWebKit/537.36 (KHTML, like Gecko) Chrome/27.0.1453.56 Safari/537.36"
94.116.86.157 - - [26/Apr/2013:16:13:19 +0000] "GET /static/css/small.css HTTP/1.1" 200 270 "http://christopher-gwilliams.com/" "Mozilla/5.0 (Macintosh; Intel Mac OS X 10_8_3) AppleWebKit/537.36 (KHTML, like Gecko) Chrome/27.0.1453.56 Safari/537.36"
94.116.86.157 - - [26/Apr/2013:16:13:20 +0000] "GET /favicon.ico HTTP/1.1" 404 570 "-" "Mozilla/5.0 (Macintosh; Intel Mac OS X 10_8_3) AppleWebKit/537.36 (KHTML, like Gecko) Chrome/27.0.1453.56 Safari/537.36"
94.116.86.157 - - [26/Apr/2013:16:21:58 +0000] "GET / HTTP/1.1" 304 0 "-" "Mozilla/5.0 (Macintosh; Intel Mac OS X 10_8_3) AppleWebKit/537.36 (KHTML, like Gecko) Chrome/27.0.1453.56 Safari/537.36"
94.116.86.157 - - [26/Apr/2013:16:21:58 +0000] "GET /static/css/small.css HTTP/1.1" 200 302 "http://christopher-gwilliams.com/" "Mozilla/5.0 (Macintosh; Intel Mac OS X 10_8_3) AppleWebKit/537.36 (KHTML, like Gecko) Chrome/27.0.1453.56 Safari/537.36"
94.116.86.157 - - [26/Apr/2013:16:21:58 +0000] "GET /static/js/functions.js HTTP/1.1" 200 217 "http://christopher-gwilliams.com/" "Mozilla/5.0 (Macintosh; Intel Mac OS X 10_8_3) AppleWebKit/537.36 (KHTML, like Gecko) Chrome/27.0.1453.56 Safari/537.36"
94.116.86.157 - - [26/Apr/2013:16:21:58 +0000] "GET /favicon.ico HTTP/1.1" 404 570 "-" "Mozilla/5.0 (Macintosh; Intel Mac OS X 10_8_3) AppleWebKit/537.36 (KHTML, like Gecko) Chrome/27.0.1453.56 Safari/537.36"
94.116.86.157 - - [26/Apr/2013:16:22:52 +0000] "GET / HTTP/1.1" 200 766 "-" "Mozilla/5.0 (Macintosh; Intel Mac OS X 10_8_3) AppleWebKit/537.36 (KHTML, like Gecko) Chrome/27.0.1453.56 Safari/537.36"
94.116.86.157 - - [26/Apr/2013:16:22:52 +0000] "GET /static/js/functions.js HTTP/1.1" 304 0 "http://christopher-gwilliams.com/" "Mozilla/5.0 (Macintosh; Intel Mac OS X 10_8_3) AppleWebKit/537.36 (KHTML, like Gecko) Chrome/27.0.1453.56 Safari/537.36"
94.116.86.157 - - [26/Apr/2013:16:22:53 +0000] "GET /static/css/small.css HTTP/1.1" 304 0 "http://christopher-gwilliams.com/" "Mozilla/5.0 (Macintosh; Intel Mac OS X 10_8_3) AppleWebKit/537.36 (KHTML, like Gecko) Chrome/27.0.1453.56 Safari/537.36"
94.116.86.157 - - [26/Apr/2013:16:22:53 +0000] "GET /favicon.ico HTTP/1.1" 404 570 "-" "Mozilla/5.0 (Macintosh; Intel Mac OS X 10_8_3) AppleWebKit/537.36 (KHTML, like Gecko) Chrome/27.0.1453.56 Safari/537.36"
208.115.111.70 - - [26/Apr/2013:16:24:18 +0000] "GET /robots.txt HTTP/1.1" 404 168 "-" "Mozilla/5.0 (compatible; Ezooms/1.0; ezooms.bot@gmail.com)"
85.133.69.238 - - [26/Apr/2013:16:29:32 +0000] "GET /blog/?feed=comments-rss2 HTTP/1.1" 404 168 "-" "Flavors.me Feed Plugin"
157.56.92.172 - - [26/Apr/2013:16:42:31 +0000] "GET /robots.txt HTTP/1.1" 404 168 "-" "Mozilla/5.0 (compatible; bingbot/2.0; +http://www.bing.com/bingbot.htm)"
157.56.92.172 - - [26/Apr/2013:16:44:00 +0000] "GET / HTTP/1.1" 200 805 "-" "Mozilla/5.0 (compatible; bingbot/2.0; +http://www.bing.com/bingbot.htm)"
85.133.69.217 - - [26/Apr/2013:17:13:02 +0000] "GET /blog/?feed=comments-rss2 HTTP/1.1" 404 168 "-" "Flavors.me Feed Plugin"
208.115.111.70 - - [26/Apr/2013:17:36:00 +0000] "GET /blog/?feed=comments-rss2 HTTP/1.1" 404 168 "-" "Mozilla/5.0 (compatible; Ezooms/1.0; ezooms.bot@gmail.com)"
85.133.69.215 - - [26/Apr/2013:17:57:15 +0000] "GET /blog/?feed=comments-rss2 HTTP/1.1" 404 168 "-" "Flavors.me Feed Plugin"
85.133.69.219 - - [26/Apr/2013:18:52:33 +0000] "GET /blog/?feed=comments-rss2 HTTP/1.1" 404 168 "-" "Flavors.me Feed Plugin"
213.205.236.28 - - [26/Apr/2013:19:13:03 +0000] "GET / HTTP/1.1" 200 805 "-" "Mozilla/5.0 (Linux; Android 4.2.2; Nexus 4 Build/JDQ39) AppleWebKit/537.36 (KHTML, like Gecko) Chrome/27.0.1453.68 Mobile Safari/537.36"
213.205.236.28 - - [26/Apr/2013:19:13:06 +0000] "GET /static/css/small.css HTTP/1.1" 200 302 "http://christopher-gwilliams.com/" "Mozilla/5.0 (Linux; Android 4.2.2; Nexus 4 Build/JDQ39) AppleWebKit/537.36 (KHTML, like Gecko) Chrome/27.0.1453.68 Mobile Safari/537.36"
213.205.236.28 - - [26/Apr/2013:19:13:06 +0000] "GET /static/css/style.css HTTP/1.1" 304 0 "http://christopher-gwilliams.com/" "Mozilla/5.0 (Linux; Android 4.2.2; Nexus 4 Build/JDQ39) AppleWebKit/537.36 (KHTML, like Gecko) Chrome/27.0.1453.68 Mobile Safari/537.36"
213.205.236.28 - - [26/Apr/2013:19:13:39 +0000] "GET /favicon.ico HTTP/1.1" 404 570 "-" "Mozilla/5.0 (Linux; Android 4.2.2; Nexus 4 Build/JDQ39) AppleWebKit/537.36 (KHTML, like Gecko) Chrome/27.0.1453.68 Mobile Safari/537.36"
213.205.236.28 - - [26/Apr/2013:19:13:39 +0000] "GET /apple-touch-icon-precomposed.png HTTP/1.1" 404 570 "-" "Mozilla/5.0 (Linux; Android 4.2.2; Nexus 4 Build/JDQ39) AppleWebKit/537.36 (KHTML, like Gecko) Chrome/27.0.1453.68 Mobile Safari/537.36"
213.205.236.28 - - [26/Apr/2013:19:14:22 +0000] "GET / HTTP/1.1" 304 0 "-" "Mozilla/5.0 (Linux; Android 4.2.2; Nexus 4 Build/JDQ39) AppleWebKit/537.36 (KHTML, like Gecko) Chrome/27.0.1453.68 Mobile Safari/537.36"
213.205.236.28 - - [26/Apr/2013:19:14:35 +0000] "GET /static/css/style.css HTTP/1.1" 200 368 "http://christopher-gwilliams.com/" "Mozilla/5.0 (Linux; Android 4.2.2; Nexus 4 Build/JDQ39) AppleWebKit/537.36 (KHTML, like Gecko) Chrome/27.0.1453.68 Mobile Safari/537.36"
213.205.236.28 - - [26/Apr/2013:19:14:36 +0000] "GET /static/js/functions.js HTTP/1.1" 200 217 "http://christopher-gwilliams.com/" "Mozilla/5.0 (Linux; Android 4.2.2; Nexus 4 Build/JDQ39) AppleWebKit/537.36 (KHTML, like Gecko) Chrome/27.0.1453.68 Mobile Safari/537.36"
213.205.236.28 - - [26/Apr/2013:19:14:38 +0000] "GET / HTTP/1.1" 304 0 "-" "Mozilla/5.0 (Linux; Android 4.2.2; Nexus 4 Build/JDQ39) AppleWebKit/537.36 (KHTML, like Gecko) Chrome/27.0.1453.68 Mobile Safari/537.36"
213.205.236.28 - - [26/Apr/2013:19:14:39 +0000] "GET /apple-touch-icon.png HTTP/1.1" 404 570 "-" "Mozilla/5.0 (Linux; Android 4.2.2; Nexus 4 Build/JDQ39) AppleWebKit/537.36 (KHTML, like Gecko) Chrome/27.0.1453.68 Mobile Safari/537.36"
85.133.69.238 - - [26/Apr/2013:19:27:11 +0000] "GET /blog/?feed=comments-rss2 HTTP/1.1" 404 168 "-" "Flavors.me Feed Plugin"
85.133.69.238 - - [26/Apr/2013:20:13:14 +0000] "GET /blog/?feed=comments-rss2 HTTP/1.1" 404 168 "-" "Flavors.me Feed Plugin"
82.132.244.222 - - [26/Apr/2013:20:29:25 +0000] "GET /favicon.ico HTTP/1.1" 404 168 "-" "Reeder/1.5.7 CFNetwork/609.1.4 Darwin/13.0.0"
82.132.244.222 - - [26/Apr/2013:20:43:20 +0000] "GET /favicon.ico HTTP/1.1" 404 168 "-" "Reeder/1.5.7 CFNetwork/609.1.4 Darwin/13.0.0"
82.132.244.222 - - [26/Apr/2013:21:01:27 +0000] "GET /favicon.ico HTTP/1.1" 404 168 "-" "Reeder/1.5.7 CFNetwork/609.1.4 Darwin/13.0.0"
85.133.69.215 - - [26/Apr/2013:21:06:12 +0000] "GET /blog/?feed=comments-rss2 HTTP/1.1" 404 168 "-" "Flavors.me Feed Plugin"
66.249.74.34 - - [26/Apr/2013:21:11:16 +0000] "GET /blog/?p=22 HTTP/1.1" 404 168 "-" "Mozilla/5.0 (compatible; Googlebot/2.1; +http://www.google.com/bot.html)"
85.133.69.219 - - [26/Apr/2013:21:49:11 +0000] "GET /blog/?feed=comments-rss2 HTTP/1.1" 404 168 "-" "Flavors.me Feed Plugin"
85.133.69.238 - - [26/Apr/2013:23:11:57 +0000] "GET /blog/?feed=comments-rss2 HTTP/1.1" 404 168 "-" "Flavors.me Feed Plugin"
157.55.33.21 - - [26/Apr/2013:23:50:23 +0000] "GET /robots.txt HTTP/1.1" 404 168 "-" "Mozilla/5.0 (compatible; bingbot/2.0; +http://www.bing.com/bingbot.htm)"
157.55.33.21 - - [26/Apr/2013:23:52:32 +0000] "GET / HTTP/1.1" 200 805 "-" "Mozilla/5.0 (compatible; bingbot/2.0; +http://www.bing.com/bingbot.htm)"
85.133.69.219 - - [26/Apr/2013:23:58:44 +0000] "GET /blog/?feed=comments-rss2 HTTP/1.1" 404 168 "-" "Flavors.me Feed Plugin"
109.109.254.138 - - [27/Apr/2013:00:04:07 +0000] "GET /blog/?feed=rss2 HTTP/1.1" 404 168 "-" "SocialSearcher/0.1  Mozilla/5.0"
94.12.213.243 - - [27/Apr/2013:00:32:00 +0000] "GET / HTTP/1.1" 200 805 "http://t.co/gD8gqrYjsS" "Mozilla/5.0 (Macintosh; Intel Mac OS X 10_8_3) AppleWebKit/537.31 (KHTML, like Gecko) Chrome/26.0.1410.65 Safari/537.31"
94.12.213.243 - - [27/Apr/2013:00:32:00 +0000] "GET /static/css/style.css HTTP/1.1" 200 368 "http://christopher-gwilliams.com/" "Mozilla/5.0 (Macintosh; Intel Mac OS X 10_8_3) AppleWebKit/537.31 (KHTML, like Gecko) Chrome/26.0.1410.65 Safari/537.31"
94.12.213.243 - - [27/Apr/2013:00:32:00 +0000] "GET /static/js/functions.js HTTP/1.1" 200 217 "http://christopher-gwilliams.com/" "Mozilla/5.0 (Macintosh; Intel Mac OS X 10_8_3) AppleWebKit/537.31 (KHTML, like Gecko) Chrome/26.0.1410.65 Safari/537.31"
94.12.213.243 - - [27/Apr/2013:00:32:00 +0000] "GET /static/css/small.css HTTP/1.1" 200 302 "http://christopher-gwilliams.com/" "Mozilla/5.0 (Macintosh; Intel Mac OS X 10_8_3) AppleWebKit/537.31 (KHTML, like Gecko) Chrome/26.0.1410.65 Safari/537.31"
94.12.213.243 - - [27/Apr/2013:00:32:00 +0000] "GET /favicon.ico HTTP/1.1" 404 570 "-" "Mozilla/5.0 (Macintosh; Intel Mac OS X 10_8_3) AppleWebKit/537.31 (KHTML, like Gecko) Chrome/26.0.1410.65 Safari/537.31"
94.12.213.243 - - [27/Apr/2013:00:32:43 +0000] "GET / HTTP/1.1" 304 0 "-" "Mozilla/5.0 (Macintosh; Intel Mac OS X 10_8_3) AppleWebKit/537.31 (KHTML, like Gecko) Chrome/26.0.1410.65 Safari/537.31"
94.12.213.243 - - [27/Apr/2013:00:32:43 +0000] "GET /favicon.ico HTTP/1.1" 404 570 "-" "Mozilla/5.0 (Macintosh; Intel Mac OS X 10_8_3) AppleWebKit/537.31 (KHTML, like Gecko) Chrome/26.0.1410.65 Safari/537.31"
65.55.24.243 - - [27/Apr/2013:00:53:14 +0000] "GET /robots.txt HTTP/1.1" 404 168 "-" "Mozilla/5.0 (compatible; bingbot/2.0; +http://www.bing.com/bingbot.htm)"
85.133.69.217 - - [27/Apr/2013:00:54:27 +0000] "GET /blog/?feed=comments-rss2 HTTP/1.1" 404 168 "-" "Flavors.me Feed Plugin"
65.55.24.243 - - [27/Apr/2013:00:55:01 +0000] "GET /research.html HTTP/1.1" 404 168 "-" "Mozilla/5.0 (compatible; bingbot/2.0; +http://www.bing.com/bingbot.htm)"
85.133.69.219 - - [27/Apr/2013:01:27:08 +0000] "GET /blog/?feed=comments-rss2 HTTP/1.1" 404 168 "-" "Flavors.me Feed Plugin"
66.249.74.34 - - [27/Apr/2013:01:35:14 +0000] "GET /robots.txt HTTP/1.1" 404 168 "-" "Mozilla/5.0 (compatible; Googlebot/2.1; +http://www.google.com/bot.html)"
66.249.74.34 - - [27/Apr/2013:01:35:14 +0000] "GET /blog/?tag=arch HTTP/1.1" 404 168 "-" "SAMSUNG-SGH-E250/1.0 Profile/MIDP-2.0 Configuration/CLDC-1.1 UP.Browser/6.2.3.3.c.1.101 (GUI) MMP/2.0 (compatible; Googlebot-Mobile/2.1; +http://www.google.com/bot.html)"
66.249.74.34 - - [27/Apr/2013:01:36:44 +0000] "GET /blog/?tag=arch HTTP/1.1" 404 168 "-" "DoCoMo/2.0 N905i(c100;TB;W24H16) (compatible; Googlebot-Mobile/2.1; +http://www.google.com/bot.html)"
85.133.69.215 - - [27/Apr/2013:02:10:22 +0000] "GET /blog/?feed=comments-rss2 HTTP/1.1" 404 168 "-" "Flavors.me Feed Plugin"
85.133.69.217 - - [27/Apr/2013:02:56:58 +0000] "GET /blog/?feed=comments-rss2 HTTP/1.1" 404 168 "-" "Flavors.me Feed Plugin"
85.133.69.219 - - [27/Apr/2013:03:38:43 +0000] "GET /blog/?feed=comments-rss2 HTTP/1.1" 404 168 "-" "Flavors.me Feed Plugin"
208.115.113.91 - - [27/Apr/2013:03:48:24 +0000] "GET /robots.txt HTTP/1.1" 404 168 "-" "Mozilla/5.0 (compatible; Ezooms/1.0; ezooms.bot@gmail.com)"
157.56.92.172 - - [27/Apr/2013:03:58:26 +0000] "GET /robots.txt HTTP/1.1" 404 168 "-" "Mozilla/5.0 (compatible; bingbot/2.0; +http://www.bing.com/bingbot.htm)"
157.56.92.172 - - [27/Apr/2013:04:00:08 +0000] "GET / HTTP/1.1" 200 805 "-" "Mozilla/5.0 (compatible; bingbot/2.0; +http://www.bing.com/bingbot.htm)"
173.227.230.236 - - [27/Apr/2013:04:09:09 +0000] "GET / HTTP/1.1" 200 805 "-" "Mozilla/5.0 (Windows; U; Windows NT 5.1; en-US; rv:1.9.2.8) Gecko/20100721 Firefox/3.6.8"
85.133.69.217 - - [27/Apr/2013:04:28:06 +0000] "GET /blog/?feed=comments-rss2 HTTP/1.1" 404 168 "-" "Flavors.me Feed Plugin"
208.115.113.91 - - [27/Apr/2013:05:11:47 +0000] "GET /blog/?p=163 HTTP/1.1" 404 168 "-" "Mozilla/5.0 (compatible; Ezooms/1.0; ezooms.bot@gmail.com)"
85.133.69.219 - - [27/Apr/2013:05:54:22 +0000] "GET /blog/?feed=comments-rss2 HTTP/1.1" 404 168 "-" "Flavors.me Feed Plugin"
208.115.113.86 - - [27/Apr/2013:06:21:38 +0000] "GET /robots.txt HTTP/1.1" 404 168 "-" "Mozilla/5.0 (compatible; Ezooms/1.0; ezooms.bot@gmail.com)"
82.132.246.96 - - [27/Apr/2013:06:47:32 +0000] "GET /favicon.ico HTTP/1.1" 404 168 "-" "Reeder/1.5.7 CFNetwork/609.1.4 Darwin/13.0.0"
82.132.246.185 - - [27/Apr/2013:06:53:16 +0000] "GET /favicon.ico HTTP/1.1" 404 168 "-" "Reeder/1.5.7 CFNetwork/609.1.4 Darwin/13.0.0"
82.132.247.107 - - [27/Apr/2013:07:08:01 +0000] "GET /favicon.ico HTTP/1.1" 404 168 "-" "Reeder/1.5.7 CFNetwork/609.1.4 Darwin/13.0.0"
82.132.245.233 - - [27/Apr/2013:07:22:28 +0000] "GET /favicon.ico HTTP/1.1" 404 168 "-" "Reeder/1.5.7 CFNetwork/609.1.4 Darwin/13.0.0"
85.133.69.219 - - [27/Apr/2013:07:25:42 +0000] "GET /blog/?feed=comments-rss2 HTTP/1.1" 404 168 "-" "Flavors.me Feed Plugin"
208.115.113.86 - - [27/Apr/2013:07:51:16 +0000] "GET /blog/?author=1 HTTP/1.1" 404 168 "-" "Mozilla/5.0 (compatible; Ezooms/1.0; ezooms.bot@gmail.com)"
85.133.69.219 - - [27/Apr/2013:08:14:19 +0000] "GET /blog/?feed=comments-rss2 HTTP/1.1" 404 168 "-" "Flavors.me Feed Plugin"
82.132.246.185 - - [27/Apr/2013:08:21:34 +0000] "GET /favicon.ico HTTP/1.1" 404 168 "-" "Reeder/1.5.7 CFNetwork/609.1.4 Darwin/13.0.0"
173.227.230.236 - - [27/Apr/2013:09:08:53 +0000] "GET /favicon.ico HTTP/1.1" 404 168 "-" "Mozilla/5.0 (Windows; U; Windows NT 5.1; en-US; rv:1.9.2.8) Gecko/20100721 Firefox/3.6.8"
66.249.74.72 - - [27/Apr/2013:09:27:41 +0000] "GET /robots.txt HTTP/1.1" 404 168 "-" "Mozilla/5.0 (compatible; Googlebot/2.1; +http://www.google.com/bot.html)"
66.249.74.72 - - [27/Apr/2013:09:27:41 +0000] "GET / HTTP/1.1" 200 805 "-" "Mozilla/5.0 (compatible; Googlebot/2.1; +http://www.google.com/bot.html)"
62.255.147.116 - - [27/Apr/2013:09:37:59 +0000] "GET /favicon.ico HTTP/1.1" 404 570 "-" "Mozilla/5.0 (Linux; Android 4.2.2; Nexus 4 Build/JDQ39) AppleWebKit/537.36 (KHTML, like Gecko) Chrome/27.0.1453.68 Mobile Safari/537.36"
62.255.147.116 - - [27/Apr/2013:09:37:59 +0000] "GET /apple-touch-icon-precomposed.png HTTP/1.1" 404 570 "-" "Mozilla/5.0 (Linux; Android 4.2.2; Nexus 4 Build/JDQ39) AppleWebKit/537.36 (KHTML, like Gecko) Chrome/27.0.1453.68 Mobile Safari/537.36"
62.255.147.116 - - [27/Apr/2013:09:37:59 +0000] "GET /apple-touch-icon.png HTTP/1.1" 404 570 "-" "Mozilla/5.0 (Linux; Android 4.2.2; Nexus 4 Build/JDQ39) AppleWebKit/537.36 (KHTML, like Gecko) Chrome/27.0.1453.68 Mobile Safari/537.36"
66.249.74.72 - - [27/Apr/2013:09:39:17 +0000] "GET /static/css/style.css HTTP/1.1" 200 368 "http://encima.co.uk/" "Mozilla/5.0 (compatible; Googlebot/2.1; +http://www.google.com/bot.html)"
66.249.74.72 - - [27/Apr/2013:09:39:18 +0000] "GET /static/js/functions.js HTTP/1.1" 200 217 "http://encima.co.uk/" "Mozilla/5.0 (compatible; Googlebot/2.1; +http://www.google.com/bot.html)"
66.249.74.72 - - [27/Apr/2013:09:39:20 +0000] "GET /static/css/small.css HTTP/1.1" 200 302 "http://encima.co.uk/" "Mozilla/5.0 (compatible; Googlebot/2.1; +http://www.google.com/bot.html)"
66.249.74.72 - - [27/Apr/2013:11:08:00 +0000] "GET /personal/ HTTP/1.1" 404 168 "-" "Mozilla/5.0 (compatible; Googlebot/2.1; +http://www.google.com/bot.html)"
66.249.74.72 - - [27/Apr/2013:11:35:34 +0000] "GET /contact.html HTTP/1.1" 404 168 "-" "Mozilla/5.0 (compatible; Googlebot/2.1; +http://www.google.com/bot.html)"
82.132.237.134 - - [27/Apr/2013:11:36:53 +0000] "GET /favicon.ico HTTP/1.1" 404 168 "-" "Reeder/1.5.7 CFNetwork/609.1.4 Darwin/13.0.0"
208.115.111.70 - - [27/Apr/2013:12:22:26 +0000] "GET /robots.txt HTTP/1.1" 404 168 "-" "Mozilla/5.0 (compatible; Ezooms/1.0; ezooms.bot@gmail.com)"
198.148.119.236 - - [27/Apr/2013:12:26:38 +0000] "GET /blog/?p=34 HTTP/1.1" 404 570 "-" "Mozilla/4.0 (compatible; MSIE 6.0; Windows NT 5.1; SV1; TencentTraveler)"
157.55.33.21 - - [27/Apr/2013:12:34:05 +0000] "GET /robots.txt HTTP/1.1" 404 168 "-" "Mozilla/5.0 (compatible; bingbot/2.0; +http://www.bing.com/bingbot.htm)"
157.55.33.21 - - [27/Apr/2013:12:36:00 +0000] "GET / HTTP/1.1" 200 805 "-" "Mozilla/5.0 (compatible; bingbot/2.0; +http://www.bing.com/bingbot.htm)"
66.249.74.34 - - [27/Apr/2013:12:56:18 +0000] "GET /robots.txt HTTP/1.1" 404 168 "-" "Mozilla/5.0 (compatible; Googlebot/2.1; +http://www.google.com/bot.html)"
66.249.74.34 - - [27/Apr/2013:12:56:18 +0000] "GET /blog/?tag=sqlite HTTP/1.1" 404 168 "-" "Mozilla/5.0 (compatible; Googlebot/2.1; +http://www.google.com/bot.html)"
208.115.111.70 - - [27/Apr/2013:13:49:37 +0000] "GET /blog/?cat=11 HTTP/1.1" 404 168 "-" "Mozilla/5.0 (compatible; Ezooms/1.0; ezooms.bot@gmail.com)"
208.115.111.70 - - [27/Apr/2013:13:49:45 +0000] "GET /blog/?feed=rss2&tag=android-2 HTTP/1.1" 404 168 "-" "Mozilla/5.0 (compatible; Ezooms/1.0; ezooms.bot@gmail.com)"
