85.133.69.219 - - [05/May/2013:16:51:05 +0000] "GET /blog/?feed=comments-rss2 HTTP/1.1" 404 168 "-" "Flavors.me Feed Plugin"
85.133.69.217 - - [05/May/2013:17:36:13 +0000] "GET /blog/?feed=comments-rss2 HTTP/1.1" 404 168 "-" "Flavors.me Feed Plugin"
85.133.69.217 - - [05/May/2013:18:16:53 +0000] "GET /blog/?feed=comments-rss2 HTTP/1.1" 404 168 "-" "Flavors.me Feed Plugin"
207.189.121.45 - - [05/May/2013:18:21:24 +0000] "GET /favicon.ico HTTP/1.1" 404 168 "-" "Mozilla/5.0 (Windows; U; Windows NT 5.1; en-US; rv:1.9.2.8) Gecko/20100721 Firefox/3.6.8"
5.9.145.2 - - [05/May/2013:18:23:05 +0000] "GET /blog/?p=22 HTTP/1.1" 404 168 "-" "Java/1.6.0_18"
85.133.69.217 - - [05/May/2013:19:04:22 +0000] "GET /blog/?feed=comments-rss2 HTTP/1.1" 404 168 "-" "Flavors.me Feed Plugin"
194.12.64.4 - - [05/May/2013:19:13:07 +0000] "HEAD /?author=1 HTTP/1.1" 200 0 "-" "Mozilla/3.0 (compatible; Indy Library)"
194.12.64.4 - - [05/May/2013:19:37:22 +0000] "HEAD /?author=1 HTTP/1.1" 200 0 "-" "Mozilla/3.0 (compatible; Indy Library)"
85.133.69.215 - - [05/May/2013:19:48:29 +0000] "GET /blog/?feed=comments-rss2 HTTP/1.1" 404 168 "-" "Flavors.me Feed Plugin"
208.115.113.91 - - [05/May/2013:19:49:54 +0000] "GET /robots.txt HTTP/1.1" 404 168 "-" "Mozilla/5.0 (compatible; Ezooms/1.0; ezooms.bot@gmail.com)"
82.132.227.101 - - [05/May/2013:20:07:56 +0000] "GET /favicon.ico HTTP/1.1" 404 168 "-" "Reeder/1.5.7 CFNetwork/609.1.4 Darwin/13.0.0"
85.133.69.217 - - [05/May/2013:20:32:31 +0000] "GET /blog/?feed=comments-rss2 HTTP/1.1" 404 168 "-" "Flavors.me Feed Plugin"
65.55.24.221 - - [05/May/2013:20:43:59 +0000] "GET /robots.txt HTTP/1.1" 404 168 "-" "Mozilla/5.0 (compatible; bingbot/2.0; +http://www.bing.com/bingbot.htm)"
65.55.24.221 - - [05/May/2013:20:45:43 +0000] "GET / HTTP/1.1" 200 733 "-" "Mozilla/5.0 (compatible; bingbot/2.0; +http://www.bing.com/bingbot.htm)"
208.115.113.91 - - [05/May/2013:21:12:16 +0000] "GET /blog/?p=77 HTTP/1.1" 404 168 "-" "Mozilla/5.0 (compatible; Ezooms/1.0; ezooms.bot@gmail.com)"
208.115.113.91 - - [05/May/2013:21:12:19 +0000] "GET /pubs.html HTTP/1.1" 404 168 "-" "Mozilla/5.0 (compatible; Ezooms/1.0; ezooms.bot@gmail.com)"
85.133.69.215 - - [05/May/2013:21:19:42 +0000] "GET /blog/?feed=comments-rss2 HTTP/1.1" 404 168 "-" "Flavors.me Feed Plugin"
85.133.69.217 - - [05/May/2013:21:59:53 +0000] "GET /blog/?feed=comments-rss2 HTTP/1.1" 404 168 "-" "Flavors.me Feed Plugin"
85.133.69.215 - - [05/May/2013:22:47:32 +0000] "GET /blog/?feed=comments-rss2 HTTP/1.1" 404 168 "-" "Flavors.me Feed Plugin"
178.255.215.67 - - [05/May/2013:22:51:47 +0000] "GET /robots.txt HTTP/1.1" 404 168 "-" "Mozilla/5.0 (compatible; Exabot/3.0; +http://www.exabot.com/go/robot)"
178.255.215.67 - - [05/May/2013:22:51:47 +0000] "GET /blog/?p=65 HTTP/1.1" 404 168 "-" "Mozilla/5.0 (compatible; Exabot/3.0; +http://www.exabot.com/go/robot)"
66.249.75.40 - - [05/May/2013:22:55:51 +0000] "GET / HTTP/1.1" 200 733 "-" "Mozilla/5.0 (compatible; Googlebot/2.1; +http://www.google.com/bot.html)"
66.249.75.218 - - [05/May/2013:22:56:06 +0000] "GET /robots.txt HTTP/1.1" 404 168 "-" "Mozilla/5.0 (compatible; Googlebot/2.1; +http://www.google.com/bot.html)"
66.249.75.218 - - [05/May/2013:22:56:06 +0000] "GET / HTTP/1.1" 200 733 "-" "Mozilla/5.0 (compatible; Googlebot/2.1; +http://www.google.com/bot.html)"
85.133.69.215 - - [05/May/2013:23:30:16 +0000] "GET /blog/?feed=comments-rss2 HTTP/1.1" 404 168 "-" "Flavors.me Feed Plugin"
178.154.243.115 - - [05/May/2013:23:45:56 +0000] "GET /robots.txt HTTP/1.1" 404 168 "-" "Mozilla/5.0 (compatible; YandexBot/3.0; +http://yandex.com/bots)"
66.249.75.218 - - [06/May/2013:00:11:11 +0000] "GET /blog/?m=201206 HTTP/1.1" 404 168 "-" "Mozilla/5.0 (iPhone; U; CPU iPhone OS 4_1 like Mac OS X; en-us) AppleWebKit/532.9 (KHTML, like Gecko) Version/4.0.5 Mobile/8B117 Safari/6531.22.7 (compatible; Googlebot-Mobile/2.1; +http://www.google.com/bot.html)"
85.133.69.215 - - [06/May/2013:00:17:18 +0000] "GET /blog/?feed=comments-rss2 HTTP/1.1" 404 168 "-" "Flavors.me Feed Plugin"
66.249.75.218 - - [06/May/2013:00:40:01 +0000] "GET / HTTP/1.1" 200 733 "-" "Mozilla/5.0 (compatible; Googlebot/2.1; +http://www.google.com/bot.html)"
66.249.75.40 - - [06/May/2013:00:40:18 +0000] "GET /robots.txt HTTP/1.1" 404 168 "-" "Mozilla/5.0 (compatible; Googlebot/2.1; +http://www.google.com/bot.html)"
66.249.75.40 - - [06/May/2013:00:40:18 +0000] "GET / HTTP/1.1" 200 733 "-" "Mozilla/5.0 (compatible; Googlebot/2.1; +http://www.google.com/bot.html)"
85.133.69.219 - - [06/May/2013:01:03:13 +0000] "GET /blog/?feed=comments-rss2 HTTP/1.1" 404 168 "-" "Flavors.me Feed Plugin"
157.56.93.196 - - [06/May/2013:01:10:39 +0000] "GET /robots.txt HTTP/1.1" 404 168 "-" "Mozilla/5.0 (compatible; bingbot/2.0; +http://www.bing.com/bingbot.htm)"
157.56.93.196 - - [06/May/2013:01:23:13 +0000] "GET / HTTP/1.1" 200 733 "-" "Mozilla/5.0 (compatible; bingbot/2.0; +http://www.bing.com/bingbot.htm)"
109.109.254.138 - - [06/May/2013:01:30:37 +0000] "GET /blog/?feed=rss2 HTTP/1.1" 404 168 "-" "SocialSearcher/0.1  Mozilla/5.0"
85.133.69.238 - - [06/May/2013:01:49:26 +0000] "GET /blog/?feed=comments-rss2 HTTP/1.1" 404 168 "-" "Flavors.me Feed Plugin"
85.133.69.238 - - [06/May/2013:02:33:54 +0000] "GET /blog/?feed=comments-rss2 HTTP/1.1" 404 168 "-" "Flavors.me Feed Plugin"
178.154.243.115 - - [06/May/2013:02:40:38 +0000] "GET /blog/?feed=rss2 HTTP/1.1" 404 168 "-" "Mozilla/5.0 (compatible; YandexBot/3.0; +http://yandex.com/bots)"
1.9.22.130 - - [06/May/2013:03:17:04 +0000] "GET /favicon.ico HTTP/1.1" 404 168 "-" "Gruml/1.3.0.610 CFNetwork/520.5.1 Darwin/11.4.2 (x86_64) (MacBookPro8%2C1)"
1.9.22.130 - - [06/May/2013:03:17:07 +0000] "GET /favicon.png HTTP/1.1" 404 168 "-" "Gruml/1.3.0.610 CFNetwork/520.5.1 Darwin/11.4.2 (x86_64) (MacBookPro8%2C1)"
1.9.22.130 - - [06/May/2013:03:17:08 +0000] "GET /favicon.bmp HTTP/1.1" 404 168 "-" "Gruml/1.3.0.610 CFNetwork/520.5.1 Darwin/11.4.2 (x86_64) (MacBookPro8%2C1)"
1.9.22.130 - - [06/May/2013:03:17:09 +0000] "GET /blog HTTP/1.1" 404 168 "-" "Gruml/1.3.0.610 CFNetwork/520.5.1 Darwin/11.4.2 (x86_64) (MacBookPro8%2C1)"
85.133.69.238 - - [06/May/2013:03:21:50 +0000] "GET /blog/?feed=comments-rss2 HTTP/1.1" 404 168 "-" "Flavors.me Feed Plugin"
85.133.69.215 - - [06/May/2013:04:06:01 +0000] "GET /blog/?feed=comments-rss2 HTTP/1.1" 404 168 "-" "Flavors.me Feed Plugin"
208.115.111.70 - - [06/May/2013:04:26:10 +0000] "GET /robots.txt HTTP/1.1" 404 168 "-" "Mozilla/5.0 (compatible; Ezooms/1.0; ezooms.bot@gmail.com)"
85.133.69.217 - - [06/May/2013:04:50:58 +0000] "GET /blog/?feed=comments-rss2 HTTP/1.1" 404 168 "-" "Flavors.me Feed Plugin"
178.154.243.115 - - [06/May/2013:05:28:55 +0000] "GET /blog/?p=93 HTTP/1.1" 404 168 "-" "Mozilla/5.0 (compatible; YandexBot/3.0; +http://yandex.com/bots)"
208.115.111.70 - - [06/May/2013:05:51:15 +0000] "GET /blog/?feed=rss2&tag=sqlite HTTP/1.1" 404 168 "-" "Mozilla/5.0 (compatible; Ezooms/1.0; ezooms.bot@gmail.com)"
82.6.63.188 - - [06/May/2013:06:39:01 +0000] "GET / HTTP/1.1" 200 733 "-" "Reeder/1.5.7 CFNetwork/609.1.4 Darwin/13.0.0"
82.6.63.188 - - [06/May/2013:06:39:01 +0000] "GET /favicon.ico HTTP/1.1" 404 168 "-" "Reeder/1.5.7 CFNetwork/609.1.4 Darwin/13.0.0"
82.6.63.188 - - [06/May/2013:06:39:01 +0000] "GET /apple-touch-icon.png HTTP/1.1" 404 168 "-" "Reeder/1.5.7 CFNetwork/609.1.4 Darwin/13.0.0"
82.6.63.188 - - [06/May/2013:06:39:01 +0000] "GET /apple-touch-icon-precomposed.png HTTP/1.1" 404 168 "-" "Reeder/1.5.7 CFNetwork/609.1.4 Darwin/13.0.0"
85.133.69.219 - - [06/May/2013:07:26:47 +0000] "GET /blog/?feed=comments-rss2 HTTP/1.1" 404 168 "-" "Flavors.me Feed Plugin"
82.6.63.188 - - [06/May/2013:07:46:08 +0000] "GET / HTTP/1.1" 200 733 "-" "Reeder/1.5.7 CFNetwork/609.1.4 Darwin/13.0.0"
82.6.63.188 - - [06/May/2013:07:46:09 +0000] "GET /favicon.ico HTTP/1.1" 404 168 "-" "Reeder/1.5.7 CFNetwork/609.1.4 Darwin/13.0.0"
82.6.63.188 - - [06/May/2013:07:46:09 +0000] "GET /apple-touch-icon.png HTTP/1.1" 404 168 "-" "Reeder/1.5.7 CFNetwork/609.1.4 Darwin/13.0.0"
82.6.63.188 - - [06/May/2013:07:46:09 +0000] "GET /apple-touch-icon-precomposed.png HTTP/1.1" 404 168 "-" "Reeder/1.5.7 CFNetwork/609.1.4 Darwin/13.0.0"
85.133.69.215 - - [06/May/2013:07:53:29 +0000] "GET /blog/?feed=comments-rss2 HTTP/1.1" 404 168 "-" "Flavors.me Feed Plugin"
208.115.113.91 - - [06/May/2013:07:55:47 +0000] "GET /robots.txt HTTP/1.1" 404 168 "-" "Mozilla/5.0 (compatible; Ezooms/1.0; ezooms.bot@gmail.com)"
85.133.69.238 - - [06/May/2013:08:38:38 +0000] "GET /blog/?feed=comments-rss2 HTTP/1.1" 404 168 "-" "Flavors.me Feed Plugin"
208.115.113.91 - - [06/May/2013:09:15:14 +0000] "GET /blog/?feed=rss2&p=175 HTTP/1.1" 404 168 "-" "Mozilla/5.0 (compatible; Ezooms/1.0; ezooms.bot@gmail.com)"
85.133.69.217 - - [06/May/2013:09:18:58 +0000] "GET /blog/?feed=comments-rss2 HTTP/1.1" 404 168 "-" "Flavors.me Feed Plugin"
65.55.24.221 - - [06/May/2013:09:19:25 +0000] "GET /robots.txt HTTP/1.1" 404 168 "-" "Mozilla/5.0 (compatible; bingbot/2.0; +http://www.bing.com/bingbot.htm)"
65.55.24.221 - - [06/May/2013:09:20:57 +0000] "GET / HTTP/1.1" 200 733 "-" "Mozilla/5.0 (compatible; bingbot/2.0; +http://www.bing.com/bingbot.htm)"
198.148.119.236 - - [06/May/2013:09:41:07 +0000] "GET /blog/?p=34 HTTP/1.1" 404 570 "-" "Mozilla/4.0 (compatible; MSIE 6.0; Windows NT 5.1; SV1; TencentTraveler)"
85.133.69.219 - - [06/May/2013:10:03:59 +0000] "GET /blog/?feed=comments-rss2 HTTP/1.1" 404 168 "-" "Flavors.me Feed Plugin"
85.133.69.219 - - [06/May/2013:10:49:30 +0000] "GET /blog/?feed=comments-rss2 HTTP/1.1" 404 168 "-" "Flavors.me Feed Plugin"
85.133.69.219 - - [06/May/2013:11:33:27 +0000] "GET /blog/?feed=comments-rss2 HTTP/1.1" 404 168 "-" "Flavors.me Feed Plugin"
208.115.113.91 - - [06/May/2013:11:53:08 +0000] "GET /robots.txt HTTP/1.1" 404 168 "-" "Mozilla/5.0 (compatible; Ezooms/1.0; ezooms.bot@gmail.com)"
85.133.69.219 - - [06/May/2013:12:19:55 +0000] "GET /blog/?feed=comments-rss2 HTTP/1.1" 404 168 "-" "Flavors.me Feed Plugin"
208.115.111.70 - - [06/May/2013:12:24:01 +0000] "GET /robots.txt HTTP/1.1" 404 168 "-" "Mozilla/5.0 (compatible; Ezooms/1.0; ezooms.bot@gmail.com)"
178.255.215.67 - - [06/May/2013:12:39:01 +0000] "GET / HTTP/1.1" 200 733 "-" "Mozilla/5.0 (compatible; Exabot/3.0; +http://www.exabot.com/go/robot)"
85.133.69.235 - - [06/May/2013:13:04:39 +0000] "GET /blog/?feed=comments-rss2 HTTP/1.1" 404 168 "-" "Flavors.me Feed Plugin"
208.115.113.91 - - [06/May/2013:13:18:08 +0000] "GET /blog/?cat=1 HTTP/1.1" 404 168 "-" "Mozilla/5.0 (compatible; Ezooms/1.0; ezooms.bot@gmail.com)"
208.115.113.91 - - [06/May/2013:13:18:23 +0000] "GET /blog/?p=87 HTTP/1.1" 404 168 "-" "Mozilla/5.0 (compatible; Ezooms/1.0; ezooms.bot@gmail.com)"
208.115.111.70 - - [06/May/2013:13:50:12 +0000] "GET /blog/?p=4 HTTP/1.1" 404 168 "-" "Mozilla/5.0 (compatible; Ezooms/1.0; ezooms.bot@gmail.com)"
85.133.69.238 - - [06/May/2013:13:53:18 +0000] "GET /blog/?feed=comments-rss2 HTTP/1.1" 404 168 "-" "Flavors.me Feed Plugin"
85.133.69.235 - - [06/May/2013:14:39:35 +0000] "GET /blog/?feed=comments-rss2 HTTP/1.1" 404 168 "-" "Flavors.me Feed Plugin"
157.56.93.196 - - [06/May/2013:14:43:18 +0000] "GET /robots.txt HTTP/1.1" 404 168 "-" "Mozilla/5.0 (compatible; bingbot/2.0; +http://www.bing.com/bingbot.htm)"
157.56.93.196 - - [06/May/2013:14:47:10 +0000] "GET / HTTP/1.1" 200 733 "-" "Mozilla/5.0 (compatible; bingbot/2.0; +http://www.bing.com/bingbot.htm)"
109.109.254.138 - - [06/May/2013:15:08:40 +0000] "GET /blog/?feed=rss2 HTTP/1.1" 404 168 "-" "SocialSearcher/0.1  Mozilla/5.0"
85.133.69.215 - - [06/May/2013:15:24:07 +0000] "GET /blog/?feed=comments-rss2 HTTP/1.1" 404 168 "-" "Flavors.me Feed Plugin"
208.115.113.91 - - [06/May/2013:15:53:24 +0000] "GET /robots.txt HTTP/1.1" 404 168 "-" "Mozilla/5.0 (compatible; Ezooms/1.0; ezooms.bot@gmail.com)"
85.133.69.238 - - [06/May/2013:16:09:12 +0000] "GET /blog/?feed=comments-rss2 HTTP/1.1" 404 168 "-" "Flavors.me Feed Plugin"
157.56.92.173 - - [06/May/2013:16:21:39 +0000] "GET /robots.txt HTTP/1.1" 404 168 "-" "Mozilla/5.0 (compatible; bingbot/2.0; +http://www.bing.com/bingbot.htm)"
157.56.92.173 - - [06/May/2013:16:23:28 +0000] "GET /blog/?p=4 HTTP/1.1" 404 168 "-" "Mozilla/5.0 (compatible; bingbot/2.0; +http://www.bing.com/bingbot.htm)"
208.115.111.70 - - [06/May/2013:16:23:54 +0000] "GET /robots.txt HTTP/1.1" 404 168 "-" "Mozilla/5.0 (compatible; Ezooms/1.0; ezooms.bot@gmail.com)"
82.6.63.188 - - [06/May/2013:16:44:07 +0000] "GET / HTTP/1.1" 200 733 "-" "Reeder/1.5.7 CFNetwork/609.1.4 Darwin/13.0.0"
82.6.63.188 - - [06/May/2013:16:44:07 +0000] "GET /favicon.ico HTTP/1.1" 404 168 "-" "Reeder/1.5.7 CFNetwork/609.1.4 Darwin/13.0.0"
82.6.63.188 - - [06/May/2013:16:44:07 +0000] "GET /apple-touch-icon.png HTTP/1.1" 404 168 "-" "Reeder/1.5.7 CFNetwork/609.1.4 Darwin/13.0.0"
82.6.63.188 - - [06/May/2013:16:44:07 +0000] "GET /apple-touch-icon-precomposed.png HTTP/1.1" 404 168 "-" "Reeder/1.5.7 CFNetwork/609.1.4 Darwin/13.0.0"
85.133.69.215 - - [06/May/2013:16:55:02 +0000] "GET /blog/?feed=comments-rss2 HTTP/1.1" 404 168 "-" "Flavors.me Feed Plugin"
208.115.113.91 - - [06/May/2013:17:14:15 +0000] "GET /blog/?cat=3 HTTP/1.1" 404 168 "-" "Mozilla/5.0 (compatible; Ezooms/1.0; ezooms.bot@gmail.com)"
208.115.113.91 - - [06/May/2013:17:14:29 +0000] "GET /blog/?feed=rss2&cat=4 HTTP/1.1" 404 168 "-" "Mozilla/5.0 (compatible; Ezooms/1.0; ezooms.bot@gmail.com)"
82.6.63.188 - - [06/May/2013:17:40:55 +0000] "GET / HTTP/1.1" 200 733 "-" "Reeder/1.5.7 CFNetwork/609.1.4 Darwin/13.0.0"
82.6.63.188 - - [06/May/2013:17:40:55 +0000] "GET /favicon.ico HTTP/1.1" 404 168 "-" "Reeder/1.5.7 CFNetwork/609.1.4 Darwin/13.0.0"
82.6.63.188 - - [06/May/2013:17:40:55 +0000] "GET /apple-touch-icon.png HTTP/1.1" 404 168 "-" "Reeder/1.5.7 CFNetwork/609.1.4 Darwin/13.0.0"
82.6.63.188 - - [06/May/2013:17:40:56 +0000] "GET /apple-touch-icon-precomposed.png HTTP/1.1" 404 168 "-" "Reeder/1.5.7 CFNetwork/609.1.4 Darwin/13.0.0"
208.115.111.70 - - [06/May/2013:17:44:02 +0000] "GET /blog/?tag=arm HTTP/1.1" 404 168 "-" "Mozilla/5.0 (compatible; Ezooms/1.0; ezooms.bot@gmail.com)"
85.133.69.219 - - [06/May/2013:17:46:11 +0000] "GET /blog/?feed=comments-rss2 HTTP/1.1" 404 168 "-" "Flavors.me Feed Plugin"
82.6.63.188 - - [06/May/2013:18:02:58 +0000] "GET / HTTP/1.1" 200 733 "-" "Reeder/1.5.7 CFNetwork/609.1.4 Darwin/13.0.0"
82.6.63.188 - - [06/May/2013:18:02:58 +0000] "GET /favicon.ico HTTP/1.1" 404 168 "-" "Reeder/1.5.7 CFNetwork/609.1.4 Darwin/13.0.0"
82.6.63.188 - - [06/May/2013:18:02:59 +0000] "GET /apple-touch-icon.png HTTP/1.1" 404 168 "-" "Reeder/1.5.7 CFNetwork/609.1.4 Darwin/13.0.0"
82.6.63.188 - - [06/May/2013:18:02:59 +0000] "GET /apple-touch-icon-precomposed.png HTTP/1.1" 404 168 "-" "Reeder/1.5.7 CFNetwork/609.1.4 Darwin/13.0.0"
208.115.111.75 - - [06/May/2013:18:06:54 +0000] "GET /robots.txt HTTP/1.1" 404 168 "-" "Mozilla/5.0 (compatible; Ezooms/1.0; ezooms.bot@gmail.com)"
85.133.69.235 - - [06/May/2013:18:27:02 +0000] "GET /blog/?feed=comments-rss2 HTTP/1.1" 404 168 "-" "Flavors.me Feed Plugin"
180.76.5.170 - - [06/May/2013:18:51:02 +0000] "GET /robots.txt HTTP/1.1" 404 168 "-" "Mozilla/5.0 (Windows NT 5.1; rv:6.0.2) Gecko/20100101 Firefox/6.0.2"
82.6.63.188 - - [06/May/2013:19:02:04 +0000] "GET / HTTP/1.1" 200 733 "-" "Reeder/1.5.7 CFNetwork/609.1.4 Darwin/13.0.0"
82.6.63.188 - - [06/May/2013:19:02:04 +0000] "GET /favicon.ico HTTP/1.1" 404 168 "-" "Reeder/1.5.7 CFNetwork/609.1.4 Darwin/13.0.0"
82.6.63.188 - - [06/May/2013:19:02:04 +0000] "GET /apple-touch-icon.png HTTP/1.1" 404 168 "-" "Reeder/1.5.7 CFNetwork/609.1.4 Darwin/13.0.0"
82.6.63.188 - - [06/May/2013:19:02:05 +0000] "GET /apple-touch-icon-precomposed.png HTTP/1.1" 404 168 "-" "Reeder/1.5.7 CFNetwork/609.1.4 Darwin/13.0.0"
208.115.111.75 - - [06/May/2013:19:17:10 +0000] "GET /blog/?feed=rss2&p=45 HTTP/1.1" 404 168 "-" "Mozilla/5.0 (compatible; Ezooms/1.0; ezooms.bot@gmail.com)"
85.133.69.215 - - [06/May/2013:19:18:01 +0000] "GET /blog/?feed=comments-rss2 HTTP/1.1" 404 168 "-" "Flavors.me Feed Plugin"
180.76.5.184 - - [06/May/2013:19:28:58 +0000] "GET / HTTP/1.1" 200 733 "-" "Mozilla/5.0 (compatible; Baiduspider/2.0; +http://www.baidu.com/search/spider.html)"
157.55.35.80 - - [06/May/2013:19:49:06 +0000] "GET /robots.txt HTTP/1.1" 404 168 "-" "Mozilla/5.0 (compatible; bingbot/2.0; +http://www.bing.com/bingbot.htm)"
157.55.35.80 - - [06/May/2013:19:50:28 +0000] "GET /blog/?p=4 HTTP/1.1" 404 168 "-" "Mozilla/5.0 (compatible; bingbot/2.0; +http://www.bing.com/bingbot.htm)"
208.115.113.91 - - [06/May/2013:19:51:52 +0000] "GET /robots.txt HTTP/1.1" 404 168 "-" "Mozilla/5.0 (compatible; Ezooms/1.0; ezooms.bot@gmail.com)"
85.133.69.215 - - [06/May/2013:19:58:03 +0000] "GET /blog/?feed=comments-rss2 HTTP/1.1" 404 168 "-" "Flavors.me Feed Plugin"
109.109.254.138 - - [06/May/2013:20:08:30 +0000] "GET /blog/?feed=rss2 HTTP/1.1" 404 168 "-" "SocialSearcher/0.1  Mozilla/5.0"
208.115.111.70 - - [06/May/2013:20:25:13 +0000] "GET /robots.txt HTTP/1.1" 404 168 "-" "Mozilla/5.0 (compatible; Ezooms/1.0; ezooms.bot@gmail.com)"
85.133.69.235 - - [06/May/2013:20:41:09 +0000] "GET /blog/?feed=comments-rss2 HTTP/1.1" 404 168 "-" "Flavors.me Feed Plugin"
62.255.147.116 - - [06/May/2013:20:58:24 +0000] "GET / HTTP/1.1" 200 733 "-" "Mozilla/5.0 (Macintosh; Intel Mac OS X 10_8_3) AppleWebKit/537.31 (KHTML, like Gecko) Chrome/26.0.1410.65 Safari/537.31"
62.255.147.116 - - [06/May/2013:20:58:24 +0000] "GET /static/css/style.css HTTP/1.1" 200 507 "http://encima.co.uk/" "Mozilla/5.0 (Macintosh; Intel Mac OS X 10_8_3) AppleWebKit/537.31 (KHTML, like Gecko) Chrome/26.0.1410.65 Safari/537.31"
62.255.147.116 - - [06/May/2013:20:58:24 +0000] "GET /static/js/functions.js HTTP/1.1" 200 370 "http://encima.co.uk/" "Mozilla/5.0 (Macintosh; Intel Mac OS X 10_8_3) AppleWebKit/537.31 (KHTML, like Gecko) Chrome/26.0.1410.65 Safari/537.31"
62.255.147.116 - - [06/May/2013:20:58:25 +0000] "GET /static/media/me.png HTTP/1.1" 200 276030 "http://encima.co.uk/" "Mozilla/5.0 (Macintosh; Intel Mac OS X 10_8_3) AppleWebKit/537.31 (KHTML, like Gecko) Chrome/26.0.1410.65 Safari/537.31"
62.255.147.116 - - [06/May/2013:20:58:25 +0000] "GET /favicon.ico HTTP/1.1" 404 570 "-" "Mozilla/5.0 (Macintosh; Intel Mac OS X 10_8_3) AppleWebKit/537.31 (KHTML, like Gecko) Chrome/26.0.1410.65 Safari/537.31"
62.255.147.116 - - [06/May/2013:20:58:29 +0000] "GET /favicon.ico HTTP/1.1" 404 570 "-" "Mozilla/5.0 (Macintosh; Intel Mac OS X 10_8_3) AppleWebKit/537.31 (KHTML, like Gecko) Chrome/26.0.1410.65 Safari/537.31"
62.255.147.116 - - [06/May/2013:21:00:35 +0000] "GET /favicon.ico HTTP/1.1" 404 570 "-" "Mozilla/5.0 (Macintosh; Intel Mac OS X 10_8_3) AppleWebKit/537.31 (KHTML, like Gecko) Chrome/26.0.1410.65 Safari/537.31"
62.255.147.116 - - [06/May/2013:21:01:46 +0000] "GET /favicon.ico HTTP/1.1" 404 570 "-" "Mozilla/5.0 (Macintosh; Intel Mac OS X 10_8_3) AppleWebKit/537.31 (KHTML, like Gecko) Chrome/26.0.1410.65 Safari/537.31"
82.6.63.188 - - [06/May/2013:21:02:22 +0000] "GET / HTTP/1.1" 200 733 "-" "Reeder/1.5.7 CFNetwork/609.1.4 Darwin/13.0.0"
82.6.63.188 - - [06/May/2013:21:02:22 +0000] "GET /favicon.ico HTTP/1.1" 404 168 "-" "Reeder/1.5.7 CFNetwork/609.1.4 Darwin/13.0.0"
82.6.63.188 - - [06/May/2013:21:02:22 +0000] "GET /apple-touch-icon.png HTTP/1.1" 404 168 "-" "Reeder/1.5.7 CFNetwork/609.1.4 Darwin/13.0.0"
82.6.63.188 - - [06/May/2013:21:02:22 +0000] "GET /apple-touch-icon-precomposed.png HTTP/1.1" 404 168 "-" "Reeder/1.5.7 CFNetwork/609.1.4 Darwin/13.0.0"
62.255.147.116 - - [06/May/2013:21:04:46 +0000] "GET /favicon.ico HTTP/1.1" 404 570 "-" "Mozilla/5.0 (Macintosh; Intel Mac OS X 10_8_3) AppleWebKit/537.31 (KHTML, like Gecko) Chrome/26.0.1410.65 Safari/537.31"
62.255.147.116 - - [06/May/2013:21:06:11 +0000] "GET /favicon.ico HTTP/1.1" 404 570 "-" "Mozilla/5.0 (Macintosh; Intel Mac OS X 10_8_3) AppleWebKit/537.31 (KHTML, like Gecko) Chrome/26.0.1410.65 Safari/537.31"
62.255.147.116 - - [06/May/2013:21:08:31 +0000] "GET /favicon.ico HTTP/1.1" 404 570 "-" "Mozilla/5.0 (Macintosh; Intel Mac OS X 10_8_3) AppleWebKit/537.31 (KHTML, like Gecko) Chrome/26.0.1410.65 Safari/537.31"
208.115.113.91 - - [06/May/2013:21:13:23 +0000] "GET /blog/?cat=5 HTTP/1.1" 404 168 "-" "Mozilla/5.0 (compatible; Ezooms/1.0; ezooms.bot@gmail.com)"
208.115.113.91 - - [06/May/2013:21:13:26 +0000] "GET /blog/?feed=rss2&cat=6 HTTP/1.1" 404 168 "-" "Mozilla/5.0 (compatible; Ezooms/1.0; ezooms.bot@gmail.com)"
85.133.69.219 - - [06/May/2013:21:23:48 +0000] "GET /blog/?feed=comments-rss2 HTTP/1.1" 404 168 "-" "Flavors.me Feed Plugin"
208.115.111.70 - - [06/May/2013:21:48:34 +0000] "GET /blog/?tag=pacman HTTP/1.1" 404 168 "-" "Mozilla/5.0 (compatible; Ezooms/1.0; ezooms.bot@gmail.com)"
85.133.69.238 - - [06/May/2013:22:12:01 +0000] "GET /blog/?feed=comments-rss2 HTTP/1.1" 404 168 "-" "Flavors.me Feed Plugin"
65.55.24.221 - - [06/May/2013:22:15:47 +0000] "GET /robots.txt HTTP/1.1" 404 168 "-" "Mozilla/5.0 (compatible; bingbot/2.0; +http://www.bing.com/bingbot.htm)"
65.55.24.221 - - [06/May/2013:22:17:24 +0000] "GET / HTTP/1.1" 200 733 "-" "Mozilla/5.0 (compatible; bingbot/2.0; +http://www.bing.com/bingbot.htm)"
88.73.171.252 - - [06/May/2013:22:23:13 +0000] "GET /blog/?p=22 HTTP/1.1" 404 168 "http://archlinuxarm.org/forum/viewtopic.php?f=6&t=3186&sid=ee8c452c85d0532793bbbb233691cc04" "Mozilla/5.0 (X11; Linux x86_64; rv:20.0) Gecko/20100101 Firefox/20.0 Iceweasel/20.0"
88.73.171.252 - - [06/May/2013:22:23:13 +0000] "GET /favicon.ico HTTP/1.1" 404 168 "-" "Mozilla/5.0 (X11; Linux x86_64; rv:20.0) Gecko/20100101 Firefox/20.0 Iceweasel/20.0"
88.73.171.252 - - [06/May/2013:22:23:13 +0000] "GET /favicon.ico HTTP/1.1" 404 168 "-" "Mozilla/5.0 (X11; Linux x86_64; rv:20.0) Gecko/20100101 Firefox/20.0 Iceweasel/20.0"
85.133.69.215 - - [06/May/2013:22:57:20 +0000] "GET /blog/?feed=comments-rss2 HTTP/1.1" 404 168 "-" "Flavors.me Feed Plugin"
85.133.69.219 - - [06/May/2013:23:41:25 +0000] "GET /blog/?feed=comments-rss2 HTTP/1.1" 404 168 "-" "Flavors.me Feed Plugin"
66.249.75.40 - - [07/May/2013:00:07:26 +0000] "GET /robots.txt HTTP/1.1" 404 168 "-" "Mozilla/5.0 (compatible; Googlebot/2.1; +http://www.google.com/bot.html)"
66.249.75.40 - - [07/May/2013:00:07:26 +0000] "GET / HTTP/1.1" 200 733 "-" "Mozilla/5.0 (iPhone; U; CPU iPhone OS 4_1 like Mac OS X; en-us) AppleWebKit/532.9 (KHTML, like Gecko) Version/4.0.5 Mobile/8B117 Safari/6531.22.7 (compatible; Googlebot-Mobile/2.1; +http://www.google.com/bot.html)"
85.133.69.219 - - [07/May/2013:00:31:43 +0000] "GET /blog/?feed=comments-rss2 HTTP/1.1" 404 168 "-" "Flavors.me Feed Plugin"
180.76.5.111 - - [07/May/2013:00:32:01 +0000] "GET /robots.txt HTTP/1.1" 404 168 "-" "Mozilla/5.0 (Windows NT 5.1; rv:6.0.2) Gecko/20100101 Firefox/6.0.2"
85.133.69.219 - - [07/May/2013:01:06:55 +0000] "GET /blog/?feed=comments-rss2 HTTP/1.1" 404 168 "-" "Flavors.me Feed Plugin"
208.115.111.75 - - [07/May/2013:01:48:21 +0000] "GET /robots.txt HTTP/1.1" 404 168 "-" "Mozilla/5.0 (compatible; Ezooms/1.0; ezooms.bot@gmail.com)"
85.133.69.217 - - [07/May/2013:02:00:17 +0000] "GET /blog/?feed=comments-rss2 HTTP/1.1" 404 168 "-" "Flavors.me Feed Plugin"
208.115.113.86 - - [07/May/2013:02:27:47 +0000] "GET /robots.txt HTTP/1.1" 404 168 "-" "Mozilla/5.0 (compatible; Ezooms/1.0; ezooms.bot@gmail.com)"
157.56.93.196 - - [07/May/2013:02:32:14 +0000] "GET /robots.txt HTTP/1.1" 404 168 "-" "Mozilla/5.0 (compatible; bingbot/2.0; +http://www.bing.com/bingbot.htm)"
157.56.93.196 - - [07/May/2013:02:34:49 +0000] "GET / HTTP/1.1" 200 733 "-" "Mozilla/5.0 (compatible; bingbot/2.0; +http://www.bing.com/bingbot.htm)"
85.133.69.238 - - [07/May/2013:02:41:33 +0000] "GET /blog/?feed=comments-rss2 HTTP/1.1" 404 168 "-" "Flavors.me Feed Plugin"
208.115.111.75 - - [07/May/2013:03:10:39 +0000] "GET /blog/?p=45 HTTP/1.1" 404 168 "-" "Mozilla/5.0 (compatible; Ezooms/1.0; ezooms.bot@gmail.com)"
85.133.69.217 - - [07/May/2013:03:23:19 +0000] "GET /blog/?feed=comments-rss2 HTTP/1.1" 404 168 "-" "Flavors.me Feed Plugin"
65.55.24.221 - - [07/May/2013:03:23:23 +0000] "GET /robots.txt HTTP/1.1" 404 168 "-" "Mozilla/5.0 (compatible; bingbot/2.0; +http://www.bing.com/bingbot.htm)"
65.55.24.221 - - [07/May/2013:03:27:36 +0000] "GET / HTTP/1.1" 200 733 "-" "Mozilla/5.0 (compatible; bingbot/2.0; +http://www.bing.com/bingbot.htm)"
208.115.113.86 - - [07/May/2013:03:53:56 +0000] "GET /blog/?m=201207 HTTP/1.1" 404 168 "-" "Mozilla/5.0 (compatible; Ezooms/1.0; ezooms.bot@gmail.com)"
85.133.69.219 - - [07/May/2013:04:51:04 +0000] "GET /blog/?feed=comments-rss2 HTTP/1.1" 404 168 "-" "Flavors.me Feed Plugin"
85.133.69.217 - - [07/May/2013:05:42:11 +0000] "GET /blog/?feed=comments-rss2 HTTP/1.1" 404 168 "-" "Flavors.me Feed Plugin"
82.6.63.188 - - [07/May/2013:05:59:13 +0000] "GET / HTTP/1.1" 200 733 "-" "Reeder/1.5.7 CFNetwork/609.1.4 Darwin/13.0.0"
82.6.63.188 - - [07/May/2013:05:59:13 +0000] "GET /favicon.ico HTTP/1.1" 404 168 "-" "Reeder/1.5.7 CFNetwork/609.1.4 Darwin/13.0.0"
82.6.63.188 - - [07/May/2013:05:59:13 +0000] "GET /apple-touch-icon.png HTTP/1.1" 404 168 "-" "Reeder/1.5.7 CFNetwork/609.1.4 Darwin/13.0.0"
82.6.63.188 - - [07/May/2013:05:59:13 +0000] "GET /apple-touch-icon-precomposed.png HTTP/1.1" 404 168 "-" "Reeder/1.5.7 CFNetwork/609.1.4 Darwin/13.0.0"
124.238.215.152 - - [07/May/2013:06:22:44 +0000] "GET /robots.txt HTTP/1.0" 404 168 "-" "nutch-1.4/Nutch-1.4"
124.238.215.152 - - [07/May/2013:06:22:45 +0000] "GET / HTTP/1.0" 200 733 "-" "nutch-1.4/Nutch-1.4"
85.133.69.215 - - [07/May/2013:06:23:41 +0000] "GET /blog/?feed=comments-rss2 HTTP/1.1" 404 168 "-" "Flavors.me Feed Plugin"
82.6.63.188 - - [07/May/2013:06:29:47 +0000] "GET / HTTP/1.1" 200 733 "-" "Reeder/1.5.7 CFNetwork/609.1.4 Darwin/13.0.0"
82.6.63.188 - - [07/May/2013:06:29:48 +0000] "GET /favicon.ico HTTP/1.1" 404 168 "-" "Reeder/1.5.7 CFNetwork/609.1.4 Darwin/13.0.0"
82.6.63.188 - - [07/May/2013:06:29:48 +0000] "GET /apple-touch-icon.png HTTP/1.1" 404 168 "-" "Reeder/1.5.7 CFNetwork/609.1.4 Darwin/13.0.0"
82.6.63.188 - - [07/May/2013:06:29:48 +0000] "GET /apple-touch-icon-precomposed.png HTTP/1.1" 404 168 "-" "Reeder/1.5.7 CFNetwork/609.1.4 Darwin/13.0.0"
82.6.63.188 - - [07/May/2013:06:43:53 +0000] "GET / HTTP/1.1" 200 733 "-" "Reeder/1.5.7 CFNetwork/609.1.4 Darwin/13.0.0"
82.6.63.188 - - [07/May/2013:06:43:53 +0000] "GET /favicon.ico HTTP/1.1" 404 168 "-" "Reeder/1.5.7 CFNetwork/609.1.4 Darwin/13.0.0"
82.6.63.188 - - [07/May/2013:06:43:53 +0000] "GET /apple-touch-icon.png HTTP/1.1" 404 168 "-" "Reeder/1.5.7 CFNetwork/609.1.4 Darwin/13.0.0"
82.6.63.188 - - [07/May/2013:06:43:53 +0000] "GET /apple-touch-icon-precomposed.png HTTP/1.1" 404 168 "-" "Reeder/1.5.7 CFNetwork/609.1.4 Darwin/13.0.0"
85.133.69.215 - - [07/May/2013:07:10:24 +0000] "GET /blog/?feed=comments-rss2 HTTP/1.1" 404 168 "-" "Flavors.me Feed Plugin"
180.76.5.66 - - [07/May/2013:07:30:20 +0000] "GET /blog/?feed=rss2&tag=missing HTTP/1.1" 404 168 "-" "Mozilla/5.0 (compatible; Baiduspider/2.0; +http://www.baidu.com/search/spider.html)"
208.115.113.91 - - [07/May/2013:07:52:38 +0000] "GET /robots.txt HTTP/1.1" 404 168 "-" "Mozilla/5.0 (compatible; Ezooms/1.0; ezooms.bot@gmail.com)"
85.133.69.235 - - [07/May/2013:07:53:06 +0000] "GET /blog/?feed=comments-rss2 HTTP/1.1" 404 168 "-" "Flavors.me Feed Plugin"
173.199.120.91 - - [07/May/2013:08:22:42 +0000] "GET /blog/?tag=romming HTTP/1.1" 404 168 "-" "Mozilla/5.0 (compatible; AhrefsBot/4.0; +http://ahrefs.com/robot/)"
85.133.69.215 - - [07/May/2013:08:40:35 +0000] "GET /blog/?feed=comments-rss2 HTTP/1.1" 404 168 "-" "Flavors.me Feed Plugin"
198.23.251.250 - - [07/May/2013:08:41:13 +0000] "GET /blog/?feed=rss2 HTTP/1.0" 404 570 "-" "Mozilla/4.0 (compatible; MSIE 7.0b; Windows NT 5.1; FDM; .NET CLR 1.1.4322)"
94.102.150.50 - - [07/May/2013:08:41:30 +0000] "GET /blog/?feed=rss2 HTTP/1.1" 404 168 "-" "SocialSearcher/0.1  Mozilla/5.0"
208.115.113.91 - - [07/May/2013:09:18:51 +0000] "GET /blog/?feed=rss2&p=112 HTTP/1.1" 404 168 "-" "Mozilla/5.0 (compatible; Ezooms/1.0; ezooms.bot@gmail.com)"
85.133.69.217 - - [07/May/2013:09:22:09 +0000] "GET /blog/?feed=comments-rss2 HTTP/1.1" 404 168 "-" "Flavors.me Feed Plugin"
131.251.253.104 - - [07/May/2013:09:45:10 +0000] "GET / HTTP/1.1" 200 733 "-" "Reeder/1.5.7 CFNetwork/609.1.4 Darwin/13.0.0"
131.251.253.104 - - [07/May/2013:09:45:10 +0000] "GET /favicon.ico HTTP/1.1" 404 168 "-" "Reeder/1.5.7 CFNetwork/609.1.4 Darwin/13.0.0"
131.251.253.104 - - [07/May/2013:09:45:10 +0000] "GET /apple-touch-icon.png HTTP/1.1" 404 168 "-" "Reeder/1.5.7 CFNetwork/609.1.4 Darwin/13.0.0"
131.251.253.104 - - [07/May/2013:09:45:10 +0000] "GET /apple-touch-icon-precomposed.png HTTP/1.1" 404 168 "-" "Reeder/1.5.7 CFNetwork/609.1.4 Darwin/13.0.0"
65.55.24.221 - - [07/May/2013:10:10:05 +0000] "GET /robots.txt HTTP/1.1" 404 168 "-" "Mozilla/5.0 (compatible; bingbot/2.0; +http://www.bing.com/bingbot.htm)"
85.133.69.215 - - [07/May/2013:10:10:40 +0000] "GET /blog/?feed=comments-rss2 HTTP/1.1" 404 168 "-" "Flavors.me Feed Plugin"
65.55.24.221 - - [07/May/2013:10:11:27 +0000] "GET / HTTP/1.1" 200 733 "-" "Mozilla/5.0 (compatible; bingbot/2.0; +http://www.bing.com/bingbot.htm)"
208.115.113.86 - - [07/May/2013:10:21:12 +0000] "GET /robots.txt HTTP/1.1" 404 168 "-" "Mozilla/5.0 (compatible; Ezooms/1.0; ezooms.bot@gmail.com)"
131.251.254.123 - - [07/May/2013:10:25:22 +0000] "GET / HTTP/1.1" 200 733 "-" "Mozilla/5.0 (Macintosh; Intel Mac OS X 10_8_3) AppleWebKit/537.36 (KHTML, like Gecko) Chrome/28.0.1499.0 Safari/537.36"
131.251.254.123 - - [07/May/2013:10:25:22 +0000] "GET /static/css/style.css HTTP/1.1" 200 507 "http://encima.co.uk/" "Mozilla/5.0 (Macintosh; Intel Mac OS X 10_8_3) AppleWebKit/537.36 (KHTML, like Gecko) Chrome/28.0.1499.0 Safari/537.36"
131.251.254.123 - - [07/May/2013:10:25:22 +0000] "GET /static/js/functions.js HTTP/1.1" 200 370 "http://encima.co.uk/" "Mozilla/5.0 (Macintosh; Intel Mac OS X 10_8_3) AppleWebKit/537.36 (KHTML, like Gecko) Chrome/28.0.1499.0 Safari/537.36"
131.251.254.123 - - [07/May/2013:10:25:23 +0000] "GET /static/media/me.png HTTP/1.1" 200 276030 "http://encima.co.uk/" "Mozilla/5.0 (Macintosh; Intel Mac OS X 10_8_3) AppleWebKit/537.36 (KHTML, like Gecko) Chrome/28.0.1499.0 Safari/537.36"
131.251.254.123 - - [07/May/2013:10:25:23 +0000] "GET /favicon.ico HTTP/1.1" 404 570 "-" "Mozilla/5.0 (Macintosh; Intel Mac OS X 10_8_3) AppleWebKit/537.36 (KHTML, like Gecko) Chrome/28.0.1499.0 Safari/537.36"
85.133.69.215 - - [07/May/2013:11:06:49 +0000] "GET /blog/?feed=comments-rss2 HTTP/1.1" 404 168 "-" "Flavors.me Feed Plugin"
131.251.253.118 - - [07/May/2013:11:15:01 +0000] "GET / HTTP/1.1" 200 733 "-" "Reeder/1.5.7 CFNetwork/609.1.4 Darwin/13.0.0"
131.251.253.118 - - [07/May/2013:11:15:01 +0000] "GET /favicon.ico HTTP/1.1" 404 168 "-" "Reeder/1.5.7 CFNetwork/609.1.4 Darwin/13.0.0"
131.251.253.118 - - [07/May/2013:11:15:01 +0000] "GET /apple-touch-icon.png HTTP/1.1" 404 168 "-" "Reeder/1.5.7 CFNetwork/609.1.4 Darwin/13.0.0"
131.251.253.118 - - [07/May/2013:11:15:01 +0000] "GET /apple-touch-icon-precomposed.png HTTP/1.1" 404 168 "-" "Reeder/1.5.7 CFNetwork/609.1.4 Darwin/13.0.0"
176.9.155.226 - - [07/May/2013:11:37:53 +0000] "GET /robots.txt HTTP/1.1" 404 168 "-" "Mozilla/5.0 (compatible; SISTRIX Crawler; http://crawler.sistrix.net/)"
176.9.155.226 - - [07/May/2013:11:37:53 +0000] "GET / HTTP/1.1" 206 733 "-" "Mozilla/5.0 (compatible; SISTRIX Crawler; http://crawler.sistrix.net/)"
85.133.69.238 - - [07/May/2013:11:39:38 +0000] "GET /blog/?feed=comments-rss2 HTTP/1.1" 404 168 "-" "Flavors.me Feed Plugin"
208.115.113.86 - - [07/May/2013:11:56:28 +0000] "GET /blog/?feed=rss2&tag=wifi HTTP/1.1" 404 168 "-" "Mozilla/5.0 (compatible; Ezooms/1.0; ezooms.bot@gmail.com)"
208.115.111.70 - - [07/May/2013:12:24:55 +0000] "GET /robots.txt HTTP/1.1" 404 168 "-" "Mozilla/5.0 (compatible; Ezooms/1.0; ezooms.bot@gmail.com)"
85.133.69.219 - - [07/May/2013:12:32:54 +0000] "GET /blog/?feed=comments-rss2 HTTP/1.1" 404 168 "-" "Flavors.me Feed Plugin"
62.240.162.50 - - [07/May/2013:12:39:50 +0000] "GET / HTTP/1.1" 200 733 "-" "Mozilla/5.0 (Windows NT 5.1) AppleWebKit/537.31 (KHTML, like Gecko) Chrome/26.0.1410.64 Safari/537.31"
62.240.162.50 - - [07/May/2013:12:39:51 +0000] "GET /static/css/style.css HTTP/1.1" 200 507 "http://encima.co.uk/" "Mozilla/5.0 (Windows NT 5.1) AppleWebKit/537.31 (KHTML, like Gecko) Chrome/26.0.1410.64 Safari/537.31"
62.240.162.50 - - [07/May/2013:12:39:51 +0000] "GET /static/js/functions.js HTTP/1.1" 200 370 "http://encima.co.uk/" "Mozilla/5.0 (Windows NT 5.1) AppleWebKit/537.31 (KHTML, like Gecko) Chrome/26.0.1410.64 Safari/537.31"
62.240.162.50 - - [07/May/2013:12:39:54 +0000] "GET /static/media/me.png HTTP/1.1" 200 276030 "http://encima.co.uk/" "Mozilla/5.0 (Windows NT 5.1) AppleWebKit/537.31 (KHTML, like Gecko) Chrome/26.0.1410.64 Safari/537.31"
62.240.162.50 - - [07/May/2013:12:39:58 +0000] "GET /favicon.ico HTTP/1.1" 404 570 "-" "Mozilla/5.0 (Windows NT 5.1) AppleWebKit/537.31 (KHTML, like Gecko) Chrome/26.0.1410.64 Safari/537.31"
173.199.120.91 - - [07/May/2013:12:56:46 +0000] "GET /blog/?tag=library HTTP/1.1" 404 168 "-" "Mozilla/5.0 (compatible; AhrefsBot/4.0; +http://ahrefs.com/robot/)"
85.133.69.217 - - [07/May/2013:13:09:56 +0000] "GET /blog/?feed=comments-rss2 HTTP/1.1" 404 168 "-" "Flavors.me Feed Plugin"
208.115.111.70 - - [07/May/2013:13:49:49 +0000] "GET /blog/?feed=rss2&p=22 HTTP/1.1" 404 168 "-" "Mozilla/5.0 (compatible; Ezooms/1.0; ezooms.bot@gmail.com)"
85.133.69.217 - - [07/May/2013:13:59:51 +0000] "GET /blog/?feed=comments-rss2 HTTP/1.1" 404 168 "-" "Flavors.me Feed Plugin"
173.199.120.91 - - [07/May/2013:14:03:06 +0000] "GET /cgi-sys/suspendedpage.cgi?tag=sqlite HTTP/1.1" 404 168 "-" "Mozilla/5.0 (compatible; AhrefsBot/4.0; +http://ahrefs.com/robot/)"
157.56.93.94 - - [07/May/2013:14:22:19 +0000] "GET /robots.txt HTTP/1.1" 404 168 "-" "Mozilla/5.0 (compatible; bingbot/2.0; +http://www.bing.com/bingbot.htm)"
157.56.93.94 - - [07/May/2013:14:24:08 +0000] "GET / HTTP/1.1" 200 733 "-" "Mozilla/5.0 (compatible; bingbot/2.0; +http://www.bing.com/bingbot.htm)"
85.133.69.217 - - [07/May/2013:14:36:19 +0000] "GET /blog/?feed=comments-rss2 HTTP/1.1" 404 168 "-" "Flavors.me Feed Plugin"
173.199.120.91 - - [07/May/2013:14:40:54 +0000] "GET /blog/?p=22 HTTP/1.1" 404 168 "-" "Mozilla/5.0 (compatible; AhrefsBot/4.0; +http://ahrefs.com/robot/)"
157.55.33.14 - - [07/May/2013:15:01:43 +0000] "GET /robots.txt HTTP/1.1" 404 168 "-" "Mozilla/5.0 (compatible; bingbot/2.0; +http://www.bing.com/bingbot.htm)"
85.133.69.238 - - [07/May/2013:15:21:13 +0000] "GET /blog/?feed=comments-rss2 HTTP/1.1" 404 168 "-" "Flavors.me Feed Plugin"
173.199.120.91 - - [07/May/2013:15:36:16 +0000] "GET /blog/wp-login.php HTTP/1.1" 404 168 "-" "Mozilla/5.0 (compatible; AhrefsBot/4.0; +http://ahrefs.com/robot/)"
199.30.20.77 - - [07/May/2013:15:40:32 +0000] "GET /robots.txt HTTP/1.1" 404 168 "-" "msnbot-media/1.1 (+http://search.msn.com/msnbot.htm)"
199.30.20.77 - - [07/May/2013:15:40:33 +0000] "GET /static/media/me.png HTTP/1.1" 200 276030 "-" "msnbot-media/1.1 (+http://search.msn.com/msnbot.htm)"
157.56.92.147 - - [07/May/2013:15:46:31 +0000] "GET / HTTP/1.1" 200 733 "-" "Mozilla/5.0 (compatible; bingbot/2.0; +http://www.bing.com/bingbot.htm)"
82.6.63.188 - - [07/May/2013:15:56:11 +0000] "GET / HTTP/1.1" 200 733 "-" "Reeder/1.5.7 CFNetwork/609.1.4 Darwin/13.0.0"
82.6.63.188 - - [07/May/2013:15:56:11 +0000] "GET /favicon.ico HTTP/1.1" 404 168 "-" "Reeder/1.5.7 CFNetwork/609.1.4 Darwin/13.0.0"
82.6.63.188 - - [07/May/2013:15:56:11 +0000] "GET /apple-touch-icon.png HTTP/1.1" 404 168 "-" "Reeder/1.5.7 CFNetwork/609.1.4 Darwin/13.0.0"
82.6.63.188 - - [07/May/2013:15:56:11 +0000] "GET /apple-touch-icon-precomposed.png HTTP/1.1" 404 168 "-" "Reeder/1.5.7 CFNetwork/609.1.4 Darwin/13.0.0"
85.133.69.235 - - [07/May/2013:16:03:53 +0000] "GET /blog/?feed=comments-rss2 HTTP/1.1" 404 168 "-" "Flavors.me Feed Plugin"
109.109.254.138 - - [07/May/2013:16:39:30 +0000] "GET /blog/?feed=rss2 HTTP/1.1" 404 168 "-" "SocialSearcher/0.1  Mozilla/5.0"
85.133.69.215 - - [07/May/2013:17:44:41 +0000] "GET /blog/?feed=comments-rss2 HTTP/1.1" 404 168 "-" "Flavors.me Feed Plugin"
178.154.243.115 - - [07/May/2013:18:53:15 +0000] "GET /robots.txt HTTP/1.1" 404 168 "-" "Mozilla/5.0 (compatible; YandexBot/3.0; +http://yandex.com/bots)"
178.154.243.115 - - [07/May/2013:18:53:18 +0000] "GET / HTTP/1.1" 200 733 "-" "Mozilla/5.0 (compatible; YandexBot/3.0; +http://yandex.com/bots)"
178.154.243.115 - - [07/May/2013:18:53:27 +0000] "GET / HTTP/1.1" 200 733 "-" "Mozilla/5.0 (compatible; YandexBot/3.0; +http://yandex.com/bots)"
82.6.63.188 - - [07/May/2013:18:54:58 +0000] "GET / HTTP/1.1" 200 733 "-" "Reeder/1.5.7 CFNetwork/609.1.4 Darwin/13.0.0"
82.6.63.188 - - [07/May/2013:18:54:58 +0000] "GET /favicon.ico HTTP/1.1" 404 168 "-" "Reeder/1.5.7 CFNetwork/609.1.4 Darwin/13.0.0"
82.6.63.188 - - [07/May/2013:18:54:58 +0000] "GET /apple-touch-icon.png HTTP/1.1" 404 168 "-" "Reeder/1.5.7 CFNetwork/609.1.4 Darwin/13.0.0"
82.6.63.188 - - [07/May/2013:18:54:59 +0000] "GET /apple-touch-icon-precomposed.png HTTP/1.1" 404 168 "-" "Reeder/1.5.7 CFNetwork/609.1.4 Darwin/13.0.0"
85.133.69.217 - - [07/May/2013:19:16:58 +0000] "GET /blog/?feed=comments-rss2 HTTP/1.1" 404 168 "-" "Flavors.me Feed Plugin"
69.113.86.111 - - [07/May/2013:19:18:44 +0000] "GET /static/media/me.png HTTP/1.1" 200 276030 "http://www.google.com/search?q=encima&safe=off&client=safari&hl=en&source=lnms&tbm=isch&sa=X&ei=61KJUdCoAbWy4AOP1IC4AQ&ved=0CAoQ_AUoAA&biw=1024&bih=644" "Mozilla/5.0 (iPad; CPU OS 5_1_1 like Mac OS X) AppleWebKit/534.46 (KHTML, like Gecko) Version/5.1 Mobile/9B206 Safari/7534.48.3"
66.249.82.40 - - [07/May/2013:19:18:45 +0000] "GET / HTTP/1.1" 200 733 "http://www.google.com/search" "Mozilla/5.0 (X11; Linux x86_64) AppleWebKit/537.4 (KHTML, like Gecko; Google Web Preview) Chrome/22.0.1229 Safari/537.4"
66.249.82.40 - - [07/May/2013:19:18:45 +0000] "GET /static/js/functions.js HTTP/1.1" 200 370 "http://encima.co.uk/" "Mozilla/5.0 (X11; Linux x86_64) AppleWebKit/537.4 (KHTML, like Gecko; Google Web Preview) Chrome/22.0.1229 Safari/537.4"
66.249.82.40 - - [07/May/2013:19:18:45 +0000] "GET /static/css/style.css HTTP/1.1" 200 507 "http://encima.co.uk/" "Mozilla/5.0 (X11; Linux x86_64) AppleWebKit/537.4 (KHTML, like Gecko; Google Web Preview) Chrome/22.0.1229 Safari/537.4"
66.249.82.40 - - [07/May/2013:19:18:45 +0000] "GET /static/media/me.png HTTP/1.1" 200 276030 "http://encima.co.uk/" "Mozilla/5.0 (X11; Linux x86_64) AppleWebKit/537.4 (KHTML, like Gecko; Google Web Preview) Chrome/22.0.1229 Safari/537.4"
85.133.69.215 - - [07/May/2013:19:50:30 +0000] "GET /blog/?feed=comments-rss2 HTTP/1.1" 404 168 "-" "Flavors.me Feed Plugin"
66.249.76.40 - - [07/May/2013:20:14:17 +0000] "GET /robots.txt HTTP/1.1" 404 168 "-" "Mozilla/5.0 (compatible; Googlebot/2.1; +http://www.google.com/bot.html)"
66.249.76.40 - - [07/May/2013:20:14:17 +0000] "GET /blog/?p=29 HTTP/1.1" 404 168 "-" "Mozilla/5.0 (compatible; Googlebot/2.1; +http://www.google.com/bot.html)"
82.6.63.188 - - [07/May/2013:20:31:22 +0000] "GET / HTTP/1.1" 200 733 "-" "Reeder/1.5.7 CFNetwork/609.1.4 Darwin/13.0.0"
82.6.63.188 - - [07/May/2013:20:31:23 +0000] "GET /favicon.ico HTTP/1.1" 404 168 "-" "Reeder/1.5.7 CFNetwork/609.1.4 Darwin/13.0.0"
82.6.63.188 - - [07/May/2013:20:31:23 +0000] "GET /apple-touch-icon.png HTTP/1.1" 404 168 "-" "Reeder/1.5.7 CFNetwork/609.1.4 Darwin/13.0.0"
82.6.63.188 - - [07/May/2013:20:31:23 +0000] "GET /apple-touch-icon-precomposed.png HTTP/1.1" 404 168 "-" "Reeder/1.5.7 CFNetwork/609.1.4 Darwin/13.0.0"
85.133.69.219 - - [07/May/2013:20:37:03 +0000] "GET /blog/?feed=comments-rss2 HTTP/1.1" 404 168 "-" "Flavors.me Feed Plugin"
66.249.81.21 - - [07/May/2013:21:02:26 +0000] "GET / HTTP/1.1" 200 733 "-" "Mozilla/5.0 (Windows NT 6.1; rv:6.0) Gecko/20110814 Firefox/6.0 Google (+https://developers.google.com/+/web/snippet/)"
66.249.81.21 - - [07/May/2013:21:02:26 +0000] "GET /favicon.ico HTTP/1.1" 404 168 "-" "Mozilla/5.0 (Windows NT 6.1; rv:6.0) Gecko/20110814 Firefox/6.0 Google (+https://developers.google.com/+/web/snippet/)"
85.133.69.238 - - [07/May/2013:21:26:16 +0000] "GET /blog/?feed=comments-rss2 HTTP/1.1" 404 168 "-" "Flavors.me Feed Plugin"
208.115.111.75 - - [07/May/2013:21:52:51 +0000] "GET /robots.txt HTTP/1.1" 404 168 "-" "Mozilla/5.0 (compatible; Ezooms/1.0; ezooms.bot@gmail.com)"
85.133.69.238 - - [07/May/2013:22:07:01 +0000] "GET /blog/?feed=comments-rss2 HTTP/1.1" 404 168 "-" "Flavors.me Feed Plugin"
208.115.113.86 - - [07/May/2013:22:27:17 +0000] "GET /robots.txt HTTP/1.1" 404 168 "-" "Mozilla/5.0 (compatible; Ezooms/1.0; ezooms.bot@gmail.com)"
173.199.120.91 - - [07/May/2013:22:38:15 +0000] "GET /cgi-sys/suspendedpage.cgi?tag=rooting HTTP/1.1" 404 168 "-" "Mozilla/5.0 (compatible; AhrefsBot/4.0; +http://ahrefs.com/robot/)"
85.133.69.238 - - [07/May/2013:22:52:38 +0000] "GET /blog/?feed=comments-rss2 HTTP/1.1" 404 168 "-" "Flavors.me Feed Plugin"
157.56.93.94 - - [07/May/2013:23:07:45 +0000] "GET /robots.txt HTTP/1.1" 404 168 "-" "Mozilla/5.0 (compatible; bingbot/2.0; +http://www.bing.com/bingbot.htm)"
208.115.111.75 - - [07/May/2013:23:08:23 +0000] "GET /blog/?feed=rss2&tag=june-11 HTTP/1.1" 404 168 "-" "Mozilla/5.0 (compatible; Ezooms/1.0; ezooms.bot@gmail.com)"
157.56.93.94 - - [07/May/2013:23:09:27 +0000] "GET / HTTP/1.1" 200 733 "-" "Mozilla/5.0 (compatible; bingbot/2.0; +http://www.bing.com/bingbot.htm)"
85.133.69.238 - - [07/May/2013:23:35:30 +0000] "GET /blog/?feed=comments-rss2 HTTP/1.1" 404 168 "-" "Flavors.me Feed Plugin"
208.115.113.86 - - [07/May/2013:23:57:31 +0000] "GET /blog/?feed=rss2&author=1 HTTP/1.1" 404 168 "-" "Mozilla/5.0 (compatible; Ezooms/1.0; ezooms.bot@gmail.com)"
66.249.76.40 - - [08/May/2013:00:01:50 +0000] "GET / HTTP/1.1" 200 733 "-" "SAMSUNG-SGH-E250/1.0 Profile/MIDP-2.0 Configuration/CLDC-1.1 UP.Browser/6.2.3.3.c.1.101 (GUI) MMP/2.0 (compatible; Googlebot-Mobile/2.1; +http://www.google.com/bot.html)"
66.249.76.40 - - [08/May/2013:00:02:40 +0000] "GET / HTTP/1.1" 200 733 "-" "DoCoMo/2.0 N905i(c100;TB;W24H16) (compatible; Googlebot-Mobile/2.1; +http://www.google.com/bot.html)"
85.133.69.235 - - [08/May/2013:00:18:35 +0000] "GET /blog/?feed=comments-rss2 HTTP/1.1" 404 168 "-" "Flavors.me Feed Plugin"
208.115.111.70 - - [08/May/2013:00:25:30 +0000] "GET /robots.txt HTTP/1.1" 404 168 "-" "Mozilla/5.0 (compatible; Ezooms/1.0; ezooms.bot@gmail.com)"
173.199.120.91 - - [08/May/2013:00:55:44 +0000] "GET / HTTP/1.1" 200 733 "-" "Mozilla/5.0 (compatible; AhrefsBot/4.0; +http://ahrefs.com/robot/)"
85.133.69.238 - - [08/May/2013:01:17:54 +0000] "GET /blog/?feed=comments-rss2 HTTP/1.1" 404 168 "-" "Flavors.me Feed Plugin"
208.115.111.70 - - [08/May/2013:01:49:29 +0000] "GET /blog/?feed=rss2&tag=nexus HTTP/1.1" 404 168 "-" "Mozilla/5.0 (compatible; Ezooms/1.0; ezooms.bot@gmail.com)"
208.115.111.75 - - [08/May/2013:01:50:28 +0000] "GET /robots.txt HTTP/1.1" 404 168 "-" "Mozilla/5.0 (compatible; Ezooms/1.0; ezooms.bot@gmail.com)"
85.133.69.219 - - [08/May/2013:02:31:19 +0000] "GET /blog/?feed=comments-rss2 HTTP/1.1" 404 168 "-" "Flavors.me Feed Plugin"
157.55.33.248 - - [08/May/2013:02:59:40 +0000] "GET /robots.txt HTTP/1.1" 404 168 "-" "Mozilla/5.0 (compatible; bingbot/2.0; +http://www.bing.com/bingbot.htm)"
208.115.111.75 - - [08/May/2013:03:07:38 +0000] "GET /blog/?m=201206 HTTP/1.1" 404 168 "-" "Mozilla/5.0 (compatible; Ezooms/1.0; ezooms.bot@gmail.com)"
157.55.33.248 - - [08/May/2013:03:09:05 +0000] "GET / HTTP/1.1" 200 733 "-" "Mozilla/5.0 (compatible; bingbot/2.0; +http://www.bing.com/bingbot.htm)"
85.133.69.238 - - [08/May/2013:03:17:54 +0000] "GET /blog/?feed=comments-rss2 HTTP/1.1" 404 168 "-" "Flavors.me Feed Plugin"
38.229.70.44 - - [08/May/2013:03:59:51 +0000] "GET / HTTP/1.0" 200 733 "-" "Mozilla/5.0 (Windows NT 6.1; WOW64; rv:18.0) Gecko/20100101 Firefox/18.0"
85.133.69.217 - - [08/May/2013:04:01:29 +0000] "GET /blog/?feed=comments-rss2 HTTP/1.1" 404 168 "-" "Flavors.me Feed Plugin"
85.133.69.217 - - [08/May/2013:04:50:28 +0000] "GET /blog/?feed=comments-rss2 HTTP/1.1" 404 168 "-" "Flavors.me Feed Plugin"
85.133.69.217 - - [08/May/2013:05:32:34 +0000] "GET /blog/?feed=comments-rss2 HTTP/1.1" 404 168 "-" "Flavors.me Feed Plugin"
82.6.63.188 - - [08/May/2013:05:46:05 +0000] "GET / HTTP/1.1" 200 733 "-" "Reeder/1.5.7 CFNetwork/609.1.4 Darwin/13.0.0"
82.6.63.188 - - [08/May/2013:05:46:06 +0000] "GET /favicon.ico HTTP/1.1" 404 168 "-" "Reeder/1.5.7 CFNetwork/609.1.4 Darwin/13.0.0"
82.6.63.188 - - [08/May/2013:05:46:06 +0000] "GET /apple-touch-icon.png HTTP/1.1" 404 168 "-" "Reeder/1.5.7 CFNetwork/609.1.4 Darwin/13.0.0"
82.6.63.188 - - [08/May/2013:05:46:06 +0000] "GET /apple-touch-icon-precomposed.png HTTP/1.1" 404 168 "-" "Reeder/1.5.7 CFNetwork/609.1.4 Darwin/13.0.0"
82.6.63.188 - - [08/May/2013:06:13:21 +0000] "GET / HTTP/1.1" 200 733 "-" "Reeder/1.5.7 CFNetwork/609.1.4 Darwin/13.0.0"
82.6.63.188 - - [08/May/2013:06:13:22 +0000] "GET /favicon.ico HTTP/1.1" 404 168 "-" "Reeder/1.5.7 CFNetwork/609.1.4 Darwin/13.0.0"
82.6.63.188 - - [08/May/2013:06:13:22 +0000] "GET /apple-touch-icon.png HTTP/1.1" 404 168 "-" "Reeder/1.5.7 CFNetwork/609.1.4 Darwin/13.0.0"
82.6.63.188 - - [08/May/2013:06:13:22 +0000] "GET /apple-touch-icon-precomposed.png HTTP/1.1" 404 168 "-" "Reeder/1.5.7 CFNetwork/609.1.4 Darwin/13.0.0"
82.6.63.188 - - [08/May/2013:06:27:48 +0000] "GET / HTTP/1.1" 200 733 "-" "Reeder/1.5.7 CFNetwork/609.1.4 Darwin/13.0.0"
82.6.63.188 - - [08/May/2013:06:27:48 +0000] "GET /favicon.ico HTTP/1.1" 404 168 "-" "Reeder/1.5.7 CFNetwork/609.1.4 Darwin/13.0.0"
82.6.63.188 - - [08/May/2013:06:27:48 +0000] "GET /apple-touch-icon.png HTTP/1.1" 404 168 "-" "Reeder/1.5.7 CFNetwork/609.1.4 Darwin/13.0.0"
82.6.63.188 - - [08/May/2013:06:27:48 +0000] "GET /apple-touch-icon-precomposed.png HTTP/1.1" 404 168 "-" "Reeder/1.5.7 CFNetwork/609.1.4 Darwin/13.0.0"
85.133.69.238 - - [08/May/2013:07:06:45 +0000] "GET /blog/?feed=comments-rss2 HTTP/1.1" 404 168 "-" "Flavors.me Feed Plugin"
173.199.120.91 - - [08/May/2013:07:35:08 +0000] "GET /blog/?tag=android-2 HTTP/1.1" 404 168 "-" "Mozilla/5.0 (compatible; AhrefsBot/4.0; +http://ahrefs.com/robot/)"
85.133.69.235 - - [08/May/2013:07:52:37 +0000] "GET /blog/?feed=comments-rss2 HTTP/1.1" 404 168 "-" "Flavors.me Feed Plugin"
208.115.111.70 - - [08/May/2013:08:37:13 +0000] "GET /robots.txt HTTP/1.1" 404 168 "-" "Mozilla/5.0 (compatible; Ezooms/1.0; ezooms.bot@gmail.com)"
85.133.69.238 - - [08/May/2013:08:41:11 +0000] "GET /blog/?feed=comments-rss2 HTTP/1.1" 404 168 "-" "Flavors.me Feed Plugin"
94.102.150.50 - - [08/May/2013:09:04:53 +0000] "GET /blog/?feed=rss2 HTTP/1.1" 404 168 "-" "SocialSearcher/0.1  Mozilla/5.0"
85.133.69.215 - - [08/May/2013:09:20:17 +0000] "GET /blog/?feed=comments-rss2 HTTP/1.1" 404 168 "-" "Flavors.me Feed Plugin"
208.115.111.75 - - [08/May/2013:09:48:42 +0000] "GET /robots.txt HTTP/1.1" 404 168 "-" "Mozilla/5.0 (compatible; Ezooms/1.0; ezooms.bot@gmail.com)"
208.115.111.70 - - [08/May/2013:10:00:31 +0000] "GET /blog/?feed=rss2 HTTP/1.1" 404 168 "-" "Mozilla/5.0 (compatible; Ezooms/1.0; ezooms.bot@gmail.com)"
157.55.35.99 - - [08/May/2013:10:06:10 +0000] "GET /robots.txt HTTP/1.1" 404 168 "-" "Mozilla/5.0 (compatible; bingbot/2.0; +http://www.bing.com/bingbot.htm)"
157.55.35.99 - - [08/May/2013:10:08:58 +0000] "GET / HTTP/1.1" 200 733 "-" "Mozilla/5.0 (compatible; bingbot/2.0; +http://www.bing.com/bingbot.htm)"
208.115.113.86 - - [08/May/2013:10:21:15 +0000] "GET /robots.txt HTTP/1.1" 404 168 "-" "Mozilla/5.0 (compatible; Ezooms/1.0; ezooms.bot@gmail.com)"
85.133.69.235 - - [08/May/2013:10:23:51 +0000] "GET /blog/?feed=comments-rss2 HTTP/1.1" 404 168 "-" "Flavors.me Feed Plugin"
85.133.69.217 - - [08/May/2013:10:50:45 +0000] "GET /blog/?feed=comments-rss2 HTTP/1.1" 404 168 "-" "Flavors.me Feed Plugin"
208.115.111.75 - - [08/May/2013:11:09:02 +0000] "GET /blog/?p=175 HTTP/1.1" 404 168 "-" "Mozilla/5.0 (compatible; Ezooms/1.0; ezooms.bot@gmail.com)"
85.133.69.217 - - [08/May/2013:11:40:55 +0000] "GET /blog/?feed=comments-rss2 HTTP/1.1" 404 168 "-" "Flavors.me Feed Plugin"
208.115.113.86 - - [08/May/2013:11:55:26 +0000] "GET /blog/?feed=rss2&p=4 HTTP/1.1" 404 168 "-" "Mozilla/5.0 (compatible; Ezooms/1.0; ezooms.bot@gmail.com)"
85.133.69.219 - - [08/May/2013:12:10:28 +0000] "GET /blog/?feed=comments-rss2 HTTP/1.1" 404 168 "-" "Flavors.me Feed Plugin"
85.133.69.219 - - [08/May/2013:12:55:33 +0000] "GET /blog/?feed=comments-rss2 HTTP/1.1" 404 168 "-" "Flavors.me Feed Plugin"
85.133.69.238 - - [08/May/2013:13:42:07 +0000] "GET /blog/?feed=comments-rss2 HTTP/1.1" 404 168 "-" "Flavors.me Feed Plugin"
208.115.111.75 - - [08/May/2013:13:48:36 +0000] "GET /robots.txt HTTP/1.1" 404 168 "-" "Mozilla/5.0 (compatible; Ezooms/1.0; ezooms.bot@gmail.com)"
217.69.133.69 - - [08/May/2013:13:50:32 +0000] "GET /blog/?p=22 HTTP/1.0" 404 168 "-" "Mozilla/5.0 (compatible; Mail.RU_Bot/2.0; +http://go.mail.ru/help/robots)"
157.55.33.248 - - [08/May/2013:13:58:39 +0000] "GET /robots.txt HTTP/1.1" 404 168 "-" "Mozilla/5.0 (compatible; bingbot/2.0; +http://www.bing.com/bingbot.htm)"
157.55.33.248 - - [08/May/2013:14:01:27 +0000] "GET / HTTP/1.1" 200 733 "-" "Mozilla/5.0 (compatible; bingbot/2.0; +http://www.bing.com/bingbot.htm)"
184.169.241.16 - - [08/May/2013:14:20:39 +0000] "GET /mapmy HTTP/1.1" 404 570 "http://encima.co.uk/mapmy" "Mozilla/5.0 (X11; Linux x86_64) AppleWebKit/535.1 (KHTML, like Gecko) Ubuntu/11.10 Chromium/14.0.835.202 Chrome/14.0.835.202 Safari/535.1"
184.169.241.16 - - [08/May/2013:14:20:46 +0000] "GET /blog/?p=4 HTTP/1.1" 404 570 "http://christopher-gwilliams.com/blog/?p=4" "Mozilla/5.0 (X11; Linux x86_64) AppleWebKit/535.1 (KHTML, like Gecko) Ubuntu/11.10 Chromium/14.0.835.202 Chrome/14.0.835.202 Safari/535.1"
207.179.179.226 - - [08/May/2013:14:20:50 +0000] "GET /mapmy HTTP/1.1" 404 168 "-" "R6_VoteReader(www.radian6.com/votes)"
207.179.179.226 - - [08/May/2013:14:21:00 +0000] "GET /blog/?p=4 HTTP/1.1" 404 168 "-" "R6_VoteReader(www.radian6.com/votes)"
