82.6.63.188 - - [12/May/2013:20:29:01 +0000] "GET /apple-touch-icon-precomposed.png HTTP/1.1" 404 168 "-" "Reeder/1.5.7 CFNetwork/609.1.4 Darwin/13.0.0"
85.133.69.217 - - [12/May/2013:20:42:35 +0000] "GET /blog/?feed=comments-rss2 HTTP/1.1" 404 168 "-" "Flavors.me Feed Plugin"
66.249.76.40 - - [12/May/2013:20:57:14 +0000] "GET /blog/?tag=phd-dgfc HTTP/1.1" 404 168 "-" "Mozilla/5.0 (compatible; Googlebot/2.1; +http://www.google.com/bot.html)"
85.133.69.219 - - [12/May/2013:21:31:23 +0000] "GET /blog/?feed=comments-rss2 HTTP/1.1" 404 168 "-" "Flavors.me Feed Plugin"
208.115.111.75 - - [12/May/2013:21:44:22 +0000] "GET /robots.txt HTTP/1.1" 404 168 "-" "Mozilla/5.0 (compatible; Ezooms/1.0; ezooms.bot@gmail.com)"
173.199.118.35 - - [12/May/2013:21:51:46 +0000] "GET /blog/?feed=comments-rss2 HTTP/1.1" 404 168 "-" "Mozilla/5.0 (compatible; AhrefsBot/4.0; +http://ahrefs.com/robot/)"
85.133.69.215 - - [12/May/2013:22:14:52 +0000] "GET /blog/?feed=comments-rss2 HTTP/1.1" 404 168 "-" "Flavors.me Feed Plugin"
66.249.76.40 - - [12/May/2013:22:37:57 +0000] "GET /blog/?tag=phd-2 HTTP/1.1" 404 168 "-" "Mozilla/5.0 (compatible; Googlebot/2.1; +http://www.google.com/bot.html)"
94.102.150.50 - - [12/May/2013:23:01:46 +0000] "GET /blog/?feed=rss2 HTTP/1.1" 404 168 "-" "SocialSearcher/0.1  Mozilla/5.0"
208.115.111.75 - - [12/May/2013:23:03:49 +0000] "GET /blog.html HTTP/1.1" 404 168 "-" "Mozilla/5.0 (compatible; Ezooms/1.0; ezooms.bot@gmail.com)"
208.115.111.75 - - [12/May/2013:23:03:52 +0000] "GET /blog/?m=201105 HTTP/1.1" 404 168 "-" "Mozilla/5.0 (compatible; Ezooms/1.0; ezooms.bot@gmail.com)"
65.49.23.115 - - [12/May/2013:23:05:42 +0000] "GET /robots.txt HTTP/1.1" 404 168 "-" "-"
85.133.69.215 - - [12/May/2013:23:08:01 +0000] "GET /blog/?feed=comments-rss2 HTTP/1.1" 404 168 "-" "Flavors.me Feed Plugin"
66.249.76.40 - - [12/May/2013:23:11:53 +0000] "GET / HTTP/1.1" 200 1559 "-" "Mozilla/5.0 (iPhone; U; CPU iPhone OS 4_1 like Mac OS X; en-us) AppleWebKit/532.9 (KHTML, like Gecko) Version/4.0.5 Mobile/8B117 Safari/6531.22.7 (compatible; Googlebot-Mobile/2.1; +http://www.google.com/bot.html)"
180.76.6.14 - - [12/May/2013:23:37:45 +0000] "GET /static/css/style.css HTTP/1.1" 200 507 "-" "Mozilla/5.0 (compatible; Baiduspider/2.0; +http://www.baidu.com/search/spider.html)"
208.115.113.91 - - [12/May/2013:23:46:56 +0000] "GET /robots.txt HTTP/1.1" 404 168 "-" "Mozilla/5.0 (compatible; Ezooms/1.0; ezooms.bot@gmail.com)"
85.133.69.217 - - [12/May/2013:23:47:59 +0000] "GET /blog/?feed=comments-rss2 HTTP/1.1" 404 168 "-" "Flavors.me Feed Plugin"
66.249.76.218 - - [13/May/2013:00:23:35 +0000] "GET /blog/?tag=wifi HTTP/1.1" 404 168 "-" "Mozilla/5.0 (compatible; Googlebot/2.1; +http://www.google.com/bot.html)"
85.133.69.217 - - [13/May/2013:00:33:42 +0000] "GET /blog/?feed=comments-rss2 HTTP/1.1" 404 168 "-" "Flavors.me Feed Plugin"
157.56.229.244 - - [13/May/2013:00:55:00 +0000] "GET /robots.txt HTTP/1.1" 404 168 "-" "Mozilla/5.0 (compatible; bingbot/2.0; +http://www.bing.com/bingbot.htm)"
157.56.229.244 - - [13/May/2013:00:57:15 +0000] "GET / HTTP/1.1" 200 1559 "-" "Mozilla/5.0 (compatible; bingbot/2.0; +http://www.bing.com/bingbot.htm)"
85.133.69.219 - - [13/May/2013:01:16:28 +0000] "GET /blog/?feed=comments-rss2 HTTP/1.1" 404 168 "-" "Flavors.me Feed Plugin"
208.115.113.91 - - [13/May/2013:01:17:27 +0000] "GET /blog/?feed=comments-rss2 HTTP/1.1" 404 168 "-" "Mozilla/5.0 (compatible; Ezooms/1.0; ezooms.bot@gmail.com)"
208.115.113.91 - - [13/May/2013:01:17:38 +0000] "GET /blog/?p=65 HTTP/1.1" 404 168 "-" "Mozilla/5.0 (compatible; Ezooms/1.0; ezooms.bot@gmail.com)"
157.56.229.244 - - [13/May/2013:01:28:15 +0000] "GET /blog/wp-login.php HTTP/1.1" 404 168 "-" "Mozilla/5.0 (compatible; bingbot/2.0; +http://www.bing.com/bingbot.htm)"
78.158.11.226 - - [13/May/2013:01:54:53 +0000] "GET / HTTP/1.1" 200 1559 "http://sameid.net/domain/encima.co.uk/" "Lynx/2.8.5rel.1 libwww-FM/2.15FC SSL-MM/1.4.1c OpenSSL/0.9.7e-dev"
78.158.11.226 - - [13/May/2013:01:54:54 +0000] "GET / HTTP/1.1" 200 1559 "http://www.google.com/url?sa=t&rct=j&q=encima.co.uk&source=web&cd=5&ved=0CF0QFjAE&url=http:%2F%2Fencima.co.uk%2F&cad=rja" "Lynx/2.8.5rel.1 libwww-FM/2.15FC SSL-MM/1.4.1c OpenSSL/0.9.7e-dev"
85.133.69.238 - - [13/May/2013:02:08:25 +0000] "GET /blog/?feed=comments-rss2 HTTP/1.1" 404 168 "-" "Flavors.me Feed Plugin"
178.33.104.126 - - [13/May/2013:02:54:55 +0000] "GET /blog/?p=22 HTTP/1.1" 404 570 "-" "Mozilla/4.0 (compatible; MSIE 6.0; Windows NT 5.1; SV1; TencentTraveler)"
85.133.69.217 - - [13/May/2013:03:28:49 +0000] "GET /blog/?feed=comments-rss2 HTTP/1.1" 404 168 "-" "Flavors.me Feed Plugin"
208.115.113.91 - - [13/May/2013:03:53:24 +0000] "GET /robots.txt HTTP/1.1" 404 168 "-" "Mozilla/5.0 (compatible; Ezooms/1.0; ezooms.bot@gmail.com)"
66.249.76.218 - - [13/May/2013:03:57:22 +0000] "GET /robots.txt HTTP/1.1" 404 168 "-" "Mozilla/5.0 (compatible; Googlebot/2.1; +http://www.google.com/bot.html)"
66.249.76.218 - - [13/May/2013:03:57:22 +0000] "GET /blog/?cat=1 HTTP/1.1" 404 168 "-" "Mozilla/5.0 (compatible; Googlebot/2.1; +http://www.google.com/bot.html)"
85.133.69.238 - - [13/May/2013:04:58:54 +0000] "GET /blog/?feed=comments-rss2 HTTP/1.1" 404 168 "-" "Flavors.me Feed Plugin"
208.115.113.91 - - [13/May/2013:05:13:49 +0000] "GET /blog/?m=201206&paged=2 HTTP/1.1" 404 168 "-" "Mozilla/5.0 (compatible; Ezooms/1.0; ezooms.bot@gmail.com)"
208.115.113.91 - - [13/May/2013:05:13:53 +0000] "GET /blog/?tag=june-11 HTTP/1.1" 404 168 "-" "Mozilla/5.0 (compatible; Ezooms/1.0; ezooms.bot@gmail.com)"
157.55.35.82 - - [13/May/2013:05:14:24 +0000] "GET /robots.txt HTTP/1.1" 404 168 "-" "Mozilla/5.0 (compatible; bingbot/2.0; +http://www.bing.com/bingbot.htm)"
157.55.35.82 - - [13/May/2013:05:16:02 +0000] "GET / HTTP/1.1" 200 1559 "-" "Mozilla/5.0 (compatible; bingbot/2.0; +http://www.bing.com/bingbot.htm)"
85.133.69.235 - - [13/May/2013:05:42:59 +0000] "GET /blog/?feed=comments-rss2 HTTP/1.1" 404 168 "-" "Flavors.me Feed Plugin"
82.6.63.188 - - [13/May/2013:05:50:22 +0000] "GET / HTTP/1.1" 200 1559 "-" "Reeder/1.5.7 CFNetwork/609.1.4 Darwin/13.0.0"
82.6.63.188 - - [13/May/2013:05:50:22 +0000] "GET /favicon.ico HTTP/1.1" 404 168 "-" "Reeder/1.5.7 CFNetwork/609.1.4 Darwin/13.0.0"
82.6.63.188 - - [13/May/2013:05:50:22 +0000] "GET /apple-touch-icon.png HTTP/1.1" 404 168 "-" "Reeder/1.5.7 CFNetwork/609.1.4 Darwin/13.0.0"
82.6.63.188 - - [13/May/2013:05:50:22 +0000] "GET /apple-touch-icon-precomposed.png HTTP/1.1" 404 168 "-" "Reeder/1.5.7 CFNetwork/609.1.4 Darwin/13.0.0"
180.76.6.231 - - [13/May/2013:05:55:37 +0000] "GET /robots.txt HTTP/1.1" 404 168 "-" "Mozilla/5.0 (Windows NT 5.1; rv:6.0.2) Gecko/20100101 Firefox/6.0.2"
82.6.63.188 - - [13/May/2013:06:16:29 +0000] "GET / HTTP/1.1" 200 1559 "-" "Reeder/1.5.7 CFNetwork/609.1.4 Darwin/13.0.0"
82.6.63.188 - - [13/May/2013:06:16:29 +0000] "GET /favicon.ico HTTP/1.1" 404 168 "-" "Reeder/1.5.7 CFNetwork/609.1.4 Darwin/13.0.0"
82.6.63.188 - - [13/May/2013:06:16:29 +0000] "GET /apple-touch-icon.png HTTP/1.1" 404 168 "-" "Reeder/1.5.7 CFNetwork/609.1.4 Darwin/13.0.0"
82.6.63.188 - - [13/May/2013:06:16:29 +0000] "GET /apple-touch-icon-precomposed.png HTTP/1.1" 404 168 "-" "Reeder/1.5.7 CFNetwork/609.1.4 Darwin/13.0.0"
85.133.69.238 - - [13/May/2013:06:24:56 +0000] "GET /blog/?feed=comments-rss2 HTTP/1.1" 404 168 "-" "Flavors.me Feed Plugin"
94.102.150.50 - - [13/May/2013:06:38:50 +0000] "GET /blog/?feed=rss2 HTTP/1.1" 404 168 "-" "SocialSearcher/0.1  Mozilla/5.0"
157.55.32.95 - - [13/May/2013:07:07:20 +0000] "GET /robots.txt HTTP/1.1" 404 168 "-" "Mozilla/5.0 (compatible; bingbot/2.0; +http://www.bing.com/bingbot.htm)"
157.55.32.95 - - [13/May/2013:07:09:02 +0000] "GET /blog/?author=1 HTTP/1.1" 404 168 "-" "Mozilla/5.0 (compatible; bingbot/2.0; +http://www.bing.com/bingbot.htm)"
85.133.69.215 - - [13/May/2013:07:09:45 +0000] "GET /blog/?feed=comments-rss2 HTTP/1.1" 404 168 "-" "Flavors.me Feed Plugin"
180.76.5.140 - - [13/May/2013:07:33:28 +0000] "GET /blog/wp-content/plugins/google-syntax-highlighter/Scripts/shBrushDelphi.js HTTP/1.1" 404 168 "-" "Mozilla/5.0 (compatible; Baiduspider/2.0; +http://www.baidu.com/search/spider.html)"
85.133.69.238 - - [13/May/2013:07:53:20 +0000] "GET /blog/?feed=comments-rss2 HTTP/1.1" 404 168 "-" "Flavors.me Feed Plugin"
208.115.113.91 - - [13/May/2013:07:54:05 +0000] "GET /robots.txt HTTP/1.1" 404 168 "-" "Mozilla/5.0 (compatible; Ezooms/1.0; ezooms.bot@gmail.com)"
131.251.254.80 - - [13/May/2013:08:26:24 +0000] "GET / HTTP/1.1" 200 1559 "-" "Reeder/1020.09.00 CFNetwork/596.3.3 Darwin/12.3.0 (x86_64) (MacBookPro10%2C1)"
131.251.254.80 - - [13/May/2013:08:26:24 +0000] "GET /favicon.ico HTTP/1.1" 404 168 "-" "Reeder/1020.09.00 CFNetwork/596.3.3 Darwin/12.3.0 (x86_64) (MacBookPro10%2C1)"
131.251.254.80 - - [13/May/2013:08:26:24 +0000] "GET / HTTP/1.1" 200 1559 "-" "Reeder/1020.09.00 CFNetwork/596.3.3 Darwin/12.3.0 (x86_64) (MacBookPro10%2C1)"
131.251.254.80 - - [13/May/2013:08:26:25 +0000] "GET /apple-touch-icon.png HTTP/1.1" 404 168 "-" "Reeder/1020.09.00 CFNetwork/596.3.3 Darwin/12.3.0 (x86_64) (MacBookPro10%2C1)"
131.251.254.80 - - [13/May/2013:08:26:25 +0000] "GET /apple-touch-icon-precomposed.png HTTP/1.1" 404 168 "-" "Reeder/1020.09.00 CFNetwork/596.3.3 Darwin/12.3.0 (x86_64) (MacBookPro10%2C1)"
85.133.69.217 - - [13/May/2013:08:40:21 +0000] "GET /blog/?feed=comments-rss2 HTTP/1.1" 404 168 "-" "Flavors.me Feed Plugin"
208.115.113.91 - - [13/May/2013:09:16:50 +0000] "GET /blog/?p=106 HTTP/1.1" 404 168 "-" "Mozilla/5.0 (compatible; Ezooms/1.0; ezooms.bot@gmail.com)"
85.133.69.215 - - [13/May/2013:09:30:12 +0000] "GET /blog/?feed=comments-rss2 HTTP/1.1" 404 168 "-" "Flavors.me Feed Plugin"
131.251.254.123 - - [13/May/2013:09:37:19 +0000] "GET / HTTP/1.1" 200 1559 "-" "Mozilla/5.0 (Macintosh; Intel Mac OS X 10_8_3) AppleWebKit/537.36 (KHTML, like Gecko) Chrome/27.0.1453.81 Safari/537.36"
131.251.254.123 - - [13/May/2013:09:37:20 +0000] "GET /static/css/style.css HTTP/1.1" 200 507 "http://encima.co.uk/" "Mozilla/5.0 (Macintosh; Intel Mac OS X 10_8_3) AppleWebKit/537.36 (KHTML, like Gecko) Chrome/27.0.1453.81 Safari/537.36"
131.251.254.123 - - [13/May/2013:09:37:20 +0000] "GET /static/js/functions.js HTTP/1.1" 200 536 "http://encima.co.uk/" "Mozilla/5.0 (Macintosh; Intel Mac OS X 10_8_3) AppleWebKit/537.36 (KHTML, like Gecko) Chrome/27.0.1453.81 Safari/537.36"
131.251.254.123 - - [13/May/2013:09:37:20 +0000] "GET /static/media/me.png HTTP/1.1" 200 276030 "http://encima.co.uk/" "Mozilla/5.0 (Macintosh; Intel Mac OS X 10_8_3) AppleWebKit/537.36 (KHTML, like Gecko) Chrome/27.0.1453.81 Safari/537.36"
131.251.254.123 - - [13/May/2013:09:37:20 +0000] "GET /favicon.ico HTTP/1.1" 404 570 "-" "Mozilla/5.0 (Macintosh; Intel Mac OS X 10_8_3) AppleWebKit/537.36 (KHTML, like Gecko) Chrome/27.0.1453.81 Safari/537.36"
131.251.254.123 - - [13/May/2013:09:38:15 +0000] "GET / HTTP/1.1" 200 1559 "-" "Mozilla/5.0 (Macintosh; Intel Mac OS X 10_8_3) AppleWebKit/537.36 (KHTML, like Gecko) Chrome/27.0.1453.81 Safari/537.36"
131.251.254.123 - - [13/May/2013:09:38:15 +0000] "GET /static/js/functions.js HTTP/1.1" 200 538 "http://encima.co.uk/" "Mozilla/5.0 (Macintosh; Intel Mac OS X 10_8_3) AppleWebKit/537.36 (KHTML, like Gecko) Chrome/27.0.1453.81 Safari/537.36"
131.251.254.123 - - [13/May/2013:09:38:15 +0000] "GET /favicon.ico HTTP/1.1" 404 570 "-" "Mozilla/5.0 (Macintosh; Intel Mac OS X 10_8_3) AppleWebKit/537.36 (KHTML, like Gecko) Chrome/27.0.1453.81 Safari/537.36"
131.251.254.123 - - [13/May/2013:09:39:17 +0000] "GET / HTTP/1.1" 200 1559 "-" "Mozilla/5.0 (Macintosh; Intel Mac OS X 10_8_3) AppleWebKit/537.36 (KHTML, like Gecko) Chrome/27.0.1453.81 Safari/537.36"
131.251.254.123 - - [13/May/2013:09:39:17 +0000] "GET /static/js/functions.js HTTP/1.1" 200 590 "http://encima.co.uk/" "Mozilla/5.0 (Macintosh; Intel Mac OS X 10_8_3) AppleWebKit/537.36 (KHTML, like Gecko) Chrome/27.0.1453.81 Safari/537.36"
131.251.254.123 - - [13/May/2013:09:39:17 +0000] "GET /static/css/style.css HTTP/1.1" 200 507 "http://encima.co.uk/" "Mozilla/5.0 (Macintosh; Intel Mac OS X 10_8_3) AppleWebKit/537.36 (KHTML, like Gecko) Chrome/27.0.1453.81 Safari/537.36"
131.251.254.123 - - [13/May/2013:09:39:18 +0000] "GET /static/media/me.png HTTP/1.1" 200 276030 "http://encima.co.uk/" "Mozilla/5.0 (Macintosh; Intel Mac OS X 10_8_3) AppleWebKit/537.36 (KHTML, like Gecko) Chrome/27.0.1453.81 Safari/537.36"
131.251.254.123 - - [13/May/2013:09:39:18 +0000] "GET /favicon.ico HTTP/1.1" 404 570 "-" "Mozilla/5.0 (Macintosh; Intel Mac OS X 10_8_3) AppleWebKit/537.36 (KHTML, like Gecko) Chrome/27.0.1453.81 Safari/537.36"
131.251.254.123 - - [13/May/2013:09:40:01 +0000] "GET / HTTP/1.1" 200 1559 "-" "Mozilla/5.0 (Macintosh; Intel Mac OS X 10_8_3) AppleWebKit/537.36 (KHTML, like Gecko) Chrome/27.0.1453.81 Safari/537.36"
131.251.254.123 - - [13/May/2013:09:40:01 +0000] "GET /static/css/style.css HTTP/1.1" 200 507 "http://encima.co.uk/" "Mozilla/5.0 (Macintosh; Intel Mac OS X 10_8_3) AppleWebKit/537.36 (KHTML, like Gecko) Chrome/27.0.1453.81 Safari/537.36"
131.251.254.123 - - [13/May/2013:09:40:01 +0000] "GET /static/js/functions.js HTTP/1.1" 200 590 "http://encima.co.uk/" "Mozilla/5.0 (Macintosh; Intel Mac OS X 10_8_3) AppleWebKit/537.36 (KHTML, like Gecko) Chrome/27.0.1453.81 Safari/537.36"
131.251.254.123 - - [13/May/2013:09:40:02 +0000] "GET /static/media/me.png HTTP/1.1" 200 276030 "http://encima.co.uk/" "Mozilla/5.0 (Macintosh; Intel Mac OS X 10_8_3) AppleWebKit/537.36 (KHTML, like Gecko) Chrome/27.0.1453.81 Safari/537.36"
131.251.254.123 - - [13/May/2013:09:40:02 +0000] "GET /favicon.ico HTTP/1.1" 404 570 "-" "Mozilla/5.0 (Macintosh; Intel Mac OS X 10_8_3) AppleWebKit/537.36 (KHTML, like Gecko) Chrome/27.0.1453.81 Safari/537.36"
131.251.254.123 - - [13/May/2013:09:40:55 +0000] "GET / HTTP/1.1" 200 1559 "-" "Mozilla/5.0 (Macintosh; Intel Mac OS X 10_8_3) AppleWebKit/537.36 (KHTML, like Gecko) Chrome/27.0.1453.81 Safari/537.36"
131.251.254.123 - - [13/May/2013:09:40:56 +0000] "GET /static/css/style.css HTTP/1.1" 200 507 "http://encima.co.uk/" "Mozilla/5.0 (Macintosh; Intel Mac OS X 10_8_3) AppleWebKit/537.36 (KHTML, like Gecko) Chrome/27.0.1453.81 Safari/537.36"
131.251.254.123 - - [13/May/2013:09:40:56 +0000] "GET /static/js/functions.js HTTP/1.1" 200 624 "http://encima.co.uk/" "Mozilla/5.0 (Macintosh; Intel Mac OS X 10_8_3) AppleWebKit/537.36 (KHTML, like Gecko) Chrome/27.0.1453.81 Safari/537.36"
131.251.254.123 - - [13/May/2013:09:40:57 +0000] "GET /static/media/me.png HTTP/1.1" 200 276030 "http://encima.co.uk/" "Mozilla/5.0 (Macintosh; Intel Mac OS X 10_8_3) AppleWebKit/537.36 (KHTML, like Gecko) Chrome/27.0.1453.81 Safari/537.36"
131.251.254.123 - - [13/May/2013:09:40:57 +0000] "GET /favicon.ico HTTP/1.1" 404 570 "-" "Mozilla/5.0 (Macintosh; Intel Mac OS X 10_8_3) AppleWebKit/537.36 (KHTML, like Gecko) Chrome/27.0.1453.81 Safari/537.36"
208.115.111.75 - - [13/May/2013:09:47:01 +0000] "GET /robots.txt HTTP/1.1" 404 168 "-" "Mozilla/5.0 (compatible; Ezooms/1.0; ezooms.bot@gmail.com)"
85.133.69.217 - - [13/May/2013:10:08:41 +0000] "GET /blog/?feed=comments-rss2 HTTP/1.1" 404 168 "-" "Flavors.me Feed Plugin"
131.251.253.104 - - [13/May/2013:10:25:03 +0000] "GET / HTTP/1.1" 200 1559 "-" "Reeder/1.5.7 CFNetwork/609.1.4 Darwin/13.0.0"
131.251.253.104 - - [13/May/2013:10:25:03 +0000] "GET /favicon.ico HTTP/1.1" 404 168 "-" "Reeder/1.5.7 CFNetwork/609.1.4 Darwin/13.0.0"
131.251.253.104 - - [13/May/2013:10:25:03 +0000] "GET /apple-touch-icon.png HTTP/1.1" 404 168 "-" "Reeder/1.5.7 CFNetwork/609.1.4 Darwin/13.0.0"
131.251.253.104 - - [13/May/2013:10:25:03 +0000] "GET /apple-touch-icon-precomposed.png HTTP/1.1" 404 168 "-" "Reeder/1.5.7 CFNetwork/609.1.4 Darwin/13.0.0"
131.251.253.104 - - [13/May/2013:10:28:43 +0000] "GET / HTTP/1.1" 200 1559 "-" "Reeder/1.5.7 CFNetwork/609.1.4 Darwin/13.0.0"
131.251.253.104 - - [13/May/2013:10:28:43 +0000] "GET /favicon.ico HTTP/1.1" 404 168 "-" "Reeder/1.5.7 CFNetwork/609.1.4 Darwin/13.0.0"
131.251.253.104 - - [13/May/2013:10:28:43 +0000] "GET /apple-touch-icon.png HTTP/1.1" 404 168 "-" "Reeder/1.5.7 CFNetwork/609.1.4 Darwin/13.0.0"
131.251.253.104 - - [13/May/2013:10:28:43 +0000] "GET /apple-touch-icon-precomposed.png HTTP/1.1" 404 168 "-" "Reeder/1.5.7 CFNetwork/609.1.4 Darwin/13.0.0"
131.251.253.104 - - [13/May/2013:10:32:26 +0000] "GET / HTTP/1.1" 200 1559 "-" "Reeder/1.5.7 CFNetwork/609.1.4 Darwin/13.0.0"
131.251.253.104 - - [13/May/2013:10:32:26 +0000] "GET /favicon.ico HTTP/1.1" 404 168 "-" "Reeder/1.5.7 CFNetwork/609.1.4 Darwin/13.0.0"
131.251.253.104 - - [13/May/2013:10:32:26 +0000] "GET /apple-touch-icon.png HTTP/1.1" 404 168 "-" "Reeder/1.5.7 CFNetwork/609.1.4 Darwin/13.0.0"
131.251.253.104 - - [13/May/2013:10:32:27 +0000] "GET /apple-touch-icon-precomposed.png HTTP/1.1" 404 168 "-" "Reeder/1.5.7 CFNetwork/609.1.4 Darwin/13.0.0"
208.115.111.75 - - [13/May/2013:11:08:06 +0000] "GET /blog/?feed=rss2&p=106 HTTP/1.1" 404 168 "-" "Mozilla/5.0 (compatible; Ezooms/1.0; ezooms.bot@gmail.com)"
208.115.111.75 - - [13/May/2013:11:08:08 +0000] "GET /blog/?feed=rss2&p=53 HTTP/1.1" 404 168 "-" "Mozilla/5.0 (compatible; Ezooms/1.0; ezooms.bot@gmail.com)"
85.133.69.238 - - [13/May/2013:11:36:30 +0000] "GET /blog/?feed=comments-rss2 HTTP/1.1" 404 168 "-" "Flavors.me Feed Plugin"
131.251.253.118 - - [13/May/2013:11:43:08 +0000] "GET / HTTP/1.1" 200 1559 "-" "Reeder/1.5.7 CFNetwork/609.1.4 Darwin/13.0.0"
131.251.253.118 - - [13/May/2013:11:43:08 +0000] "GET /favicon.ico HTTP/1.1" 404 168 "-" "Reeder/1.5.7 CFNetwork/609.1.4 Darwin/13.0.0"
131.251.253.118 - - [13/May/2013:11:43:08 +0000] "GET /apple-touch-icon.png HTTP/1.1" 404 168 "-" "Reeder/1.5.7 CFNetwork/609.1.4 Darwin/13.0.0"
131.251.253.118 - - [13/May/2013:11:43:08 +0000] "GET /apple-touch-icon-precomposed.png HTTP/1.1" 404 168 "-" "Reeder/1.5.7 CFNetwork/609.1.4 Darwin/13.0.0"
180.76.6.225 - - [13/May/2013:11:44:35 +0000] "GET /robots.txt HTTP/1.1" 404 168 "-" "Mozilla/5.0 (Windows NT 5.1; rv:6.0.2) Gecko/20100101 Firefox/6.0.2"
208.115.113.91 - - [13/May/2013:11:57:50 +0000] "GET /robots.txt HTTP/1.1" 404 168 "-" "Mozilla/5.0 (compatible; Ezooms/1.0; ezooms.bot@gmail.com)"
157.56.229.244 - - [13/May/2013:12:07:23 +0000] "GET /robots.txt HTTP/1.1" 404 168 "-" "Mozilla/5.0 (compatible; bingbot/2.0; +http://www.bing.com/bingbot.htm)"
157.56.229.244 - - [13/May/2013:12:09:12 +0000] "GET / HTTP/1.1" 200 1559 "-" "Mozilla/5.0 (compatible; bingbot/2.0; +http://www.bing.com/bingbot.htm)"
85.133.69.235 - - [13/May/2013:12:25:44 +0000] "GET /blog/?feed=comments-rss2 HTTP/1.1" 404 168 "-" "Flavors.me Feed Plugin"
208.115.111.70 - - [13/May/2013:12:28:23 +0000] "GET /robots.txt HTTP/1.1" 404 168 "-" "Mozilla/5.0 (compatible; Ezooms/1.0; ezooms.bot@gmail.com)"
85.133.69.219 - - [13/May/2013:13:07:20 +0000] "GET /blog/?feed=comments-rss2 HTTP/1.1" 404 168 "-" "Flavors.me Feed Plugin"
208.115.113.91 - - [13/May/2013:13:17:55 +0000] "GET /blog/?feed=rss2&author=1 HTTP/1.1" 404 168 "-" "Mozilla/5.0 (compatible; Ezooms/1.0; ezooms.bot@gmail.com)"
108.166.215.106 - - [13/May/2013:13:33:24 +0000] "GET /blog/?p=34 HTTP/1.1" 404 570 "-" "Mozilla/4.0 (compatible; MSIE 6.0; Windows NT 5.1; SV1; Mozilla/4.0 (compatible; MSIE 6.0; Windows NT 5.1; SV1) ; .NET CLR 1.0.3705)"
208.115.111.75 - - [13/May/2013:13:46:02 +0000] "GET /robots.txt HTTP/1.1" 404 168 "-" "Mozilla/5.0 (compatible; Ezooms/1.0; ezooms.bot@gmail.com)"
85.133.69.235 - - [13/May/2013:13:55:00 +0000] "GET /blog/?feed=comments-rss2 HTTP/1.1" 404 168 "-" "Flavors.me Feed Plugin"
208.115.111.70 - - [13/May/2013:13:55:06 +0000] "GET /blog/?tag=sqlite HTTP/1.1" 404 168 "-" "Mozilla/5.0 (compatible; Ezooms/1.0; ezooms.bot@gmail.com)"
208.115.111.75 - - [13/May/2013:15:07:39 +0000] "GET /blog/?p=151 HTTP/1.1" 404 168 "-" "Mozilla/5.0 (compatible; Ezooms/1.0; ezooms.bot@gmail.com)"
85.133.69.217 - - [13/May/2013:15:25:51 +0000] "GET /blog/?feed=comments-rss2 HTTP/1.1" 404 168 "-" "Flavors.me Feed Plugin"
66.249.76.40 - - [13/May/2013:15:27:50 +0000] "GET /robots.txt HTTP/1.1" 404 168 "-" "Mozilla/5.0 (compatible; Googlebot/2.1; +http://www.google.com/bot.html)"
66.249.76.40 - - [13/May/2013:15:27:50 +0000] "GET /chratie/ HTTP/1.1" 404 168 "-" "Mozilla/5.0 (compatible; Googlebot/2.1; +http://www.google.com/bot.html)"
208.115.113.91 - - [13/May/2013:15:55:08 +0000] "GET /robots.txt HTTP/1.1" 404 168 "-" "Mozilla/5.0 (compatible; Ezooms/1.0; ezooms.bot@gmail.com)"
131.251.254.123 - - [13/May/2013:15:57:14 +0000] "GET / HTTP/1.1" 200 1559 "-" "Mozilla/5.0 (Macintosh; Intel Mac OS X 10_8_3) AppleWebKit/537.36 (KHTML, like Gecko) Chrome/27.0.1453.81 Safari/537.36"
131.251.254.123 - - [13/May/2013:15:57:14 +0000] "GET /static/css/style.css HTTP/1.1" 200 507 "http://encima.co.uk/" "Mozilla/5.0 (Macintosh; Intel Mac OS X 10_8_3) AppleWebKit/537.36 (KHTML, like Gecko) Chrome/27.0.1453.81 Safari/537.36"
131.251.254.123 - - [13/May/2013:15:57:14 +0000] "GET /static/js/functions.js HTTP/1.1" 200 536 "http://encima.co.uk/" "Mozilla/5.0 (Macintosh; Intel Mac OS X 10_8_3) AppleWebKit/537.36 (KHTML, like Gecko) Chrome/27.0.1453.81 Safari/537.36"
131.251.254.123 - - [13/May/2013:15:57:15 +0000] "GET /static/media/me.png HTTP/1.1" 200 276030 "http://encima.co.uk/" "Mozilla/5.0 (Macintosh; Intel Mac OS X 10_8_3) AppleWebKit/537.36 (KHTML, like Gecko) Chrome/27.0.1453.81 Safari/537.36"
131.251.254.123 - - [13/May/2013:15:57:15 +0000] "GET /favicon.ico HTTP/1.1" 404 570 "-" "Mozilla/5.0 (Macintosh; Intel Mac OS X 10_8_3) AppleWebKit/537.36 (KHTML, like Gecko) Chrome/27.0.1453.81 Safari/537.36"
85.133.69.219 - - [13/May/2013:16:14:40 +0000] "GET /blog/?feed=comments-rss2 HTTP/1.1" 404 168 "-" "Flavors.me Feed Plugin"
85.133.69.215 - - [13/May/2013:16:56:11 +0000] "GET /blog/?feed=comments-rss2 HTTP/1.1" 404 168 "-" "Flavors.me Feed Plugin"
208.115.113.91 - - [13/May/2013:17:17:33 +0000] "GET /blog/?p=195 HTTP/1.1" 404 168 "-" "Mozilla/5.0 (compatible; Ezooms/1.0; ezooms.bot@gmail.com)"
208.115.113.91 - - [13/May/2013:17:17:35 +0000] "GET /blog/?tag=dgfc-2 HTTP/1.1" 404 168 "-" "Mozilla/5.0 (compatible; Ezooms/1.0; ezooms.bot@gmail.com)"
208.115.113.91 - - [13/May/2013:17:17:37 +0000] "GET /blog/?tag=malaysia HTTP/1.1" 404 168 "-" "Mozilla/5.0 (compatible; Ezooms/1.0; ezooms.bot@gmail.com)"
157.55.35.82 - - [13/May/2013:17:34:49 +0000] "GET /robots.txt HTTP/1.1" 404 168 "-" "Mozilla/5.0 (compatible; bingbot/2.0; +http://www.bing.com/bingbot.htm)"
157.55.35.82 - - [13/May/2013:17:36:41 +0000] "GET / HTTP/1.1" 200 1559 "-" "Mozilla/5.0 (compatible; bingbot/2.0; +http://www.bing.com/bingbot.htm)"
82.6.63.188 - - [13/May/2013:17:38:51 +0000] "GET / HTTP/1.1" 200 1559 "-" "Reeder/1.5.7 CFNetwork/609.1.4 Darwin/13.0.0"
82.6.63.188 - - [13/May/2013:17:38:51 +0000] "GET /favicon.ico HTTP/1.1" 404 168 "-" "Reeder/1.5.7 CFNetwork/609.1.4 Darwin/13.0.0"
82.6.63.188 - - [13/May/2013:17:38:51 +0000] "GET /apple-touch-icon.png HTTP/1.1" 404 168 "-" "Reeder/1.5.7 CFNetwork/609.1.4 Darwin/13.0.0"
82.6.63.188 - - [13/May/2013:17:38:51 +0000] "GET /apple-touch-icon-precomposed.png HTTP/1.1" 404 168 "-" "Reeder/1.5.7 CFNetwork/609.1.4 Darwin/13.0.0"
85.133.69.219 - - [13/May/2013:17:43:51 +0000] "GET /blog/?feed=comments-rss2 HTTP/1.1" 404 168 "-" "Flavors.me Feed Plugin"
208.115.113.86 - - [13/May/2013:18:21:54 +0000] "GET /robots.txt HTTP/1.1" 404 168 "-" "Mozilla/5.0 (compatible; Ezooms/1.0; ezooms.bot@gmail.com)"
85.133.69.215 - - [13/May/2013:18:31:18 +0000] "GET /blog/?feed=comments-rss2 HTTP/1.1" 404 168 "-" "Flavors.me Feed Plugin"
85.133.69.219 - - [13/May/2013:19:11:17 +0000] "GET /blog/?feed=comments-rss2 HTTP/1.1" 404 168 "-" "Flavors.me Feed Plugin"
178.255.215.67 - - [13/May/2013:19:35:54 +0000] "GET /robots.txt HTTP/1.1" 404 168 "-" "Mozilla/5.0 (compatible; Exabot/3.0; +http://www.exabot.com/go/robot)"
178.255.215.67 - - [13/May/2013:19:35:55 +0000] "GET / HTTP/1.1" 200 1559 "-" "Mozilla/5.0 (compatible; Exabot/3.0; +http://www.exabot.com/go/robot)"
208.115.113.86 - - [13/May/2013:19:52:05 +0000] "GET /blog/?feed=rss2&tag=arch HTTP/1.1" 404 168 "-" "Mozilla/5.0 (compatible; Ezooms/1.0; ezooms.bot@gmail.com)"
85.133.69.238 - - [13/May/2013:19:58:56 +0000] "GET /blog/?feed=comments-rss2 HTTP/1.1" 404 168 "-" "Flavors.me Feed Plugin"
85.133.69.215 - - [13/May/2013:20:43:46 +0000] "GET /blog/?feed=comments-rss2 HTTP/1.1" 404 168 "-" "Flavors.me Feed Plugin"
173.199.115.99 - - [13/May/2013:20:55:37 +0000] "GET /blog/?p=4 HTTP/1.1" 404 168 "-" "Mozilla/5.0 (compatible; AhrefsBot/4.0; +http://ahrefs.com/robot/)"
82.6.63.188 - - [13/May/2013:21:05:21 +0000] "GET / HTTP/1.1" 200 1559 "-" "Reeder/1.5.7 CFNetwork/609.1.4 Darwin/13.0.0"
82.6.63.188 - - [13/May/2013:21:05:21 +0000] "GET /favicon.ico HTTP/1.1" 404 168 "-" "Reeder/1.5.7 CFNetwork/609.1.4 Darwin/13.0.0"
82.6.63.188 - - [13/May/2013:21:05:21 +0000] "GET /apple-touch-icon.png HTTP/1.1" 404 168 "-" "Reeder/1.5.7 CFNetwork/609.1.4 Darwin/13.0.0"
82.6.63.188 - - [13/May/2013:21:05:21 +0000] "GET /apple-touch-icon-precomposed.png HTTP/1.1" 404 168 "-" "Reeder/1.5.7 CFNetwork/609.1.4 Darwin/13.0.0"
85.133.69.217 - - [13/May/2013:21:25:26 +0000] "GET /blog/?feed=comments-rss2 HTTP/1.1" 404 168 "-" "Flavors.me Feed Plugin"
173.199.115.99 - - [13/May/2013:21:55:19 +0000] "GET /blog/?feed=rss2 HTTP/1.1" 404 168 "-" "Mozilla/5.0 (compatible; AhrefsBot/4.0; +http://ahrefs.com/robot/)"
85.133.69.215 - - [13/May/2013:22:12:45 +0000] "GET /blog/?feed=comments-rss2 HTTP/1.1" 404 168 "-" "Flavors.me Feed Plugin"
54.215.108.210 - - [13/May/2013:22:46:48 +0000] "GET /blog/?p=4 HTTP/1.1" 404 570 "http://christopher-gwilliams.com/blog/?p=4" "Mozilla/5.0 (X11; Linux x86_64) AppleWebKit/535.1 (KHTML, like Gecko) Ubuntu/11.10 Chromium/14.0.835.202 Chrome/14.0.835.202 Safari/535.1"
199.167.29.100 - - [13/May/2013:22:49:50 +0000] "GET /blog/?feed=rss2 HTTP/1.0" 404 570 "-" "Mozilla/5.0 (Windows; U; MSIE 9.0; Windows NT 9.0; en-US)"
85.133.69.235 - - [13/May/2013:22:58:31 +0000] "GET /blog/?feed=comments-rss2 HTTP/1.1" 404 168 "-" "Flavors.me Feed Plugin"
184.169.241.16 - - [13/May/2013:23:16:14 +0000] "GET /blog/?p=4 HTTP/1.1" 404 570 "http://christopher-gwilliams.com/blog/?p=4" "Mozilla/5.0 (X11; Linux x86_64) AppleWebKit/535.1 (KHTML, like Gecko) Ubuntu/11.10 Chromium/14.0.835.202 Chrome/14.0.835.202 Safari/535.1"
173.199.115.99 - - [13/May/2013:23:40:59 +0000] "GET /blog/wp-login.php?action=lostpassword HTTP/1.1" 404 168 "-" "Mozilla/5.0 (compatible; AhrefsBot/4.0; +http://ahrefs.com/robot/)"
85.133.69.219 - - [13/May/2013:23:42:40 +0000] "GET /blog/?feed=comments-rss2 HTTP/1.1" 404 168 "-" "Flavors.me Feed Plugin"
157.56.229.244 - - [13/May/2013:23:59:11 +0000] "GET /robots.txt HTTP/1.1" 404 168 "-" "Mozilla/5.0 (compatible; bingbot/2.0; +http://www.bing.com/bingbot.htm)"
213.248.202.19 - - [13/May/2013:23:59:54 +0000] "HEAD / HTTP/1.1" 200 0 "-" "http://www.nominet.org.uk/privacypolicy"
213.248.202.19 - - [13/May/2013:23:59:54 +0000] "GET /robots.txt HTTP/1.1" 404 168 "-" "http://www.nominet.org.uk/privacypolicy"
213.248.202.19 - - [13/May/2013:23:59:54 +0000] "GET / HTTP/1.1" 200 1559 "-" "http://www.nominet.org.uk/privacypolicy"
213.248.202.19 - - [13/May/2013:23:59:54 +0000] "GET /static/js/functions.js HTTP/1.1" 200 536 "http://encima.co.uk/" "http://www.nominet.org.uk/privacypolicy"
157.56.229.244 - - [14/May/2013:00:02:04 +0000] "GET / HTTP/1.1" 200 1559 "-" "Mozilla/5.0 (compatible; bingbot/2.0; +http://www.bing.com/bingbot.htm)"
173.199.115.99 - - [14/May/2013:00:07:58 +0000] "GET /blog/?tag=romming HTTP/1.1" 404 168 "-" "Mozilla/5.0 (compatible; AhrefsBot/4.0; +http://ahrefs.com/robot/)"
180.76.5.140 - - [14/May/2013:00:15:51 +0000] "GET /blog/?feed=rss2&tag=pacman HTTP/1.1" 404 168 "-" "Mozilla/5.0 (compatible; Baiduspider/2.0; +http://www.baidu.com/search/spider.html)"
85.133.69.217 - - [14/May/2013:00:34:25 +0000] "GET /blog/?feed=comments-rss2 HTTP/1.1" 404 168 "-" "Flavors.me Feed Plugin"
65.55.24.243 - - [14/May/2013:00:50:57 +0000] "GET /robots.txt HTTP/1.1" 404 168 "-" "Mozilla/5.0 (compatible; bingbot/2.0; +http://www.bing.com/bingbot.htm)"
65.55.24.243 - - [14/May/2013:00:52:35 +0000] "GET /research.html HTTP/1.1" 404 168 "-" "Mozilla/5.0 (compatible; bingbot/2.0; +http://www.bing.com/bingbot.htm)"
173.199.115.99 - - [14/May/2013:00:54:23 +0000] "GET /blog/?cat=3 HTTP/1.1" 404 168 "-" "Mozilla/5.0 (compatible; AhrefsBot/4.0; +http://ahrefs.com/robot/)"
85.133.69.238 - - [14/May/2013:01:11:27 +0000] "GET /blog/?feed=comments-rss2 HTTP/1.1" 404 168 "-" "Flavors.me Feed Plugin"
173.199.115.99 - - [14/May/2013:01:14:15 +0000] "GET /blog/?m=201207 HTTP/1.1" 404 168 "-" "Mozilla/5.0 (compatible; AhrefsBot/4.0; +http://ahrefs.com/robot/)"
85.133.69.235 - - [14/May/2013:01:59:02 +0000] "GET /blog/?feed=comments-rss2 HTTP/1.1" 404 168 "-" "Flavors.me Feed Plugin"
173.199.115.99 - - [14/May/2013:02:09:15 +0000] "GET /blog/?p=34 HTTP/1.1" 404 168 "-" "Mozilla/5.0 (compatible; AhrefsBot/4.0; +http://ahrefs.com/robot/)"
85.133.69.215 - - [14/May/2013:02:43:41 +0000] "GET /blog/?feed=comments-rss2 HTTP/1.1" 404 168 "-" "Flavors.me Feed Plugin"
180.76.5.191 - - [14/May/2013:02:48:22 +0000] "GET /robots.txt HTTP/1.1" 404 168 "-" "Mozilla/5.0 (Windows NT 5.1; rv:6.0.2) Gecko/20100101 Firefox/6.0.2"
85.133.69.238 - - [14/May/2013:03:34:17 +0000] "GET /blog/?feed=comments-rss2 HTTP/1.1" 404 168 "-" "Flavors.me Feed Plugin"
157.56.229.244 - - [14/May/2013:03:37:47 +0000] "GET /robots.txt HTTP/1.1" 404 168 "-" "Mozilla/5.0 (compatible; bingbot/2.0; +http://www.bing.com/bingbot.htm)"
157.56.229.244 - - [14/May/2013:03:39:49 +0000] "GET / HTTP/1.1" 200 1559 "-" "Mozilla/5.0 (compatible; bingbot/2.0; +http://www.bing.com/bingbot.htm)"
208.115.113.91 - - [14/May/2013:03:51:17 +0000] "GET /robots.txt HTTP/1.1" 404 168 "-" "Mozilla/5.0 (compatible; Ezooms/1.0; ezooms.bot@gmail.com)"
85.133.69.215 - - [14/May/2013:04:15:12 +0000] "GET /blog/?feed=comments-rss2 HTTP/1.1" 404 168 "-" "Flavors.me Feed Plugin"
157.56.92.177 - - [14/May/2013:04:41:10 +0000] "GET /robots.txt HTTP/1.1" 404 168 "-" "Mozilla/5.0 (compatible; bingbot/2.0; +http://www.bing.com/bingbot.htm)"
157.56.92.177 - - [14/May/2013:04:43:01 +0000] "GET /static/js/functions.js HTTP/1.1" 200 536 "-" "Mozilla/5.0 (compatible; bingbot/2.0; +http://www.bing.com/bingbot.htm)"
173.199.115.99 - - [14/May/2013:04:50:04 +0000] "GET /blog/?tag=raspberrypi HTTP/1.1" 404 168 "-" "Mozilla/5.0 (compatible; AhrefsBot/4.0; +http://ahrefs.com/robot/)"
85.133.69.219 - - [14/May/2013:05:10:28 +0000] "GET /blog/?feed=comments-rss2 HTTP/1.1" 404 168 "-" "Flavors.me Feed Plugin"
208.115.113.91 - - [14/May/2013:05:17:50 +0000] "GET /blog/?feed=rss2&p=195 HTTP/1.1" 404 168 "-" "Mozilla/5.0 (compatible; Ezooms/1.0; ezooms.bot@gmail.com)"
157.55.35.82 - - [14/May/2013:05:19:48 +0000] "GET /robots.txt HTTP/1.1" 404 168 "-" "Mozilla/5.0 (compatible; bingbot/2.0; +http://www.bing.com/bingbot.htm)"
82.6.63.188 - - [14/May/2013:05:36:17 +0000] "GET / HTTP/1.1" 200 1559 "-" "Reeder/1.5.7 CFNetwork/609.1.4 Darwin/13.0.0"
82.6.63.188 - - [14/May/2013:05:36:17 +0000] "GET /favicon.ico HTTP/1.1" 404 168 "-" "Reeder/1.5.7 CFNetwork/609.1.4 Darwin/13.0.0"
82.6.63.188 - - [14/May/2013:05:36:17 +0000] "GET /apple-touch-icon.png HTTP/1.1" 404 168 "-" "Reeder/1.5.7 CFNetwork/609.1.4 Darwin/13.0.0"
82.6.63.188 - - [14/May/2013:05:36:17 +0000] "GET /apple-touch-icon-precomposed.png HTTP/1.1" 404 168 "-" "Reeder/1.5.7 CFNetwork/609.1.4 Darwin/13.0.0"
82.6.63.188 - - [14/May/2013:05:41:21 +0000] "GET / HTTP/1.1" 200 1559 "-" "Reeder/1.5.7 CFNetwork/609.1.4 Darwin/13.0.0"
82.6.63.188 - - [14/May/2013:05:41:21 +0000] "GET /favicon.ico HTTP/1.1" 404 168 "-" "Reeder/1.5.7 CFNetwork/609.1.4 Darwin/13.0.0"
82.6.63.188 - - [14/May/2013:05:41:21 +0000] "GET /apple-touch-icon.png HTTP/1.1" 404 168 "-" "Reeder/1.5.7 CFNetwork/609.1.4 Darwin/13.0.0"
82.6.63.188 - - [14/May/2013:05:41:21 +0000] "GET /apple-touch-icon-precomposed.png HTTP/1.1" 404 168 "-" "Reeder/1.5.7 CFNetwork/609.1.4 Darwin/13.0.0"
208.115.111.75 - - [14/May/2013:05:44:25 +0000] "GET /robots.txt HTTP/1.1" 404 168 "-" "Mozilla/5.0 (compatible; Ezooms/1.0; ezooms.bot@gmail.com)"
85.133.69.219 - - [14/May/2013:05:45:26 +0000] "GET /blog/?feed=comments-rss2 HTTP/1.1" 404 168 "-" "Flavors.me Feed Plugin"
82.6.63.188 - - [14/May/2013:06:22:55 +0000] "GET / HTTP/1.1" 200 1559 "-" "Reeder/1.5.7 CFNetwork/609.1.4 Darwin/13.0.0"
82.6.63.188 - - [14/May/2013:06:22:55 +0000] "GET /favicon.ico HTTP/1.1" 404 168 "-" "Reeder/1.5.7 CFNetwork/609.1.4 Darwin/13.0.0"
82.6.63.188 - - [14/May/2013:06:22:55 +0000] "GET /apple-touch-icon.png HTTP/1.1" 404 168 "-" "Reeder/1.5.7 CFNetwork/609.1.4 Darwin/13.0.0"
82.6.63.188 - - [14/May/2013:06:22:55 +0000] "GET /apple-touch-icon-precomposed.png HTTP/1.1" 404 168 "-" "Reeder/1.5.7 CFNetwork/609.1.4 Darwin/13.0.0"
85.133.69.219 - - [14/May/2013:06:34:11 +0000] "GET /blog/?feed=comments-rss2 HTTP/1.1" 404 168 "-" "Flavors.me Feed Plugin"
82.6.63.188 - - [14/May/2013:07:00:33 +0000] "GET / HTTP/1.1" 200 1559 "-" "Reeder/1.5.7 CFNetwork/609.1.4 Darwin/13.0.0"
82.6.63.188 - - [14/May/2013:07:00:33 +0000] "GET /favicon.ico HTTP/1.1" 404 168 "-" "Reeder/1.5.7 CFNetwork/609.1.4 Darwin/13.0.0"
82.6.63.188 - - [14/May/2013:07:00:33 +0000] "GET /apple-touch-icon.png HTTP/1.1" 404 168 "-" "Reeder/1.5.7 CFNetwork/609.1.4 Darwin/13.0.0"
82.6.63.188 - - [14/May/2013:07:00:34 +0000] "GET /apple-touch-icon-precomposed.png HTTP/1.1" 404 168 "-" "Reeder/1.5.7 CFNetwork/609.1.4 Darwin/13.0.0"
208.115.111.75 - - [14/May/2013:07:09:37 +0000] "GET /blog/?cat=5&paged=2 HTTP/1.1" 404 168 "-" "Mozilla/5.0 (compatible; Ezooms/1.0; ezooms.bot@gmail.com)"
85.133.69.215 - - [14/May/2013:07:14:35 +0000] "GET /blog/?feed=comments-rss2 HTTP/1.1" 404 168 "-" "Flavors.me Feed Plugin"
180.76.5.165 - - [14/May/2013:07:39:41 +0000] "GET /robots.txt HTTP/1.1" 404 168 "-" "Mozilla/5.0 (Windows NT 5.1; rv:6.0.2) Gecko/20100101 Firefox/6.0.2"
85.133.69.238 - - [14/May/2013:08:08:51 +0000] "GET /blog/?feed=comments-rss2 HTTP/1.1" 404 168 "-" "Flavors.me Feed Plugin"
85.133.69.235 - - [14/May/2013:08:44:21 +0000] "GET /blog/?feed=comments-rss2 HTTP/1.1" 404 168 "-" "Flavors.me Feed Plugin"
131.251.254.230 - - [14/May/2013:08:47:15 +0000] "GET / HTTP/1.1" 200 1559 "-" "Mozilla/5.0 (Macintosh; Intel Mac OS X 10_8_3) AppleWebKit/537.31 (KHTML, like Gecko) Chrome/26.0.1410.65 Safari/537.31"
131.251.254.230 - - [14/May/2013:08:47:16 +0000] "GET / HTTP/1.1" 200 1559 "-" "Mozilla/5.0 (Macintosh; Intel Mac OS X 10_8_3) AppleWebKit/537.31 (KHTML, like Gecko) Chrome/26.0.1410.65 Safari/537.31"
131.251.254.230 - - [14/May/2013:08:47:16 +0000] "GET /static/css/style.css HTTP/1.1" 200 507 "http://encima.co.uk/" "Mozilla/5.0 (Macintosh; Intel Mac OS X 10_8_3) AppleWebKit/537.31 (KHTML, like Gecko) Chrome/26.0.1410.65 Safari/537.31"
131.251.254.230 - - [14/May/2013:08:47:16 +0000] "GET /static/js/functions.js HTTP/1.1" 200 536 "http://encima.co.uk/" "Mozilla/5.0 (Macintosh; Intel Mac OS X 10_8_3) AppleWebKit/537.31 (KHTML, like Gecko) Chrome/26.0.1410.65 Safari/537.31"
131.251.254.230 - - [14/May/2013:08:47:17 +0000] "GET /static/media/me.png HTTP/1.1" 200 276030 "http://encima.co.uk/" "Mozilla/5.0 (Macintosh; Intel Mac OS X 10_8_3) AppleWebKit/537.31 (KHTML, like Gecko) Chrome/26.0.1410.65 Safari/537.31"
131.251.254.230 - - [14/May/2013:08:47:17 +0000] "GET /favicon.ico HTTP/1.1" 404 570 "-" "Mozilla/5.0 (Macintosh; Intel Mac OS X 10_8_3) AppleWebKit/537.31 (KHTML, like Gecko) Chrome/26.0.1410.65 Safari/537.31"
85.133.69.215 - - [14/May/2013:09:30:17 +0000] "GET /blog/?feed=comments-rss2 HTTP/1.1" 404 168 "-" "Flavors.me Feed Plugin"
85.133.69.215 - - [14/May/2013:10:13:44 +0000] "GET /blog/?feed=comments-rss2 HTTP/1.1" 404 168 "-" "Flavors.me Feed Plugin"
85.133.69.217 - - [14/May/2013:11:01:45 +0000] "GET /blog/?feed=comments-rss2 HTTP/1.1" 404 168 "-" "Flavors.me Feed Plugin"
157.56.92.161 - - [14/May/2013:11:28:45 +0000] "GET /robots.txt HTTP/1.1" 404 168 "-" "Mozilla/5.0 (compatible; bingbot/2.0; +http://www.bing.com/bingbot.htm)"
157.56.92.161 - - [14/May/2013:11:30:47 +0000] "GET / HTTP/1.1" 200 1559 "-" "Mozilla/5.0 (compatible; bingbot/2.0; +http://www.bing.com/bingbot.htm)"
85.133.69.238 - - [14/May/2013:11:48:58 +0000] "GET /blog/?feed=comments-rss2 HTTP/1.1" 404 168 "-" "Flavors.me Feed Plugin"
208.115.113.91 - - [14/May/2013:11:55:00 +0000] "GET /robots.txt HTTP/1.1" 404 168 "-" "Mozilla/5.0 (compatible; Ezooms/1.0; ezooms.bot@gmail.com)"
208.115.113.91 - - [14/May/2013:12:02:08 +0000] "GET / HTTP/1.1" 200 1559 "-" "Mozilla/5.0 (compatible; Ezooms/1.0; ezooms.bot@gmail.com)"
85.133.69.215 - - [14/May/2013:12:26:24 +0000] "GET /blog/?feed=comments-rss2 HTTP/1.1" 404 168 "-" "Flavors.me Feed Plugin"
86.11.187.251 - - [14/May/2013:12:39:16 +0000] "GET /device.png HTTP/1.1" 404 168 "http://fshackathon.appspot.com/" "Mozilla/5.0 (Macintosh; Intel Mac OS X 10_8_3) AppleWebKit/536.29.13 (KHTML, like Gecko) Version/6.0.4 Safari/536.29.13"
86.11.187.251 - - [14/May/2013:12:40:09 +0000] "GET /device.png HTTP/1.1" 404 168 "http://fshackathon.appspot.com/" "Mozilla/5.0 (Macintosh; Intel Mac OS X 10_8_3) AppleWebKit/536.29.13 (KHTML, like Gecko) Version/6.0.4 Safari/536.29.13"
131.251.253.118 - - [14/May/2013:12:41:10 +0000] "GET / HTTP/1.1" 200 1559 "-" "Reeder/1.5.7 CFNetwork/609.1.4 Darwin/13.0.0"
131.251.253.118 - - [14/May/2013:12:41:10 +0000] "GET /favicon.ico HTTP/1.1" 404 168 "-" "Reeder/1.5.7 CFNetwork/609.1.4 Darwin/13.0.0"
131.251.253.118 - - [14/May/2013:12:41:10 +0000] "GET /apple-touch-icon.png HTTP/1.1" 404 168 "-" "Reeder/1.5.7 CFNetwork/609.1.4 Darwin/13.0.0"
131.251.253.118 - - [14/May/2013:12:41:10 +0000] "GET /apple-touch-icon-precomposed.png HTTP/1.1" 404 168 "-" "Reeder/1.5.7 CFNetwork/609.1.4 Darwin/13.0.0"
85.133.69.238 - - [14/May/2013:13:56:50 +0000] "GET /blog/?feed=comments-rss2 HTTP/1.1" 404 168 "-" "Flavors.me Feed Plugin"
46.229.167.149 - - [14/May/2013:14:27:14 +0000] "GET / HTTP/1.1" 200 1559 "-" "Mozilla/4.0 (compatible; Intel Mac OS X 10.6; rv:2.0b8) Gecko/20100101 Firefox/4.0b8)"
85.133.69.219 - - [14/May/2013:14:42:01 +0000] "GET /blog/?feed=comments-rss2 HTTP/1.1" 404 168 "-" "Flavors.me Feed Plugin"
66.249.81.21 - - [14/May/2013:15:04:33 +0000] "GET / HTTP/1.1" 200 1559 "-" "Mozilla/5.0 (Windows NT 6.1; rv:6.0) Gecko/20110814 Firefox/6.0 Google (+https://developers.google.com/+/web/snippet/)"
66.249.81.21 - - [14/May/2013:15:04:33 +0000] "GET /favicon.ico HTTP/1.1" 404 168 "-" "Mozilla/5.0 (Windows NT 6.1; rv:6.0) Gecko/20110814 Firefox/6.0 Google (+https://developers.google.com/+/web/snippet/)"
131.251.254.123 - - [14/May/2013:15:21:50 +0000] "GET / HTTP/1.1" 304 0 "-" "Mozilla/5.0 (Macintosh; Intel Mac OS X 10_8_3) AppleWebKit/537.36 (KHTML, like Gecko) Chrome/27.0.1453.81 Safari/537.36"
131.251.254.123 - - [14/May/2013:15:21:50 +0000] "GET /static/js/functions.js HTTP/1.1" 304 0 "http://encima.co.uk/" "Mozilla/5.0 (Macintosh; Intel Mac OS X 10_8_3) AppleWebKit/537.36 (KHTML, like Gecko) Chrome/27.0.1453.81 Safari/537.36"
131.251.254.123 - - [14/May/2013:15:21:50 +0000] "GET /favicon.ico HTTP/1.1" 404 570 "-" "Mozilla/5.0 (Macintosh; Intel Mac OS X 10_8_3) AppleWebKit/537.36 (KHTML, like Gecko) Chrome/27.0.1453.81 Safari/537.36"
131.251.254.123 - - [14/May/2013:15:22:14 +0000] "GET / HTTP/1.1" 200 1559 "-" "Mozilla/5.0 (Macintosh; Intel Mac OS X 10_8_3) AppleWebKit/537.36 (KHTML, like Gecko) Chrome/27.0.1453.81 Safari/537.36"
131.251.254.123 - - [14/May/2013:15:22:15 +0000] "GET /static/media/me.png HTTP/1.1" 200 276030 "http://encima.co.uk/" "Mozilla/5.0 (Macintosh; Intel Mac OS X 10_8_3) AppleWebKit/537.36 (KHTML, like Gecko) Chrome/27.0.1453.81 Safari/537.36"
131.251.254.123 - - [14/May/2013:15:22:15 +0000] "GET /favicon.ico HTTP/1.1" 404 570 "-" "Mozilla/5.0 (Macintosh; Intel Mac OS X 10_8_3) AppleWebKit/537.36 (KHTML, like Gecko) Chrome/27.0.1453.81 Safari/537.36"
131.251.254.123 - - [14/May/2013:15:24:22 +0000] "GET / HTTP/1.1" 200 1559 "-" "Mozilla/5.0 (Macintosh; Intel Mac OS X 10_8_3) AppleWebKit/537.36 (KHTML, like Gecko) Chrome/27.0.1453.81 Safari/537.36"
131.251.254.123 - - [14/May/2013:15:24:22 +0000] "GET /static/css/style.css HTTP/1.1" 200 507 "http://encima.co.uk/" "Mozilla/5.0 (Macintosh; Intel Mac OS X 10_8_3) AppleWebKit/537.36 (KHTML, like Gecko) Chrome/27.0.1453.81 Safari/537.36"
131.251.254.123 - - [14/May/2013:15:24:22 +0000] "GET /static/js/functions.js HTTP/1.1" 200 566 "http://encima.co.uk/" "Mozilla/5.0 (Macintosh; Intel Mac OS X 10_8_3) AppleWebKit/537.36 (KHTML, like Gecko) Chrome/27.0.1453.81 Safari/537.36"
131.251.254.123 - - [14/May/2013:15:24:23 +0000] "GET /static/media/me.png HTTP/1.1" 200 276030 "http://encima.co.uk/" "Mozilla/5.0 (Macintosh; Intel Mac OS X 10_8_3) AppleWebKit/537.36 (KHTML, like Gecko) Chrome/27.0.1453.81 Safari/537.36"
131.251.254.123 - - [14/May/2013:15:24:23 +0000] "GET /favicon.ico HTTP/1.1" 404 570 "-" "Mozilla/5.0 (Macintosh; Intel Mac OS X 10_8_3) AppleWebKit/537.36 (KHTML, like Gecko) Chrome/27.0.1453.81 Safari/537.36"
131.251.254.123 - - [14/May/2013:15:24:23 +0000] "GET / HTTP/1.1" 200 1559 "-" "Mozilla/5.0 (Macintosh; Intel Mac OS X 10_8_3) AppleWebKit/537.36 (KHTML, like Gecko) Chrome/27.0.1453.81 Safari/537.36"
131.251.254.123 - - [14/May/2013:15:24:24 +0000] "GET /static/css/style.css HTTP/1.1" 200 507 "http://encima.co.uk/" "Mozilla/5.0 (Macintosh; Intel Mac OS X 10_8_3) AppleWebKit/537.36 (KHTML, like Gecko) Chrome/27.0.1453.81 Safari/537.36"
131.251.254.123 - - [14/May/2013:15:24:24 +0000] "GET /static/js/functions.js HTTP/1.1" 200 566 "http://encima.co.uk/" "Mozilla/5.0 (Macintosh; Intel Mac OS X 10_8_3) AppleWebKit/537.36 (KHTML, like Gecko) Chrome/27.0.1453.81 Safari/537.36"
131.251.254.123 - - [14/May/2013:15:24:24 +0000] "GET /static/media/me.png HTTP/1.1" 200 276030 "http://encima.co.uk/" "Mozilla/5.0 (Macintosh; Intel Mac OS X 10_8_3) AppleWebKit/537.36 (KHTML, like Gecko) Chrome/27.0.1453.81 Safari/537.36"
131.251.254.123 - - [14/May/2013:15:24:24 +0000] "GET / HTTP/1.1" 200 1559 "-" "Mozilla/5.0 (Macintosh; Intel Mac OS X 10_8_3) AppleWebKit/537.36 (KHTML, like Gecko) Chrome/27.0.1453.81 Safari/537.36"
131.251.254.123 - - [14/May/2013:15:24:25 +0000] "GET /static/css/style.css HTTP/1.1" 200 507 "http://encima.co.uk/" "Mozilla/5.0 (Macintosh; Intel Mac OS X 10_8_3) AppleWebKit/537.36 (KHTML, like Gecko) Chrome/27.0.1453.81 Safari/537.36"
131.251.254.123 - - [14/May/2013:15:24:25 +0000] "GET /static/js/functions.js HTTP/1.1" 200 566 "http://encima.co.uk/" "Mozilla/5.0 (Macintosh; Intel Mac OS X 10_8_3) AppleWebKit/537.36 (KHTML, like Gecko) Chrome/27.0.1453.81 Safari/537.36"
131.251.254.123 - - [14/May/2013:15:24:25 +0000] "GET /favicon.ico HTTP/1.1" 404 570 "-" "Mozilla/5.0 (Macintosh; Intel Mac OS X 10_8_3) AppleWebKit/537.36 (KHTML, like Gecko) Chrome/27.0.1453.81 Safari/537.36"
131.251.254.123 - - [14/May/2013:15:24:25 +0000] "GET /static/media/me.png HTTP/1.1" 200 276030 "http://encima.co.uk/" "Mozilla/5.0 (Macintosh; Intel Mac OS X 10_8_3) AppleWebKit/537.36 (KHTML, like Gecko) Chrome/27.0.1453.81 Safari/537.36"
131.251.254.123 - - [14/May/2013:15:24:25 +0000] "GET /favicon.ico HTTP/1.1" 404 570 "-" "Mozilla/5.0 (Macintosh; Intel Mac OS X 10_8_3) AppleWebKit/537.36 (KHTML, like Gecko) Chrome/27.0.1453.81 Safari/537.36"
131.251.254.123 - - [14/May/2013:15:26:06 +0000] "GET / HTTP/1.1" 200 1559 "-" "Mozilla/5.0 (Macintosh; Intel Mac OS X 10_8_3) AppleWebKit/537.36 (KHTML, like Gecko) Chrome/27.0.1453.81 Safari/537.36"
131.251.254.123 - - [14/May/2013:15:26:07 +0000] "GET /static/css/style.css HTTP/1.1" 200 510 "http://encima.co.uk/" "Mozilla/5.0 (Macintosh; Intel Mac OS X 10_8_3) AppleWebKit/537.36 (KHTML, like Gecko) Chrome/27.0.1453.81 Safari/537.36"
131.251.254.123 - - [14/May/2013:15:26:07 +0000] "GET /static/js/functions.js HTTP/1.1" 200 566 "http://encima.co.uk/" "Mozilla/5.0 (Macintosh; Intel Mac OS X 10_8_3) AppleWebKit/537.36 (KHTML, like Gecko) Chrome/27.0.1453.81 Safari/537.36"
131.251.254.123 - - [14/May/2013:15:26:07 +0000] "GET /static/media/me.png HTTP/1.1" 200 276030 "http://encima.co.uk/" "Mozilla/5.0 (Macintosh; Intel Mac OS X 10_8_3) AppleWebKit/537.36 (KHTML, like Gecko) Chrome/27.0.1453.81 Safari/537.36"
131.251.254.123 - - [14/May/2013:15:26:08 +0000] "GET /favicon.ico HTTP/1.1" 404 570 "-" "Mozilla/5.0 (Macintosh; Intel Mac OS X 10_8_3) AppleWebKit/537.36 (KHTML, like Gecko) Chrome/27.0.1453.81 Safari/537.36"
