38.111.147.83 - - [30/Apr/2013:01:14:16 +0000] "GET /blog/?feed=comments-rss2 HTTP/1.0" 404 168 "-" "TurnitinBot/2.1 (http://www.turnitin.com/robot/crawlerinfo.html)"
38.111.147.83 - - [30/Apr/2013:01:14:47 +0000] "GET /blog/?cat=3 HTTP/1.0" 404 168 "-" "TurnitinBot/2.1 (http://www.turnitin.com/robot/crawlerinfo.html)"
38.111.147.83 - - [30/Apr/2013:01:15:19 +0000] "GET /blog/?cat=11 HTTP/1.0" 404 168 "-" "TurnitinBot/2.1 (http://www.turnitin.com/robot/crawlerinfo.html)"
38.111.147.83 - - [30/Apr/2013:01:15:55 +0000] "GET /blog/?p=22acionneeasy. HTTP/1.0" 404 168 "-" "TurnitinBot/2.1 (http://www.turnitin.com/robot/crawlerinfo.html)"
38.111.147.83 - - [30/Apr/2013:01:16:32 +0000] "GET / HTTP/1.0" 200 726 "-" "TurnitinBot/2.1 (http://www.turnitin.com/robot/crawlerinfo.html)"
85.133.69.215 - - [30/Apr/2013:01:25:24 +0000] "GET /blog/?feed=comments-rss2 HTTP/1.1" 404 168 "-" "Flavors.me Feed Plugin"
85.133.69.238 - - [30/Apr/2013:02:13:27 +0000] "GET /blog/?feed=comments-rss2 HTTP/1.1" 404 168 "-" "Flavors.me Feed Plugin"
85.133.69.219 - - [30/Apr/2013:02:59:10 +0000] "GET /blog/?feed=comments-rss2 HTTP/1.1" 404 168 "-" "Flavors.me Feed Plugin"
66.249.75.40 - - [30/Apr/2013:03:23:23 +0000] "GET /robots.txt HTTP/1.1" 404 168 "-" "Mozilla/5.0 (compatible; Googlebot/2.1; +http://www.google.com/bot.html)"
66.249.75.40 - - [30/Apr/2013:03:23:23 +0000] "GET /static/css/style.css HTTP/1.1" 200 507 "-" "Mozilla/5.0 (compatible; Googlebot/2.1; +http://www.google.com/bot.html)"
66.249.75.40 - - [30/Apr/2013:03:23:24 +0000] "GET /static/css/small.css HTTP/1.1" 404 168 "-" "Mozilla/5.0 (compatible; Googlebot/2.1; +http://www.google.com/bot.html)"
157.56.92.172 - - [30/Apr/2013:03:34:04 +0000] "GET /robots.txt HTTP/1.1" 404 168 "-" "Mozilla/5.0 (compatible; bingbot/2.0; +http://www.bing.com/bingbot.htm)"
157.56.92.172 - - [30/Apr/2013:03:36:47 +0000] "GET / HTTP/1.1" 200 726 "-" "Mozilla/5.0 (compatible; bingbot/2.0; +http://www.bing.com/bingbot.htm)"
85.133.69.217 - - [30/Apr/2013:03:45:16 +0000] "GET /blog/?feed=comments-rss2 HTTP/1.1" 404 168 "-" "Flavors.me Feed Plugin"
208.115.111.70 - - [30/Apr/2013:04:22:15 +0000] "GET /robots.txt HTTP/1.1" 404 168 "-" "Mozilla/5.0 (compatible; Ezooms/1.0; ezooms.bot@gmail.com)"
85.133.69.238 - - [30/Apr/2013:04:31:38 +0000] "GET /blog/?feed=comments-rss2 HTTP/1.1" 404 168 "-" "Flavors.me Feed Plugin"
85.133.69.238 - - [30/Apr/2013:05:21:46 +0000] "GET /blog/?feed=comments-rss2 HTTP/1.1" 404 168 "-" "Flavors.me Feed Plugin"
208.115.111.70 - - [30/Apr/2013:05:33:47 +0000] "GET /blog/wp-login.php HTTP/1.1" 404 168 "-" "Mozilla/5.0 (compatible; Ezooms/1.0; ezooms.bot@gmail.com)"
85.133.69.215 - - [30/Apr/2013:06:00:23 +0000] "GET /blog/?feed=comments-rss2 HTTP/1.1" 404 168 "-" "Flavors.me Feed Plugin"
82.6.63.188 - - [30/Apr/2013:06:16:02 +0000] "GET / HTTP/1.1" 200 726 "-" "Reeder/1.5.7 CFNetwork/609.1.4 Darwin/13.0.0"
82.6.63.188 - - [30/Apr/2013:06:16:02 +0000] "GET /favicon.ico HTTP/1.1" 404 168 "-" "Reeder/1.5.7 CFNetwork/609.1.4 Darwin/13.0.0"
82.6.63.188 - - [30/Apr/2013:06:16:02 +0000] "GET /apple-touch-icon.png HTTP/1.1" 404 168 "-" "Reeder/1.5.7 CFNetwork/609.1.4 Darwin/13.0.0"
82.6.63.188 - - [30/Apr/2013:06:16:02 +0000] "GET /apple-touch-icon-precomposed.png HTTP/1.1" 404 168 "-" "Reeder/1.5.7 CFNetwork/609.1.4 Darwin/13.0.0"
82.6.63.188 - - [30/Apr/2013:06:19:58 +0000] "GET / HTTP/1.1" 200 726 "-" "Reeder/1.5.7 CFNetwork/609.1.4 Darwin/13.0.0"
82.6.63.188 - - [30/Apr/2013:06:19:58 +0000] "GET /favicon.ico HTTP/1.1" 404 168 "-" "Reeder/1.5.7 CFNetwork/609.1.4 Darwin/13.0.0"
82.6.63.188 - - [30/Apr/2013:06:19:58 +0000] "GET /apple-touch-icon.png HTTP/1.1" 404 168 "-" "Reeder/1.5.7 CFNetwork/609.1.4 Darwin/13.0.0"
82.6.63.188 - - [30/Apr/2013:06:19:58 +0000] "GET /apple-touch-icon-precomposed.png HTTP/1.1" 404 168 "-" "Reeder/1.5.7 CFNetwork/609.1.4 Darwin/13.0.0"
82.6.63.188 - - [30/Apr/2013:06:28:35 +0000] "GET / HTTP/1.1" 200 726 "-" "Reeder/1.5.7 CFNetwork/609.1.4 Darwin/13.0.0"
82.6.63.188 - - [30/Apr/2013:06:28:35 +0000] "GET /favicon.ico HTTP/1.1" 404 168 "-" "Reeder/1.5.7 CFNetwork/609.1.4 Darwin/13.0.0"
82.6.63.188 - - [30/Apr/2013:06:28:36 +0000] "GET /apple-touch-icon.png HTTP/1.1" 404 168 "-" "Reeder/1.5.7 CFNetwork/609.1.4 Darwin/13.0.0"
82.6.63.188 - - [30/Apr/2013:06:28:36 +0000] "GET /apple-touch-icon-precomposed.png HTTP/1.1" 404 168 "-" "Reeder/1.5.7 CFNetwork/609.1.4 Darwin/13.0.0"
85.133.69.215 - - [30/Apr/2013:06:46:41 +0000] "GET /blog/?feed=comments-rss2 HTTP/1.1" 404 168 "-" "Flavors.me Feed Plugin"
217.69.133.69 - - [30/Apr/2013:06:51:49 +0000] "GET / HTTP/1.0" 200 726 "-" "Mozilla/5.0 (compatible; Mail.RU_Bot/2.0; +http://go.mail.ru/help/robots)"
82.6.63.188 - - [30/Apr/2013:06:57:41 +0000] "GET / HTTP/1.1" 200 726 "-" "Reeder/1.5.7 CFNetwork/609.1.4 Darwin/13.0.0"
82.6.63.188 - - [30/Apr/2013:06:57:42 +0000] "GET /favicon.ico HTTP/1.1" 404 168 "-" "Reeder/1.5.7 CFNetwork/609.1.4 Darwin/13.0.0"
82.6.63.188 - - [30/Apr/2013:06:57:42 +0000] "GET /apple-touch-icon.png HTTP/1.1" 404 168 "-" "Reeder/1.5.7 CFNetwork/609.1.4 Darwin/13.0.0"
82.6.63.188 - - [30/Apr/2013:06:57:42 +0000] "GET /apple-touch-icon-precomposed.png HTTP/1.1" 404 168 "-" "Reeder/1.5.7 CFNetwork/609.1.4 Darwin/13.0.0"
85.133.69.238 - - [30/Apr/2013:07:31:09 +0000] "GET /blog/?feed=comments-rss2 HTTP/1.1" 404 168 "-" "Flavors.me Feed Plugin"
85.133.69.215 - - [30/Apr/2013:09:12:40 +0000] "GET /blog/?feed=comments-rss2 HTTP/1.1" 404 168 "-" "Flavors.me Feed Plugin"
131.251.254.230 - - [30/Apr/2013:09:42:35 +0000] "GET / HTTP/1.1" 200 726 "-" "Mozilla/5.0 (Macintosh; Intel Mac OS X 10_8_2) AppleWebKit/537.31 (KHTML, like Gecko) Chrome/26.0.1410.65 Safari/537.31"
131.251.254.230 - - [30/Apr/2013:09:42:35 +0000] "GET /static/css/style.css HTTP/1.1" 200 507 "http://encima.co.uk/" "Mozilla/5.0 (Macintosh; Intel Mac OS X 10_8_2) AppleWebKit/537.31 (KHTML, like Gecko) Chrome/26.0.1410.65 Safari/537.31"
131.251.254.230 - - [30/Apr/2013:09:42:35 +0000] "GET /static/js/functions.js HTTP/1.1" 200 370 "http://encima.co.uk/" "Mozilla/5.0 (Macintosh; Intel Mac OS X 10_8_2) AppleWebKit/537.31 (KHTML, like Gecko) Chrome/26.0.1410.65 Safari/537.31"
131.251.254.230 - - [30/Apr/2013:09:42:35 +0000] "GET /favicon.ico HTTP/1.1" 404 570 "-" "Mozilla/5.0 (Macintosh; Intel Mac OS X 10_8_2) AppleWebKit/537.31 (KHTML, like Gecko) Chrome/26.0.1410.65 Safari/537.31"
85.133.69.215 - - [30/Apr/2013:09:45:36 +0000] "GET /blog/?feed=comments-rss2 HTTP/1.1" 404 168 "-" "Flavors.me Feed Plugin"
178.255.215.67 - - [30/Apr/2013:10:45:27 +0000] "GET /robots.txt HTTP/1.1" 404 168 "-" "Mozilla/5.0 (compatible; Exabot/3.0; +http://www.exabot.com/go/robot)"
178.255.215.67 - - [30/Apr/2013:10:45:27 +0000] "GET /blog/?p=93 HTTP/1.1" 404 168 "-" "Mozilla/5.0 (compatible; Exabot/3.0; +http://www.exabot.com/go/robot)"
85.133.69.215 - - [30/Apr/2013:10:48:18 +0000] "GET /blog/?feed=comments-rss2 HTTP/1.1" 404 168 "-" "Flavors.me Feed Plugin"
85.133.69.215 - - [30/Apr/2013:11:16:48 +0000] "GET /blog/?feed=comments-rss2 HTTP/1.1" 404 168 "-" "Flavors.me Feed Plugin"
131.251.253.118 - - [30/Apr/2013:11:44:44 +0000] "GET / HTTP/1.1" 200 726 "-" "Reeder/1.5.7 CFNetwork/609.1.4 Darwin/13.0.0"
131.251.253.118 - - [30/Apr/2013:11:44:44 +0000] "GET /favicon.ico HTTP/1.1" 404 168 "-" "Reeder/1.5.7 CFNetwork/609.1.4 Darwin/13.0.0"
131.251.253.118 - - [30/Apr/2013:11:44:45 +0000] "GET /apple-touch-icon.png HTTP/1.1" 404 168 "-" "Reeder/1.5.7 CFNetwork/609.1.4 Darwin/13.0.0"
131.251.253.118 - - [30/Apr/2013:11:44:45 +0000] "GET /apple-touch-icon-precomposed.png HTTP/1.1" 404 168 "-" "Reeder/1.5.7 CFNetwork/609.1.4 Darwin/13.0.0"
157.55.33.21 - - [30/Apr/2013:11:54:49 +0000] "GET /robots.txt HTTP/1.1" 404 168 "-" "Mozilla/5.0 (compatible; bingbot/2.0; +http://www.bing.com/bingbot.htm)"
94.102.150.50 - - [30/Apr/2013:11:55:46 +0000] "GET /blog/?feed=rss2 HTTP/1.1" 404 168 "-" "SocialSearcher/0.1  Mozilla/5.0"
157.55.33.21 - - [30/Apr/2013:11:56:25 +0000] "GET / HTTP/1.1" 200 726 "-" "Mozilla/5.0 (compatible; bingbot/2.0; +http://www.bing.com/bingbot.htm)"
178.255.215.67 - - [30/Apr/2013:12:32:18 +0000] "GET /blog/?p=86 HTTP/1.1" 404 168 "-" "Mozilla/5.0 (compatible; Exabot/3.0; +http://www.exabot.com/go/robot)"
85.133.69.215 - - [30/Apr/2013:13:14:01 +0000] "GET /blog/?feed=comments-rss2 HTTP/1.1" 404 168 "-" "Flavors.me Feed Plugin"
85.133.69.238 - - [30/Apr/2013:14:00:21 +0000] "GET /blog/?feed=comments-rss2 HTTP/1.1" 404 168 "-" "Flavors.me Feed Plugin"
157.56.92.172 - - [30/Apr/2013:15:18:24 +0000] "GET /robots.txt HTTP/1.1" 404 168 "-" "Mozilla/5.0 (compatible; bingbot/2.0; +http://www.bing.com/bingbot.htm)"
157.56.92.172 - - [30/Apr/2013:15:20:19 +0000] "GET / HTTP/1.1" 200 726 "-" "Mozilla/5.0 (compatible; bingbot/2.0; +http://www.bing.com/bingbot.htm)"
85.133.69.219 - - [30/Apr/2013:16:05:38 +0000] "GET /blog/?feed=comments-rss2 HTTP/1.1" 404 168 "-" "Flavors.me Feed Plugin"
131.251.253.15 - - [30/Apr/2013:16:30:16 +0000] "GET / HTTP/1.1" 200 726 "-" "Reeder/1020.09.00 CFNetwork/596.3.3 Darwin/12.3.0 (x86_64) (MacBookPro10%2C1)"
131.251.253.15 - - [30/Apr/2013:16:30:16 +0000] "GET /favicon.ico HTTP/1.1" 404 168 "-" "Reeder/1020.09.00 CFNetwork/596.3.3 Darwin/12.3.0 (x86_64) (MacBookPro10%2C1)"
131.251.253.15 - - [30/Apr/2013:16:30:16 +0000] "GET / HTTP/1.1" 200 726 "-" "Reeder/1020.09.00 CFNetwork/596.3.3 Darwin/12.3.0 (x86_64) (MacBookPro10%2C1)"
131.251.253.15 - - [30/Apr/2013:16:30:16 +0000] "GET /apple-touch-icon.png HTTP/1.1" 404 168 "-" "Reeder/1020.09.00 CFNetwork/596.3.3 Darwin/12.3.0 (x86_64) (MacBookPro10%2C1)"
131.251.253.15 - - [30/Apr/2013:16:30:16 +0000] "GET /apple-touch-icon-precomposed.png HTTP/1.1" 404 168 "-" "Reeder/1020.09.00 CFNetwork/596.3.3 Darwin/12.3.0 (x86_64) (MacBookPro10%2C1)"
85.133.69.235 - - [30/Apr/2013:16:45:35 +0000] "GET /blog/?feed=comments-rss2 HTTP/1.1" 404 168 "-" "Flavors.me Feed Plugin"
85.133.69.235 - - [30/Apr/2013:17:31:11 +0000] "GET /blog/?feed=comments-rss2 HTTP/1.1" 404 168 "-" "Flavors.me Feed Plugin"
85.133.69.238 - - [30/Apr/2013:18:14:20 +0000] "GET /blog/?feed=comments-rss2 HTTP/1.1" 404 168 "-" "Flavors.me Feed Plugin"
208.115.113.86 - - [30/Apr/2013:18:26:32 +0000] "GET /robots.txt HTTP/1.1" 404 168 "-" "Mozilla/5.0 (compatible; Ezooms/1.0; ezooms.bot@gmail.com)"
157.55.32.145 - - [30/Apr/2013:18:26:50 +0000] "GET /robots.txt HTTP/1.1" 404 168 "-" "Mozilla/5.0 (compatible; bingbot/2.0; +http://www.bing.com/bingbot.htm)"
157.55.32.145 - - [30/Apr/2013:18:28:20 +0000] "GET /blog/ HTTP/1.1" 404 168 "-" "Mozilla/5.0 (compatible; bingbot/2.0; +http://www.bing.com/bingbot.htm)"
62.255.147.116 - - [30/Apr/2013:18:42:32 +0000] "GET / HTTP/1.1" 200 726 "-" "Mozilla/5.0 (Macintosh; Intel Mac OS X 10_7_5) AppleWebKit/537.36 (KHTML, like Gecko) Chrome/28.0.1493.0 Safari/537.36"
62.255.147.116 - - [30/Apr/2013:18:42:33 +0000] "GET /static/css/style.css HTTP/1.1" 200 507 "http://encima.co.uk/" "Mozilla/5.0 (Macintosh; Intel Mac OS X 10_7_5) AppleWebKit/537.36 (KHTML, like Gecko) Chrome/28.0.1493.0 Safari/537.36"
62.255.147.116 - - [30/Apr/2013:18:42:33 +0000] "GET /static/js/functions.js HTTP/1.1" 200 370 "http://encima.co.uk/" "Mozilla/5.0 (Macintosh; Intel Mac OS X 10_7_5) AppleWebKit/537.36 (KHTML, like Gecko) Chrome/28.0.1493.0 Safari/537.36"
62.255.147.116 - - [30/Apr/2013:18:42:34 +0000] "GET /favicon.ico HTTP/1.1" 404 570 "-" "Mozilla/5.0 (Macintosh; Intel Mac OS X 10_7_5) AppleWebKit/537.36 (KHTML, like Gecko) Chrome/28.0.1493.0 Safari/537.36"
62.255.147.116 - - [30/Apr/2013:18:43:44 +0000] "GET / HTTP/1.1" 200 726 "-" "Mozilla/5.0 (Macintosh; Intel Mac OS X 10_7_5) AppleWebKit/537.36 (KHTML, like Gecko) Chrome/28.0.1493.0 Safari/537.36"
62.255.147.116 - - [30/Apr/2013:18:43:45 +0000] "GET /static/css/style.css HTTP/1.1" 200 507 "http://christopher-gwilliams.com/" "Mozilla/5.0 (Macintosh; Intel Mac OS X 10_7_5) AppleWebKit/537.36 (KHTML, like Gecko) Chrome/28.0.1493.0 Safari/537.36"
62.255.147.116 - - [30/Apr/2013:18:43:45 +0000] "GET /static/js/functions.js HTTP/1.1" 200 370 "http://christopher-gwilliams.com/" "Mozilla/5.0 (Macintosh; Intel Mac OS X 10_7_5) AppleWebKit/537.36 (KHTML, like Gecko) Chrome/28.0.1493.0 Safari/537.36"
62.255.147.116 - - [30/Apr/2013:18:43:45 +0000] "GET /favicon.ico HTTP/1.1" 404 570 "-" "Mozilla/5.0 (Macintosh; Intel Mac OS X 10_7_5) AppleWebKit/537.36 (KHTML, like Gecko) Chrome/28.0.1493.0 Safari/537.36"
62.255.147.116 - - [30/Apr/2013:19:06:46 +0000] "GET /favicon.ico HTTP/1.1" 404 570 "-" "Mozilla/5.0 (Macintosh; Intel Mac OS X 10_7_5) AppleWebKit/537.36 (KHTML, like Gecko) Chrome/28.0.1494.0 Safari/537.36"
62.255.147.116 - - [30/Apr/2013:19:06:46 +0000] "GET /favicon.ico HTTP/1.1" 404 570 "-" "Mozilla/5.0 (Macintosh; Intel Mac OS X 10_7_5) AppleWebKit/537.36 (KHTML, like Gecko) Chrome/28.0.1494.0 Safari/537.36"
157.55.33.21 - - [30/Apr/2013:19:14:33 +0000] "GET /robots.txt HTTP/1.1" 404 168 "-" "Mozilla/5.0 (compatible; bingbot/2.0; +http://www.bing.com/bingbot.htm)"
157.55.33.21 - - [30/Apr/2013:19:16:36 +0000] "GET / HTTP/1.1" 200 726 "-" "Mozilla/5.0 (compatible; bingbot/2.0; +http://www.bing.com/bingbot.htm)"
85.133.69.235 - - [30/Apr/2013:19:23:20 +0000] "GET /blog/?feed=comments-rss2 HTTP/1.1" 404 168 "-" "Flavors.me Feed Plugin"
217.69.133.69 - - [30/Apr/2013:19:37:16 +0000] "GET /blog/?p=22 HTTP/1.0" 404 168 "-" "Mozilla/5.0 (compatible; Mail.RU_Bot/2.0; +http://go.mail.ru/help/robots)"
198.71.87.160 - - [30/Apr/2013:19:40:14 +0000] "GET /blog/?feed=rss2 HTTP/1.0" 404 570 "-" "Mozilla/5.0 (Windows NT 6.1; WOW64) AppleWebKit/535.2 (KHTML, like Gecko) Chrome/15.0.874.106 Safari/535.2"
85.133.69.215 - - [30/Apr/2013:19:41:22 +0000] "GET /blog/?feed=comments-rss2 HTTP/1.1" 404 168 "-" "Flavors.me Feed Plugin"
82.6.63.188 - - [30/Apr/2013:19:48:02 +0000] "GET / HTTP/1.1" 200 726 "-" "Reeder/1.5.7 CFNetwork/609.1.4 Darwin/13.0.0"
82.6.63.188 - - [30/Apr/2013:19:48:02 +0000] "GET /favicon.ico HTTP/1.1" 404 168 "-" "Reeder/1.5.7 CFNetwork/609.1.4 Darwin/13.0.0"
82.6.63.188 - - [30/Apr/2013:19:48:02 +0000] "GET /apple-touch-icon.png HTTP/1.1" 404 168 "-" "Reeder/1.5.7 CFNetwork/609.1.4 Darwin/13.0.0"
82.6.63.188 - - [30/Apr/2013:19:48:02 +0000] "GET /apple-touch-icon-precomposed.png HTTP/1.1" 404 168 "-" "Reeder/1.5.7 CFNetwork/609.1.4 Darwin/13.0.0"
208.115.113.86 - - [30/Apr/2013:19:52:00 +0000] "GET /blog/?tag=romming HTTP/1.1" 404 168 "-" "Mozilla/5.0 (compatible; Ezooms/1.0; ezooms.bot@gmail.com)"
85.133.69.219 - - [30/Apr/2013:20:26:14 +0000] "GET /blog/?feed=comments-rss2 HTTP/1.1" 404 168 "-" "Flavors.me Feed Plugin"
82.6.63.188 - - [30/Apr/2013:20:46:44 +0000] "GET / HTTP/1.1" 200 726 "-" "Reeder/1.5.7 CFNetwork/609.1.4 Darwin/13.0.0"
82.6.63.188 - - [30/Apr/2013:20:46:44 +0000] "GET /favicon.ico HTTP/1.1" 404 168 "-" "Reeder/1.5.7 CFNetwork/609.1.4 Darwin/13.0.0"
82.6.63.188 - - [30/Apr/2013:20:46:44 +0000] "GET /apple-touch-icon.png HTTP/1.1" 404 168 "-" "Reeder/1.5.7 CFNetwork/609.1.4 Darwin/13.0.0"
82.6.63.188 - - [30/Apr/2013:20:46:44 +0000] "GET /apple-touch-icon-precomposed.png HTTP/1.1" 404 168 "-" "Reeder/1.5.7 CFNetwork/609.1.4 Darwin/13.0.0"
85.133.69.238 - - [30/Apr/2013:21:12:05 +0000] "GET /blog/?feed=comments-rss2 HTTP/1.1" 404 168 "-" "Flavors.me Feed Plugin"
82.6.63.188 - - [30/Apr/2013:21:47:06 +0000] "GET / HTTP/1.1" 200 726 "-" "Reeder/1.5.7 CFNetwork/609.1.4 Darwin/13.0.0"
82.6.63.188 - - [30/Apr/2013:21:47:07 +0000] "GET /favicon.ico HTTP/1.1" 404 168 "-" "Reeder/1.5.7 CFNetwork/609.1.4 Darwin/13.0.0"
82.6.63.188 - - [30/Apr/2013:21:47:07 +0000] "GET /apple-touch-icon.png HTTP/1.1" 404 168 "-" "Reeder/1.5.7 CFNetwork/609.1.4 Darwin/13.0.0"
82.6.63.188 - - [30/Apr/2013:21:47:07 +0000] "GET /apple-touch-icon-precomposed.png HTTP/1.1" 404 168 "-" "Reeder/1.5.7 CFNetwork/609.1.4 Darwin/13.0.0"
85.133.69.238 - - [30/Apr/2013:21:58:07 +0000] "GET /blog/?feed=comments-rss2 HTTP/1.1" 404 168 "-" "Flavors.me Feed Plugin"
76.97.232.61 - - [30/Apr/2013:22:29:34 +0000] "GET /blog/?p=22 HTTP/1.1" 404 570 "http://archlinuxarm.org/forum/viewtopic.php?t=3186" "Mozilla/5.0 (Windows NT 6.2; WOW64) AppleWebKit/537.31 (KHTML, like Gecko) Chrome/26.0.1410.64 Safari/537.31"
76.97.232.61 - - [30/Apr/2013:22:29:34 +0000] "GET /favicon.ico HTTP/1.1" 404 570 "-" "Mozilla/5.0 (Windows NT 6.2; WOW64) AppleWebKit/537.31 (KHTML, like Gecko) Chrome/26.0.1410.64 Safari/537.31"
76.97.232.61 - - [30/Apr/2013:22:30:27 +0000] "GET /blog/?p=22 HTTP/1.1" 404 570 "http://archlinuxarm.org/forum/viewtopic.php?t=3186" "Mozilla/5.0 (Windows NT 6.2; WOW64) AppleWebKit/537.31 (KHTML, like Gecko) Chrome/26.0.1410.64 Safari/537.31"
76.97.232.61 - - [30/Apr/2013:22:30:27 +0000] "GET /favicon.ico HTTP/1.1" 404 570 "-" "Mozilla/5.0 (Windows NT 6.2; WOW64) AppleWebKit/537.31 (KHTML, like Gecko) Chrome/26.0.1410.64 Safari/537.31"
76.97.232.61 - - [30/Apr/2013:22:30:32 +0000] "GET / HTTP/1.1" 200 726 "-" "Mozilla/5.0 (Windows NT 6.2; WOW64) AppleWebKit/537.31 (KHTML, like Gecko) Chrome/26.0.1410.64 Safari/537.31"
76.97.232.61 - - [30/Apr/2013:22:30:32 +0000] "GET /static/css/style.css HTTP/1.1" 200 507 "http://christopher-gwilliams.com/" "Mozilla/5.0 (Windows NT 6.2; WOW64) AppleWebKit/537.31 (KHTML, like Gecko) Chrome/26.0.1410.64 Safari/537.31"
76.97.232.61 - - [30/Apr/2013:22:30:32 +0000] "GET /static/js/functions.js HTTP/1.1" 200 370 "http://christopher-gwilliams.com/" "Mozilla/5.0 (Windows NT 6.2; WOW64) AppleWebKit/537.31 (KHTML, like Gecko) Chrome/26.0.1410.64 Safari/537.31"
76.97.232.61 - - [30/Apr/2013:22:30:32 +0000] "GET /favicon.ico HTTP/1.1" 404 570 "-" "Mozilla/5.0 (Windows NT 6.2; WOW64) AppleWebKit/537.31 (KHTML, like Gecko) Chrome/26.0.1410.64 Safari/537.31"
85.133.69.238 - - [30/Apr/2013:22:42:50 +0000] "GET /blog/?feed=comments-rss2 HTTP/1.1" 404 168 "-" "Flavors.me Feed Plugin"
178.255.215.67 - - [30/Apr/2013:23:15:00 +0000] "GET /contact.html HTTP/1.1" 404 168 "-" "Mozilla/5.0 (compatible; Exabot/3.0; +http://www.exabot.com/go/robot)"
85.133.69.217 - - [30/Apr/2013:23:25:52 +0000] "GET /blog/?feed=comments-rss2 HTTP/1.1" 404 168 "-" "Flavors.me Feed Plugin"
8.35.200.93 - - [30/Apr/2013:23:34:24 +0000] "GET /favicon.ico HTTP/1.1" 404 168 "-" "AppEngine-Google; (+http://code.google.com/appengine; appid: s~getfavicon27)"
8.35.200.93 - - [30/Apr/2013:23:34:24 +0000] "GET / HTTP/1.1" 200 726 "-" "AppEngine-Google; (+http://code.google.com/appengine; appid: s~getfavicon27)"
157.56.92.172 - - [30/Apr/2013:23:43:15 +0000] "GET /robots.txt HTTP/1.1" 404 168 "-" "Mozilla/5.0 (compatible; bingbot/2.0; +http://www.bing.com/bingbot.htm)"
157.56.92.172 - - [30/Apr/2013:23:45:22 +0000] "GET / HTTP/1.1" 200 726 "-" "Mozilla/5.0 (compatible; bingbot/2.0; +http://www.bing.com/bingbot.htm)"
85.133.69.219 - - [01/May/2013:00:10:12 +0000] "GET /blog/?feed=comments-rss2 HTTP/1.1" 404 168 "-" "Flavors.me Feed Plugin"
85.133.69.235 - - [01/May/2013:00:54:11 +0000] "GET /blog/?feed=comments-rss2 HTTP/1.1" 404 168 "-" "Flavors.me Feed Plugin"
85.133.69.219 - - [01/May/2013:01:41:05 +0000] "GET /blog/?feed=comments-rss2 HTTP/1.1" 404 168 "-" "Flavors.me Feed Plugin"
85.133.69.238 - - [01/May/2013:03:10:42 +0000] "GET /blog/?feed=comments-rss2 HTTP/1.1" 404 168 "-" "Flavors.me Feed Plugin"
85.133.69.219 - - [01/May/2013:03:53:49 +0000] "GET /blog/?feed=comments-rss2 HTTP/1.1" 404 168 "-" "Flavors.me Feed Plugin"
85.133.69.217 - - [01/May/2013:04:39:18 +0000] "GET /blog/?feed=comments-rss2 HTTP/1.1" 404 168 "-" "Flavors.me Feed Plugin"
46.229.167.149 - - [01/May/2013:05:17:49 +0000] "GET / HTTP/1.1" 200 726 "-" "Zend_Http_Client"
46.229.167.149 - - [01/May/2013:05:17:49 +0000] "GET / HTTP/1.1" 200 726 "-" "Mozilla/5.0 (Windows NT 6.1; Win64; x64; rv:2.0b11pre) Gecko/20110129 Firefox/4.0b11pre"
85.133.69.215 - - [01/May/2013:05:22:08 +0000] "GET /blog/?feed=comments-rss2 HTTP/1.1" 404 168 "-" "Flavors.me Feed Plugin"
82.6.63.188 - - [01/May/2013:05:53:23 +0000] "GET / HTTP/1.1" 200 726 "-" "Reeder/1.5.7 CFNetwork/609.1.4 Darwin/13.0.0"
82.6.63.188 - - [01/May/2013:05:53:23 +0000] "GET /favicon.ico HTTP/1.1" 404 168 "-" "Reeder/1.5.7 CFNetwork/609.1.4 Darwin/13.0.0"
82.6.63.188 - - [01/May/2013:05:53:23 +0000] "GET /apple-touch-icon.png HTTP/1.1" 404 168 "-" "Reeder/1.5.7 CFNetwork/609.1.4 Darwin/13.0.0"
82.6.63.188 - - [01/May/2013:05:53:23 +0000] "GET /apple-touch-icon-precomposed.png HTTP/1.1" 404 168 "-" "Reeder/1.5.7 CFNetwork/609.1.4 Darwin/13.0.0"
82.6.63.188 - - [01/May/2013:05:57:33 +0000] "GET / HTTP/1.1" 200 726 "-" "Reeder/1.5.7 CFNetwork/609.1.4 Darwin/13.0.0"
82.6.63.188 - - [01/May/2013:05:57:33 +0000] "GET /favicon.ico HTTP/1.1" 404 168 "-" "Reeder/1.5.7 CFNetwork/609.1.4 Darwin/13.0.0"
82.6.63.188 - - [01/May/2013:05:57:33 +0000] "GET /apple-touch-icon.png HTTP/1.1" 404 168 "-" "Reeder/1.5.7 CFNetwork/609.1.4 Darwin/13.0.0"
82.6.63.188 - - [01/May/2013:05:57:33 +0000] "GET /apple-touch-icon-precomposed.png HTTP/1.1" 404 168 "-" "Reeder/1.5.7 CFNetwork/609.1.4 Darwin/13.0.0"
85.133.69.219 - - [01/May/2013:06:07:07 +0000] "GET /blog/?feed=comments-rss2 HTTP/1.1" 404 168 "-" "Flavors.me Feed Plugin"
82.6.63.188 - - [01/May/2013:06:31:49 +0000] "GET / HTTP/1.1" 200 726 "-" "Reeder/1.5.7 CFNetwork/609.1.4 Darwin/13.0.0"
82.6.63.188 - - [01/May/2013:06:31:49 +0000] "GET /favicon.ico HTTP/1.1" 404 168 "-" "Reeder/1.5.7 CFNetwork/609.1.4 Darwin/13.0.0"
82.6.63.188 - - [01/May/2013:06:31:49 +0000] "GET /apple-touch-icon.png HTTP/1.1" 404 168 "-" "Reeder/1.5.7 CFNetwork/609.1.4 Darwin/13.0.0"
82.6.63.188 - - [01/May/2013:06:31:49 +0000] "GET /apple-touch-icon-precomposed.png HTTP/1.1" 404 168 "-" "Reeder/1.5.7 CFNetwork/609.1.4 Darwin/13.0.0"
157.55.33.21 - - [01/May/2013:06:51:24 +0000] "GET /robots.txt HTTP/1.1" 404 168 "-" "Mozilla/5.0 (compatible; bingbot/2.0; +http://www.bing.com/bingbot.htm)"
85.133.69.238 - - [01/May/2013:06:53:35 +0000] "GET /blog/?feed=comments-rss2 HTTP/1.1" 404 168 "-" "Flavors.me Feed Plugin"
157.55.33.21 - - [01/May/2013:06:53:48 +0000] "GET / HTTP/1.1" 200 726 "-" "Mozilla/5.0 (compatible; bingbot/2.0; +http://www.bing.com/bingbot.htm)"
85.133.69.238 - - [01/May/2013:07:37:07 +0000] "GET /blog/?feed=comments-rss2 HTTP/1.1" 404 168 "-" "Flavors.me Feed Plugin"
157.55.33.21 - - [01/May/2013:07:51:16 +0000] "GET /robots.txt HTTP/1.1" 404 168 "-" "Mozilla/5.0 (compatible; bingbot/2.0; +http://www.bing.com/bingbot.htm)"
157.55.33.21 - - [01/May/2013:07:53:18 +0000] "GET / HTTP/1.1" 200 726 "-" "Mozilla/5.0 (compatible; bingbot/2.0; +http://www.bing.com/bingbot.htm)"
62.255.147.116 - - [01/May/2013:08:05:52 +0000] "GET / HTTP/1.1" 304 0 "-" "Mozilla/5.0 (Macintosh; Intel Mac OS X 10_7_5) AppleWebKit/537.36 (KHTML, like Gecko) Chrome/28.0.1494.4 Safari/537.36"
62.255.147.116 - - [01/May/2013:08:05:54 +0000] "GET /static/css/style.css HTTP/1.1" 304 0 "http://encima.co.uk/" "Mozilla/5.0 (Macintosh; Intel Mac OS X 10_7_5) AppleWebKit/537.36 (KHTML, like Gecko) Chrome/28.0.1494.4 Safari/537.36"
62.255.147.116 - - [01/May/2013:08:05:55 +0000] "GET /static/js/functions.js HTTP/1.1" 304 0 "http://encima.co.uk/" "Mozilla/5.0 (Macintosh; Intel Mac OS X 10_7_5) AppleWebKit/537.36 (KHTML, like Gecko) Chrome/28.0.1494.4 Safari/537.36"
62.255.147.116 - - [01/May/2013:08:05:57 +0000] "GET /favicon.ico HTTP/1.1" 404 570 "-" "Mozilla/5.0 (Macintosh; Intel Mac OS X 10_7_5) AppleWebKit/537.36 (KHTML, like Gecko) Chrome/28.0.1494.4 Safari/537.36"
85.133.69.235 - - [01/May/2013:08:30:11 +0000] "GET /blog/?feed=comments-rss2 HTTP/1.1" 404 168 "-" "Flavors.me Feed Plugin"
131.251.253.104 - - [01/May/2013:08:37:04 +0000] "GET / HTTP/1.1" 200 726 "-" "Reeder/1.5.7 CFNetwork/609.1.4 Darwin/13.0.0"
131.251.253.104 - - [01/May/2013:08:37:04 +0000] "GET /favicon.ico HTTP/1.1" 404 168 "-" "Reeder/1.5.7 CFNetwork/609.1.4 Darwin/13.0.0"
131.251.253.104 - - [01/May/2013:08:37:04 +0000] "GET /apple-touch-icon.png HTTP/1.1" 404 168 "-" "Reeder/1.5.7 CFNetwork/609.1.4 Darwin/13.0.0"
131.251.253.104 - - [01/May/2013:08:37:04 +0000] "GET /apple-touch-icon-precomposed.png HTTP/1.1" 404 168 "-" "Reeder/1.5.7 CFNetwork/609.1.4 Darwin/13.0.0"
85.133.69.215 - - [01/May/2013:09:06:51 +0000] "GET /blog/?feed=comments-rss2 HTTP/1.1" 404 168 "-" "Flavors.me Feed Plugin"
178.255.215.67 - - [01/May/2013:09:26:09 +0000] "GET / HTTP/1.1" 200 726 "-" "Mozilla/5.0 (compatible; Exabot/3.0; +http://www.exabot.com/go/robot)"
85.133.69.217 - - [01/May/2013:09:56:03 +0000] "GET /blog/?feed=comments-rss2 HTTP/1.1" 404 168 "-" "Flavors.me Feed Plugin"
85.133.69.235 - - [01/May/2013:10:41:42 +0000] "GET /blog/?feed=comments-rss2 HTTP/1.1" 404 168 "-" "Flavors.me Feed Plugin"
178.255.215.67 - - [01/May/2013:10:50:37 +0000] "GET /robots.txt HTTP/1.1" 404 168 "-" "Mozilla/5.0 (compatible; Exabot/3.0; +http://www.exabot.com/go/robot)"
178.255.215.67 - - [01/May/2013:10:50:37 +0000] "GET /blog/?p=45 HTTP/1.1" 404 168 "-" "Mozilla/5.0 (compatible; Exabot/3.0; +http://www.exabot.com/go/robot)"
85.133.69.219 - - [01/May/2013:11:31:10 +0000] "GET /blog/?feed=comments-rss2 HTTP/1.1" 404 168 "-" "Flavors.me Feed Plugin"
131.251.254.123 - - [01/May/2013:11:37:27 +0000] "GET / HTTP/1.1" 200 722 "-" "Mozilla/5.0 (Macintosh; Intel Mac OS X 10_8_3) AppleWebKit/537.36 (KHTML, like Gecko) Chrome/28.0.1494.0 Safari/537.36"
131.251.254.123 - - [01/May/2013:11:37:27 +0000] "GET /static/css/style.css HTTP/1.1" 304 0 "http://encima.co.uk/" "Mozilla/5.0 (Macintosh; Intel Mac OS X 10_8_3) AppleWebKit/537.36 (KHTML, like Gecko) Chrome/28.0.1494.0 Safari/537.36"
131.251.254.123 - - [01/May/2013:11:37:27 +0000] "GET /static/js/functions.js HTTP/1.1" 304 0 "http://encima.co.uk/" "Mozilla/5.0 (Macintosh; Intel Mac OS X 10_8_3) AppleWebKit/537.36 (KHTML, like Gecko) Chrome/28.0.1494.0 Safari/537.36"
131.251.254.123 - - [01/May/2013:11:37:28 +0000] "GET /static/media/me.png HTTP/1.1" 200 552501 "http://encima.co.uk/" "Mozilla/5.0 (Macintosh; Intel Mac OS X 10_8_3) AppleWebKit/537.36 (KHTML, like Gecko) Chrome/28.0.1494.0 Safari/537.36"
131.251.254.123 - - [01/May/2013:11:37:29 +0000] "GET /favicon.ico HTTP/1.1" 404 570 "-" "Mozilla/5.0 (Macintosh; Intel Mac OS X 10_8_3) AppleWebKit/537.36 (KHTML, like Gecko) Chrome/28.0.1494.0 Safari/537.36"
131.253.24.63 - - [01/May/2013:11:37:51 +0000] "GET /blog/?tag=jelly-bean HTTP/1.1" 404 570 "-" "Mozilla/4.0 (compatible; MSIE 7.0; Windows NT 5.1;  SV1;  .NET CLR 1.1.4325;  .NET CLR 2.0.40607;  .NET CLR 3.0.30729;  .NET CLR 3.5.30729;  MS-RTC LM 8)"
131.251.254.123 - - [01/May/2013:11:37:52 +0000] "GET / HTTP/1.1" 200 743 "-" "Mozilla/5.0 (Macintosh; Intel Mac OS X 10_8_3) AppleWebKit/537.36 (KHTML, like Gecko) Chrome/28.0.1494.0 Safari/537.36"
131.251.254.123 - - [01/May/2013:11:37:52 +0000] "GET /favicon.ico HTTP/1.1" 404 570 "-" "Mozilla/5.0 (Macintosh; Intel Mac OS X 10_8_3) AppleWebKit/537.36 (KHTML, like Gecko) Chrome/28.0.1494.0 Safari/537.36"
131.251.254.123 - - [01/May/2013:11:37:54 +0000] "GET / HTTP/1.1" 200 743 "-" "Mozilla/5.0 (Macintosh; Intel Mac OS X 10_8_3) AppleWebKit/537.36 (KHTML, like Gecko) Chrome/28.0.1494.0 Safari/537.36"
131.251.254.123 - - [01/May/2013:11:37:55 +0000] "GET /static/css/style.css HTTP/1.1" 304 0 "http://encima.co.uk/" "Mozilla/5.0 (Macintosh; Intel Mac OS X 10_8_3) AppleWebKit/537.36 (KHTML, like Gecko) Chrome/28.0.1494.0 Safari/537.36"
131.251.254.123 - - [01/May/2013:11:37:55 +0000] "GET /static/js/functions.js HTTP/1.1" 304 0 "http://encima.co.uk/" "Mozilla/5.0 (Macintosh; Intel Mac OS X 10_8_3) AppleWebKit/537.36 (KHTML, like Gecko) Chrome/28.0.1494.0 Safari/537.36"
131.251.254.123 - - [01/May/2013:11:37:55 +0000] "GET /static/media/me.png HTTP/1.1" 304 0 "http://encima.co.uk/" "Mozilla/5.0 (Macintosh; Intel Mac OS X 10_8_3) AppleWebKit/537.36 (KHTML, like Gecko) Chrome/28.0.1494.0 Safari/537.36"
131.251.254.123 - - [01/May/2013:11:37:55 +0000] "GET /favicon.ico HTTP/1.1" 404 570 "-" "Mozilla/5.0 (Macintosh; Intel Mac OS X 10_8_3) AppleWebKit/537.36 (KHTML, like Gecko) Chrome/28.0.1494.0 Safari/537.36"
85.133.69.217 - - [01/May/2013:12:11:00 +0000] "GET /blog/?feed=comments-rss2 HTTP/1.1" 404 168 "-" "Flavors.me Feed Plugin"
157.56.92.172 - - [01/May/2013:12:41:20 +0000] "GET /robots.txt HTTP/1.1" 404 168 "-" "Mozilla/5.0 (compatible; bingbot/2.0; +http://www.bing.com/bingbot.htm)"
157.56.92.172 - - [01/May/2013:12:43:46 +0000] "GET / HTTP/1.1" 200 743 "-" "Mozilla/5.0 (compatible; bingbot/2.0; +http://www.bing.com/bingbot.htm)"
178.255.215.67 - - [01/May/2013:14:00:11 +0000] "GET /blog/?paged=2 HTTP/1.1" 404 168 "-" "Mozilla/5.0 (compatible; Exabot/3.0; +http://www.exabot.com/go/robot)"
85.133.69.235 - - [01/May/2013:14:23:46 +0000] "GET /blog/?feed=comments-rss2 HTTP/1.1" 404 168 "-" "Flavors.me Feed Plugin"
131.251.254.123 - - [01/May/2013:14:32:33 +0000] "GET / HTTP/1.1" 200 743 "-" "Mozilla/5.0 (Macintosh; Intel Mac OS X 10_8_3) AppleWebKit/537.36 (KHTML, like Gecko) Chrome/28.0.1494.0 Safari/537.36"
131.251.254.123 - - [01/May/2013:14:32:33 +0000] "GET /static/css/style.css HTTP/1.1" 200 507 "http://encima.co.uk/" "Mozilla/5.0 (Macintosh; Intel Mac OS X 10_8_3) AppleWebKit/537.36 (KHTML, like Gecko) Chrome/28.0.1494.0 Safari/537.36"
131.251.254.123 - - [01/May/2013:14:32:33 +0000] "GET /static/js/functions.js HTTP/1.1" 200 370 "http://encima.co.uk/" "Mozilla/5.0 (Macintosh; Intel Mac OS X 10_8_3) AppleWebKit/537.36 (KHTML, like Gecko) Chrome/28.0.1494.0 Safari/537.36"
131.251.254.123 - - [01/May/2013:14:32:34 +0000] "GET /static/media/me.png HTTP/1.1" 200 276030 "http://encima.co.uk/" "Mozilla/5.0 (Macintosh; Intel Mac OS X 10_8_3) AppleWebKit/537.36 (KHTML, like Gecko) Chrome/28.0.1494.0 Safari/537.36"
131.251.254.123 - - [01/May/2013:14:32:34 +0000] "GET /favicon.ico HTTP/1.1" 404 570 "-" "Mozilla/5.0 (Macintosh; Intel Mac OS X 10_8_3) AppleWebKit/537.36 (KHTML, like Gecko) Chrome/28.0.1494.0 Safari/537.36"
131.251.254.123 - - [01/May/2013:14:33:02 +0000] "GET / HTTP/1.1" 200 723 "-" "Mozilla/5.0 (Macintosh; Intel Mac OS X 10_8_3) AppleWebKit/537.36 (KHTML, like Gecko) Chrome/28.0.1494.0 Safari/537.36"
131.251.254.123 - - [01/May/2013:14:33:02 +0000] "GET /static/css/style.css HTTP/1.1" 200 507 "http://encima.co.uk/" "Mozilla/5.0 (Macintosh; Intel Mac OS X 10_8_3) AppleWebKit/537.36 (KHTML, like Gecko) Chrome/28.0.1494.0 Safari/537.36"
131.251.254.123 - - [01/May/2013:14:33:02 +0000] "GET /static/js/functions.js HTTP/1.1" 200 370 "http://encima.co.uk/" "Mozilla/5.0 (Macintosh; Intel Mac OS X 10_8_3) AppleWebKit/537.36 (KHTML, like Gecko) Chrome/28.0.1494.0 Safari/537.36"
131.251.254.123 - - [01/May/2013:14:33:03 +0000] "GET /static/media/me.png HTTP/1.1" 200 276030 "http://encima.co.uk/" "Mozilla/5.0 (Macintosh; Intel Mac OS X 10_8_3) AppleWebKit/537.36 (KHTML, like Gecko) Chrome/28.0.1494.0 Safari/537.36"
131.251.254.123 - - [01/May/2013:14:33:03 +0000] "GET /favicon.ico HTTP/1.1" 404 570 "-" "Mozilla/5.0 (Macintosh; Intel Mac OS X 10_8_3) AppleWebKit/537.36 (KHTML, like Gecko) Chrome/28.0.1494.0 Safari/537.36"
131.251.254.123 - - [01/May/2013:14:33:24 +0000] "GET / HTTP/1.1" 200 733 "-" "Mozilla/5.0 (Macintosh; Intel Mac OS X 10_8_3) AppleWebKit/537.36 (KHTML, like Gecko) Chrome/28.0.1494.0 Safari/537.36"
131.251.254.123 - - [01/May/2013:14:33:24 +0000] "GET /static/css/style.css HTTP/1.1" 200 507 "http://encima.co.uk/" "Mozilla/5.0 (Macintosh; Intel Mac OS X 10_8_3) AppleWebKit/537.36 (KHTML, like Gecko) Chrome/28.0.1494.0 Safari/537.36"
131.251.254.123 - - [01/May/2013:14:33:24 +0000] "GET /static/js/functions.js HTTP/1.1" 200 370 "http://encima.co.uk/" "Mozilla/5.0 (Macintosh; Intel Mac OS X 10_8_3) AppleWebKit/537.36 (KHTML, like Gecko) Chrome/28.0.1494.0 Safari/537.36"
131.251.254.123 - - [01/May/2013:14:33:25 +0000] "GET /static/media/me.png HTTP/1.1" 200 276030 "http://encima.co.uk/" "Mozilla/5.0 (Macintosh; Intel Mac OS X 10_8_3) AppleWebKit/537.36 (KHTML, like Gecko) Chrome/28.0.1494.0 Safari/537.36"
131.251.254.123 - - [01/May/2013:14:33:25 +0000] "GET /favicon.ico HTTP/1.1" 404 570 "-" "Mozilla/5.0 (Macintosh; Intel Mac OS X 10_8_3) AppleWebKit/537.36 (KHTML, like Gecko) Chrome/28.0.1494.0 Safari/537.36"
94.143.253.126 - - [01/May/2013:14:38:08 +0000] "GET / HTTP/1.1" 200 733 "-" "Mozilla/5.0 (Macintosh; Intel Mac OS X 10.8; rv:23.0) Gecko/20130418 Firefox/23.0"
94.143.253.126 - - [01/May/2013:14:38:08 +0000] "GET /static/css/style.css HTTP/1.1" 200 507 "http://encima.co.uk/" "Mozilla/5.0 (Macintosh; Intel Mac OS X 10.8; rv:23.0) Gecko/20130418 Firefox/23.0"
94.143.253.126 - - [01/May/2013:14:38:08 +0000] "GET /static/js/functions.js HTTP/1.1" 200 370 "http://encima.co.uk/" "Mozilla/5.0 (Macintosh; Intel Mac OS X 10.8; rv:23.0) Gecko/20130418 Firefox/23.0"
94.143.253.126 - - [01/May/2013:14:38:09 +0000] "GET /static/media/me.png HTTP/1.1" 200 276030 "http://encima.co.uk/" "Mozilla/5.0 (Macintosh; Intel Mac OS X 10.8; rv:23.0) Gecko/20130418 Firefox/23.0"
94.143.253.126 - - [01/May/2013:14:38:09 +0000] "GET /favicon.ico HTTP/1.1" 404 168 "-" "Mozilla/5.0 (Macintosh; Intel Mac OS X 10.8; rv:23.0) Gecko/20130418 Firefox/23.0"
94.143.253.126 - - [01/May/2013:14:38:09 +0000] "GET /favicon.ico HTTP/1.1" 404 168 "-" "Mozilla/5.0 (Macintosh; Intel Mac OS X 10.8; rv:23.0) Gecko/20130418 Firefox/23.0"
131.251.254.123 - - [01/May/2013:14:56:46 +0000] "GET / HTTP/1.1" 304 0 "-" "Mozilla/5.0 (Macintosh; Intel Mac OS X 10_8_3) AppleWebKit/537.36 (KHTML, like Gecko) Chrome/28.0.1494.4 Safari/537.36"
131.251.254.123 - - [01/May/2013:14:56:47 +0000] "GET /static/media/me.png HTTP/1.1" 304 0 "http://encima.co.uk/" "Mozilla/5.0 (Macintosh; Intel Mac OS X 10_8_3) AppleWebKit/537.36 (KHTML, like Gecko) Chrome/28.0.1494.4 Safari/537.36"
131.251.254.123 - - [01/May/2013:14:56:48 +0000] "GET /favicon.ico HTTP/1.1" 404 570 "-" "Mozilla/5.0 (Macintosh; Intel Mac OS X 10_8_3) AppleWebKit/537.36 (KHTML, like Gecko) Chrome/28.0.1494.4 Safari/537.36"
85.133.69.235 - - [01/May/2013:15:18:01 +0000] "GET /blog/?feed=comments-rss2 HTTP/1.1" 404 168 "-" "Flavors.me Feed Plugin"
85.133.69.215 - - [01/May/2013:15:52:16 +0000] "GET /blog/?feed=comments-rss2 HTTP/1.1" 404 168 "-" "Flavors.me Feed Plugin"
62.255.147.116 - - [01/May/2013:16:26:14 +0000] "GET / HTTP/1.1" 200 733 "-" "Mozilla/5.0 (Macintosh; Intel Mac OS X 10_7_5) AppleWebKit/537.36 (KHTML, like Gecko) Chrome/28.0.1494.4 Safari/537.36"
62.255.147.116 - - [01/May/2013:16:26:14 +0000] "GET /static/css/style.css HTTP/1.1" 304 0 "http://encima.co.uk/" "Mozilla/5.0 (Macintosh; Intel Mac OS X 10_7_5) AppleWebKit/537.36 (KHTML, like Gecko) Chrome/28.0.1494.4 Safari/537.36"
62.255.147.116 - - [01/May/2013:16:26:14 +0000] "GET /static/js/functions.js HTTP/1.1" 304 0 "http://encima.co.uk/" "Mozilla/5.0 (Macintosh; Intel Mac OS X 10_7_5) AppleWebKit/537.36 (KHTML, like Gecko) Chrome/28.0.1494.4 Safari/537.36"
62.255.147.116 - - [01/May/2013:16:26:15 +0000] "GET /static/media/me.png HTTP/1.1" 200 276030 "http://encima.co.uk/" "Mozilla/5.0 (Macintosh; Intel Mac OS X 10_7_5) AppleWebKit/537.36 (KHTML, like Gecko) Chrome/28.0.1494.4 Safari/537.36"
62.255.147.116 - - [01/May/2013:16:26:15 +0000] "GET /favicon.ico HTTP/1.1" 404 570 "-" "Mozilla/5.0 (Macintosh; Intel Mac OS X 10_7_5) AppleWebKit/537.36 (KHTML, like Gecko) Chrome/28.0.1494.4 Safari/537.36"
109.109.254.138 - - [01/May/2013:16:35:18 +0000] "GET /blog/?feed=rss2 HTTP/1.1" 404 168 "-" "SocialSearcher/0.1  Mozilla/5.0"
85.133.69.235 - - [01/May/2013:16:39:05 +0000] "GET /blog/?feed=comments-rss2 HTTP/1.1" 404 168 "-" "Flavors.me Feed Plugin"
85.133.69.217 - - [01/May/2013:17:24:33 +0000] "GET /blog/?feed=comments-rss2 HTTP/1.1" 404 168 "-" "Flavors.me Feed Plugin"
85.133.69.219 - - [01/May/2013:18:09:14 +0000] "GET /blog/?feed=comments-rss2 HTTP/1.1" 404 168 "-" "Flavors.me Feed Plugin"
208.115.113.86 - - [01/May/2013:18:25:26 +0000] "GET /robots.txt HTTP/1.1" 404 168 "-" "Mozilla/5.0 (compatible; Ezooms/1.0; ezooms.bot@gmail.com)"
85.133.69.217 - - [01/May/2013:18:57:29 +0000] "GET /blog/?feed=comments-rss2 HTTP/1.1" 404 168 "-" "Flavors.me Feed Plugin"
157.55.33.21 - - [01/May/2013:18:59:54 +0000] "GET /robots.txt HTTP/1.1" 404 168 "-" "Mozilla/5.0 (compatible; bingbot/2.0; +http://www.bing.com/bingbot.htm)"
157.55.33.21 - - [01/May/2013:19:01:09 +0000] "GET / HTTP/1.1" 200 733 "-" "Mozilla/5.0 (compatible; bingbot/2.0; +http://www.bing.com/bingbot.htm)"
82.6.63.188 - - [01/May/2013:19:10:21 +0000] "GET / HTTP/1.1" 200 733 "-" "Reeder/1.5.7 CFNetwork/609.1.4 Darwin/13.0.0"
82.6.63.188 - - [01/May/2013:19:10:21 +0000] "GET /favicon.ico HTTP/1.1" 404 168 "-" "Reeder/1.5.7 CFNetwork/609.1.4 Darwin/13.0.0"
82.6.63.188 - - [01/May/2013:19:10:21 +0000] "GET /apple-touch-icon.png HTTP/1.1" 404 168 "-" "Reeder/1.5.7 CFNetwork/609.1.4 Darwin/13.0.0"
82.6.63.188 - - [01/May/2013:19:10:21 +0000] "GET /apple-touch-icon-precomposed.png HTTP/1.1" 404 168 "-" "Reeder/1.5.7 CFNetwork/609.1.4 Darwin/13.0.0"
82.6.63.188 - - [01/May/2013:19:19:09 +0000] "GET / HTTP/1.1" 200 733 "-" "Reeder/1.5.7 CFNetwork/609.1.4 Darwin/13.0.0"
82.6.63.188 - - [01/May/2013:19:19:10 +0000] "GET /favicon.ico HTTP/1.1" 404 168 "-" "Reeder/1.5.7 CFNetwork/609.1.4 Darwin/13.0.0"
82.6.63.188 - - [01/May/2013:19:19:10 +0000] "GET /apple-touch-icon.png HTTP/1.1" 404 168 "-" "Reeder/1.5.7 CFNetwork/609.1.4 Darwin/13.0.0"
82.6.63.188 - - [01/May/2013:19:19:10 +0000] "GET /apple-touch-icon-precomposed.png HTTP/1.1" 404 168 "-" "Reeder/1.5.7 CFNetwork/609.1.4 Darwin/13.0.0"
85.133.69.238 - - [01/May/2013:19:39:41 +0000] "GET /blog/?feed=comments-rss2 HTTP/1.1" 404 168 "-" "Flavors.me Feed Plugin"
208.115.113.86 - - [01/May/2013:19:51:20 +0000] "GET /blog/ HTTP/1.1" 404 168 "-" "Mozilla/5.0 (compatible; Ezooms/1.0; ezooms.bot@gmail.com)"
208.115.111.70 - - [01/May/2013:20:25:40 +0000] "GET /robots.txt HTTP/1.1" 404 168 "-" "Mozilla/5.0 (compatible; Ezooms/1.0; ezooms.bot@gmail.com)"
85.133.69.238 - - [01/May/2013:20:30:57 +0000] "GET /blog/?feed=comments-rss2 HTTP/1.1" 404 168 "-" "Flavors.me Feed Plugin"
94.102.150.50 - - [01/May/2013:20:43:52 +0000] "GET /blog/?feed=rss2 HTTP/1.1" 404 168 "-" "SocialSearcher/0.1  Mozilla/5.0"
85.133.69.215 - - [01/May/2013:21:08:15 +0000] "GET /blog/?feed=comments-rss2 HTTP/1.1" 404 168 "-" "Flavors.me Feed Plugin"
208.115.111.70 - - [01/May/2013:21:47:29 +0000] "GET /blog/?feed=rss2&p=34 HTTP/1.1" 404 168 "-" "Mozilla/5.0 (compatible; Ezooms/1.0; ezooms.bot@gmail.com)"
82.6.63.188 - - [01/May/2013:21:50:30 +0000] "GET / HTTP/1.1" 200 733 "-" "Reeder/1.5.7 CFNetwork/609.1.4 Darwin/13.0.0"
82.6.63.188 - - [01/May/2013:21:50:30 +0000] "GET /favicon.ico HTTP/1.1" 404 168 "-" "Reeder/1.5.7 CFNetwork/609.1.4 Darwin/13.0.0"
82.6.63.188 - - [01/May/2013:21:50:30 +0000] "GET /apple-touch-icon.png HTTP/1.1" 404 168 "-" "Reeder/1.5.7 CFNetwork/609.1.4 Darwin/13.0.0"
82.6.63.188 - - [01/May/2013:21:50:30 +0000] "GET /apple-touch-icon-precomposed.png HTTP/1.1" 404 168 "-" "Reeder/1.5.7 CFNetwork/609.1.4 Darwin/13.0.0"
82.6.63.188 - - [01/May/2013:21:54:56 +0000] "GET / HTTP/1.1" 200 733 "-" "Reeder/1.5.7 CFNetwork/609.1.4 Darwin/13.0.0"
82.6.63.188 - - [01/May/2013:21:54:56 +0000] "GET /favicon.ico HTTP/1.1" 404 168 "-" "Reeder/1.5.7 CFNetwork/609.1.4 Darwin/13.0.0"
82.6.63.188 - - [01/May/2013:21:54:56 +0000] "GET /apple-touch-icon.png HTTP/1.1" 404 168 "-" "Reeder/1.5.7 CFNetwork/609.1.4 Darwin/13.0.0"
82.6.63.188 - - [01/May/2013:21:54:56 +0000] "GET /apple-touch-icon-precomposed.png HTTP/1.1" 404 168 "-" "Reeder/1.5.7 CFNetwork/609.1.4 Darwin/13.0.0"
85.133.69.215 - - [01/May/2013:21:57:07 +0000] "GET /blog/?feed=comments-rss2 HTTP/1.1" 404 168 "-" "Flavors.me Feed Plugin"
85.133.69.217 - - [01/May/2013:22:52:10 +0000] "GET /blog/?feed=comments-rss2 HTTP/1.1" 404 168 "-" "Flavors.me Feed Plugin"
85.133.69.217 - - [01/May/2013:23:26:38 +0000] "GET /blog/?feed=comments-rss2 HTTP/1.1" 404 168 "-" "Flavors.me Feed Plugin"
85.133.69.219 - - [02/May/2013:00:08:45 +0000] "GET /blog/?feed=comments-rss2 HTTP/1.1" 404 168 "-" "Flavors.me Feed Plugin"
66.249.75.218 - - [02/May/2013:00:45:51 +0000] "GET /robots.txt HTTP/1.1" 404 168 "-" "Mozilla/5.0 (compatible; Googlebot/2.1; +http://www.google.com/bot.html)"
66.249.75.218 - - [02/May/2013:00:45:51 +0000] "GET /blog/?tag=raspberrypi HTTP/1.1" 404 168 "-" "Mozilla/5.0 (iPhone; U; CPU iPhone OS 4_1 like Mac OS X; en-us) AppleWebKit/532.9 (KHTML, like Gecko) Version/4.0.5 Mobile/8B117 Safari/6531.22.7 (compatible; Googlebot-Mobile/2.1; +http://www.google.com/bot.html)"
157.56.93.196 - - [02/May/2013:00:50:10 +0000] "GET /robots.txt HTTP/1.1" 404 168 "-" "Mozilla/5.0 (compatible; bingbot/2.0; +http://www.bing.com/bingbot.htm)"
157.56.93.196 - - [02/May/2013:00:52:10 +0000] "GET / HTTP/1.1" 200 733 "-" "Mozilla/5.0 (compatible; bingbot/2.0; +http://www.bing.com/bingbot.htm)"
85.133.69.238 - - [02/May/2013:01:39:22 +0000] "GET /blog/?feed=comments-rss2 HTTP/1.1" 404 168 "-" "Flavors.me Feed Plugin"
208.115.113.86 - - [02/May/2013:02:21:41 +0000] "GET /robots.txt HTTP/1.1" 404 168 "-" "Mozilla/5.0 (compatible; Ezooms/1.0; ezooms.bot@gmail.com)"
85.133.69.238 - - [02/May/2013:02:26:15 +0000] "GET /blog/?feed=comments-rss2 HTTP/1.1" 404 168 "-" "Flavors.me Feed Plugin"
85.133.69.215 - - [02/May/2013:03:10:23 +0000] "GET /blog/?feed=comments-rss2 HTTP/1.1" 404 168 "-" "Flavors.me Feed Plugin"
208.115.113.86 - - [02/May/2013:03:37:39 +0000] "GET /blog/?tag=raspberrypi HTTP/1.1" 404 168 "-" "Mozilla/5.0 (compatible; Ezooms/1.0; ezooms.bot@gmail.com)"
66.249.75.40 - - [02/May/2013:03:54:57 +0000] "GET /robots.txt HTTP/1.1" 404 168 "-" "Mozilla/5.0 (compatible; Googlebot/2.1; +http://www.google.com/bot.html)"
66.249.75.40 - - [02/May/2013:03:54:57 +0000] "GET / HTTP/1.1" 200 733 "-" "Mozilla/5.0 (compatible; Googlebot/2.1; +http://www.google.com/bot.html)"
85.133.69.235 - - [02/May/2013:03:56:14 +0000] "GET /blog/?feed=comments-rss2 HTTP/1.1" 404 168 "-" "Flavors.me Feed Plugin"
66.249.75.218 - - [02/May/2013:04:15:05 +0000] "GET / HTTP/1.1" 200 733 "-" "Mozilla/5.0 (compatible; Googlebot/2.1; +http://www.google.com/bot.html)"
85.133.69.215 - - [02/May/2013:04:37:05 +0000] "GET /blog/?feed=comments-rss2 HTTP/1.1" 404 168 "-" "Flavors.me Feed Plugin"
85.133.69.215 - - [02/May/2013:05:24:41 +0000] "GET /blog/?feed=comments-rss2 HTTP/1.1" 404 168 "-" "Flavors.me Feed Plugin"
82.6.63.188 - - [02/May/2013:05:49:47 +0000] "GET / HTTP/1.1" 200 733 "-" "Reeder/1.5.7 CFNetwork/609.1.4 Darwin/13.0.0"
82.6.63.188 - - [02/May/2013:05:49:47 +0000] "GET /favicon.ico HTTP/1.1" 404 168 "-" "Reeder/1.5.7 CFNetwork/609.1.4 Darwin/13.0.0"
82.6.63.188 - - [02/May/2013:05:49:47 +0000] "GET /apple-touch-icon.png HTTP/1.1" 404 168 "-" "Reeder/1.5.7 CFNetwork/609.1.4 Darwin/13.0.0"
82.6.63.188 - - [02/May/2013:05:49:47 +0000] "GET /apple-touch-icon-precomposed.png HTTP/1.1" 404 168 "-" "Reeder/1.5.7 CFNetwork/609.1.4 Darwin/13.0.0"
82.6.63.188 - - [02/May/2013:06:07:18 +0000] "GET / HTTP/1.1" 200 733 "-" "Reeder/1.5.7 CFNetwork/609.1.4 Darwin/13.0.0"
82.6.63.188 - - [02/May/2013:06:07:18 +0000] "GET /favicon.ico HTTP/1.1" 404 168 "-" "Reeder/1.5.7 CFNetwork/609.1.4 Darwin/13.0.0"
82.6.63.188 - - [02/May/2013:06:07:18 +0000] "GET /apple-touch-icon.png HTTP/1.1" 404 168 "-" "Reeder/1.5.7 CFNetwork/609.1.4 Darwin/13.0.0"
82.6.63.188 - - [02/May/2013:06:07:18 +0000] "GET /apple-touch-icon-precomposed.png HTTP/1.1" 404 168 "-" "Reeder/1.5.7 CFNetwork/609.1.4 Darwin/13.0.0"
85.133.69.235 - - [02/May/2013:06:07:44 +0000] "GET /blog/?feed=comments-rss2 HTTP/1.1" 404 168 "-" "Flavors.me Feed Plugin"
82.6.63.188 - - [02/May/2013:06:11:23 +0000] "GET / HTTP/1.1" 200 733 "-" "Reeder/1.5.7 CFNetwork/609.1.4 Darwin/13.0.0"
82.6.63.188 - - [02/May/2013:06:11:23 +0000] "GET /favicon.ico HTTP/1.1" 404 168 "-" "Reeder/1.5.7 CFNetwork/609.1.4 Darwin/13.0.0"
82.6.63.188 - - [02/May/2013:06:11:23 +0000] "GET /apple-touch-icon.png HTTP/1.1" 404 168 "-" "Reeder/1.5.7 CFNetwork/609.1.4 Darwin/13.0.0"
82.6.63.188 - - [02/May/2013:06:11:23 +0000] "GET /apple-touch-icon-precomposed.png HTTP/1.1" 404 168 "-" "Reeder/1.5.7 CFNetwork/609.1.4 Darwin/13.0.0"
65.55.52.113 - - [02/May/2013:06:12:41 +0000] "GET /robots.txt HTTP/1.1" 404 168 "-" "Mozilla/5.0 (compatible; bingbot/2.0; +http://www.bing.com/bingbot.htm)"
208.115.113.86 - - [02/May/2013:06:20:57 +0000] "GET /robots.txt HTTP/1.1" 404 168 "-" "Mozilla/5.0 (compatible; Ezooms/1.0; ezooms.bot@gmail.com)"
109.109.254.138 - - [02/May/2013:06:26:02 +0000] "GET /blog/?feed=rss2 HTTP/1.1" 404 168 "-" "SocialSearcher/0.1  Mozilla/5.0"
65.55.52.113 - - [02/May/2013:06:28:11 +0000] "GET /blog/?tag=jelly-bean HTTP/1.1" 404 168 "-" "Mozilla/5.0 (compatible; bingbot/2.0; +http://www.bing.com/bingbot.htm)"
82.6.63.188 - - [02/May/2013:06:31:46 +0000] "GET / HTTP/1.1" 200 733 "-" "Reeder/1.5.7 CFNetwork/609.1.4 Darwin/13.0.0"
82.6.63.188 - - [02/May/2013:06:31:46 +0000] "GET /favicon.ico HTTP/1.1" 404 168 "-" "Reeder/1.5.7 CFNetwork/609.1.4 Darwin/13.0.0"
82.6.63.188 - - [02/May/2013:06:31:46 +0000] "GET /apple-touch-icon.png HTTP/1.1" 404 168 "-" "Reeder/1.5.7 CFNetwork/609.1.4 Darwin/13.0.0"
82.6.63.188 - - [02/May/2013:06:31:46 +0000] "GET /apple-touch-icon-precomposed.png HTTP/1.1" 404 168 "-" "Reeder/1.5.7 CFNetwork/609.1.4 Darwin/13.0.0"
85.133.69.217 - - [02/May/2013:06:52:24 +0000] "GET /blog/?feed=comments-rss2 HTTP/1.1" 404 168 "-" "Flavors.me Feed Plugin"
157.55.33.21 - - [02/May/2013:07:00:09 +0000] "GET / HTTP/1.1" 200 733 "-" "Mozilla/5.0 (compatible; bingbot/2.0; +http://www.bing.com/bingbot.htm)"
85.133.69.215 - - [02/May/2013:07:39:39 +0000] "GET /blog/?feed=comments-rss2 HTTP/1.1" 404 168 "-" "Flavors.me Feed Plugin"
208.115.113.86 - - [02/May/2013:07:55:34 +0000] "GET /blog/?tag=jelly-bean HTTP/1.1" 404 168 "-" "Mozilla/5.0 (compatible; Ezooms/1.0; ezooms.bot@gmail.com)"
131.251.254.230 - - [02/May/2013:08:12:29 +0000] "GET / HTTP/1.1" 200 733 "-" "Mozilla/5.0 (Macintosh; Intel Mac OS X 10_8_2) AppleWebKit/537.31 (KHTML, like Gecko) Chrome/26.0.1410.65 Safari/537.31"
131.251.254.230 - - [02/May/2013:08:12:29 +0000] "GET /static/css/style.css HTTP/1.1" 200 507 "http://christopher-gwilliams.com/" "Mozilla/5.0 (Macintosh; Intel Mac OS X 10_8_2) AppleWebKit/537.31 (KHTML, like Gecko) Chrome/26.0.1410.65 Safari/537.31"
131.251.254.230 - - [02/May/2013:08:12:29 +0000] "GET /static/js/functions.js HTTP/1.1" 200 370 "http://christopher-gwilliams.com/" "Mozilla/5.0 (Macintosh; Intel Mac OS X 10_8_2) AppleWebKit/537.31 (KHTML, like Gecko) Chrome/26.0.1410.65 Safari/537.31"
131.251.254.230 - - [02/May/2013:08:12:30 +0000] "GET /static/media/me.png HTTP/1.1" 200 276030 "http://christopher-gwilliams.com/" "Mozilla/5.0 (Macintosh; Intel Mac OS X 10_8_2) AppleWebKit/537.31 (KHTML, like Gecko) Chrome/26.0.1410.65 Safari/537.31"
131.251.254.230 - - [02/May/2013:08:12:30 +0000] "GET /favicon.ico HTTP/1.1" 404 570 "-" "Mozilla/5.0 (Macintosh; Intel Mac OS X 10_8_2) AppleWebKit/537.31 (KHTML, like Gecko) Chrome/26.0.1410.65 Safari/537.31"
85.133.69.235 - - [02/May/2013:08:25:07 +0000] "GET /blog/?feed=comments-rss2 HTTP/1.1" 404 168 "-" "Flavors.me Feed Plugin"
85.133.69.238 - - [02/May/2013:09:12:44 +0000] "GET /blog/?feed=comments-rss2 HTTP/1.1" 404 168 "-" "Flavors.me Feed Plugin"
195.3.146.94 - - [02/May/2013:09:19:11 +0000] "HEAD /wp-admin/ HTTP/1.0" 404 0 "-" "Mozilla/5.0 (Windows NT 6.1; WOW64) AppleWebKit/535.19 (KHTML, like Gecko) Chrome/18.0.1025.162 Safari/535.19"
195.3.146.94 - - [02/May/2013:09:19:12 +0000] "GET /administrator/index.php HTTP/1.0" 404 570 "http://davidandkristinswedding.com/?q=admin&destination=admin" "Mozilla/5.0 (Windows NT 6.1; WOW64) AppleWebKit/535.19 (KHTML, like Gecko) Chrome/18.0.1025.162 Safari/535.19"
85.133.69.235 - - [02/May/2013:09:57:59 +0000] "GET /blog/?feed=comments-rss2 HTTP/1.1" 404 168 "-" "Flavors.me Feed Plugin"
208.115.113.86 - - [02/May/2013:10:19:30 +0000] "GET /robots.txt HTTP/1.1" 404 168 "-" "Mozilla/5.0 (compatible; Ezooms/1.0; ezooms.bot@gmail.com)"
85.133.69.219 - - [02/May/2013:10:41:59 +0000] "GET /blog/?feed=comments-rss2 HTTP/1.1" 404 168 "-" "Flavors.me Feed Plugin"
131.251.253.15 - - [02/May/2013:10:43:47 +0000] "GET / HTTP/1.1" 200 733 "-" "Reeder/1020.09.00 CFNetwork/596.3.3 Darwin/12.3.0 (x86_64) (MacBookPro10%2C1)"
131.251.253.15 - - [02/May/2013:10:43:47 +0000] "GET /favicon.ico HTTP/1.1" 404 168 "-" "Reeder/1020.09.00 CFNetwork/596.3.3 Darwin/12.3.0 (x86_64) (MacBookPro10%2C1)"
131.251.253.15 - - [02/May/2013:10:43:47 +0000] "GET / HTTP/1.1" 200 733 "-" "Reeder/1020.09.00 CFNetwork/596.3.3 Darwin/12.3.0 (x86_64) (MacBookPro10%2C1)"
131.251.253.15 - - [02/May/2013:10:43:47 +0000] "GET /apple-touch-icon.png HTTP/1.1" 404 168 "-" "Reeder/1020.09.00 CFNetwork/596.3.3 Darwin/12.3.0 (x86_64) (MacBookPro10%2C1)"
131.251.253.15 - - [02/May/2013:10:43:47 +0000] "GET /apple-touch-icon-precomposed.png HTTP/1.1" 404 168 "-" "Reeder/1020.09.00 CFNetwork/596.3.3 Darwin/12.3.0 (x86_64) (MacBookPro10%2C1)"
85.133.69.219 - - [02/May/2013:11:27:19 +0000] "GET /blog/?feed=comments-rss2 HTTP/1.1" 404 168 "-" "Flavors.me Feed Plugin"
208.115.113.86 - - [02/May/2013:11:52:28 +0000] "GET /blog/?tag=arch HTTP/1.1" 404 168 "-" "Mozilla/5.0 (compatible; Ezooms/1.0; ezooms.bot@gmail.com)"
173.199.115.11 - - [02/May/2013:11:55:04 +0000] "GET /robots.txt HTTP/1.1" 404 168 "-" "Mozilla/5.0 (compatible; AhrefsBot/4.0; +http://ahrefs.com/robot/)"
85.133.69.238 - - [02/May/2013:12:10:55 +0000] "GET /blog/?feed=comments-rss2 HTTP/1.1" 404 168 "-" "Flavors.me Feed Plugin"
157.56.93.196 - - [02/May/2013:12:45:01 +0000] "GET /robots.txt HTTP/1.1" 404 168 "-" "Mozilla/5.0 (compatible; bingbot/2.0; +http://www.bing.com/bingbot.htm)"
157.56.93.196 - - [02/May/2013:12:47:19 +0000] "GET / HTTP/1.1" 200 733 "-" "Mozilla/5.0 (compatible; bingbot/2.0; +http://www.bing.com/bingbot.htm)"
85.133.69.238 - - [02/May/2013:12:55:48 +0000] "GET /blog/?feed=comments-rss2 HTTP/1.1" 404 168 "-" "Flavors.me Feed Plugin"
131.251.254.230 - - [02/May/2013:13:19:23 +0000] "GET / HTTP/1.1" 304 0 "http://www.flyingsparx.net/" "Mozilla/5.0 (Macintosh; Intel Mac OS X 10_8_2) AppleWebKit/537.31 (KHTML, like Gecko) Chrome/26.0.1410.65 Safari/537.31"
